<?xml version="1.0" encoding="UTF-8"?>
<testsuites name="jest tests" tests="195" failures="108" errors="0" time="3.777">
  <testsuite name="src\__tests__\module-4\services.test.js" errors="0" failures="12" skipped="0" timestamp="2025-05-21T23:21:57" time="0.985" tests="12">
    <testcase classname="services › getCourses-should return the courses when the response is successful (call fetch with path - &quot;http://localhost:4000/courses/all&quot; method - &quot;GET&quot;, headers - &quot;Content-Type&quot;: &quot;application/json&quot;)" name="services › getCourses-should return the courses when the response is successful (call fetch with path - &quot;http://localhost:4000/courses/all&quot; method - &quot;GET&quot;, headers - &quot;Content-Type&quot;: &quot;application/json&quot;)" time="0.002">
      <failure>TypeError: (0 , _services.getCourses) is not a function
    at Object.&lt;anonymous&gt; (C:\Users\Zhenechka\react-fundamentals-app\src\__tests__\module-4\services.test.js:30:39)
    at Promise.then.completed (C:\Users\Zhenechka\react-fundamentals-app\node_modules\jest-circus\build\utils.js:391:28)
    at new Promise (&lt;anonymous&gt;)
    at callAsyncCircusFn (C:\Users\Zhenechka\react-fundamentals-app\node_modules\jest-circus\build\utils.js:316:10)
    at _callCircusTest (C:\Users\Zhenechka\react-fundamentals-app\node_modules\jest-circus\build\run.js:218:40)
    at processTicksAndRejections (node:internal/process/task_queues:105:5)
    at _runTest (C:\Users\Zhenechka\react-fundamentals-app\node_modules\jest-circus\build\run.js:155:3)
    at _runTestsForDescribeBlock (C:\Users\Zhenechka\react-fundamentals-app\node_modules\jest-circus\build\run.js:66:9)
    at _runTestsForDescribeBlock (C:\Users\Zhenechka\react-fundamentals-app\node_modules\jest-circus\build\run.js:60:9)
    at _runTestsForDescribeBlock (C:\Users\Zhenechka\react-fundamentals-app\node_modules\jest-circus\build\run.js:60:9)
    at run (C:\Users\Zhenechka\react-fundamentals-app\node_modules\jest-circus\build\run.js:25:3)
    at runAndTransformResultsToJestFormat (C:\Users\Zhenechka\react-fundamentals-app\node_modules\jest-circus\build\legacy-code-todo-rewrite\jestAdapterInit.js:170:21)
    at jestAdapter (C:\Users\Zhenechka\react-fundamentals-app\node_modules\jest-circus\build\legacy-code-todo-rewrite\jestAdapter.js:82:19)
    at runTestInternal (C:\Users\Zhenechka\react-fundamentals-app\node_modules\jest-runner\build\runTest.js:389:16)
    at runTest (C:\Users\Zhenechka\react-fundamentals-app\node_modules\jest-runner\build\runTest.js:475:34)
    at Object.worker (C:\Users\Zhenechka\react-fundamentals-app\node_modules\jest-runner\build\testWorker.js:133:12)</failure>
    </testcase>
    <testcase classname="services › getCourses-should throw an error when the response is not successful (response.ok = false)" name="services › getCourses-should throw an error when the response is not successful (response.ok = false)" time="0.001">
      <failure>TypeError: (0 , _services.getCourses) is not a function
    at Object.&lt;anonymous&gt; (C:\Users\Zhenechka\react-fundamentals-app\src\__tests__\module-4\services.test.js:48:30)
    at Promise.then.completed (C:\Users\Zhenechka\react-fundamentals-app\node_modules\jest-circus\build\utils.js:391:28)
    at new Promise (&lt;anonymous&gt;)
    at callAsyncCircusFn (C:\Users\Zhenechka\react-fundamentals-app\node_modules\jest-circus\build\utils.js:316:10)
    at _callCircusTest (C:\Users\Zhenechka\react-fundamentals-app\node_modules\jest-circus\build\run.js:218:40)
    at processTicksAndRejections (node:internal/process/task_queues:105:5)
    at _runTest (C:\Users\Zhenechka\react-fundamentals-app\node_modules\jest-circus\build\run.js:155:3)
    at _runTestsForDescribeBlock (C:\Users\Zhenechka\react-fundamentals-app\node_modules\jest-circus\build\run.js:66:9)
    at _runTestsForDescribeBlock (C:\Users\Zhenechka\react-fundamentals-app\node_modules\jest-circus\build\run.js:60:9)
    at _runTestsForDescribeBlock (C:\Users\Zhenechka\react-fundamentals-app\node_modules\jest-circus\build\run.js:60:9)
    at run (C:\Users\Zhenechka\react-fundamentals-app\node_modules\jest-circus\build\run.js:25:3)
    at runAndTransformResultsToJestFormat (C:\Users\Zhenechka\react-fundamentals-app\node_modules\jest-circus\build\legacy-code-todo-rewrite\jestAdapterInit.js:170:21)
    at jestAdapter (C:\Users\Zhenechka\react-fundamentals-app\node_modules\jest-circus\build\legacy-code-todo-rewrite\jestAdapter.js:82:19)
    at runTestInternal (C:\Users\Zhenechka\react-fundamentals-app\node_modules\jest-runner\build\runTest.js:389:16)
    at runTest (C:\Users\Zhenechka\react-fundamentals-app\node_modules\jest-runner\build\runTest.js:475:34)
    at Object.worker (C:\Users\Zhenechka\react-fundamentals-app\node_modules\jest-runner\build\testWorker.js:133:12)</failure>
    </testcase>
    <testcase classname="services › getAuthors-should return the authors when the response is successful (call fetch with path - &quot;http://localhost:4000/authors/all&quot; method - &quot;GET&quot;, headers - &quot;Content-Type&quot;: &quot;application/json&quot;)" name="services › getAuthors-should return the authors when the response is successful (call fetch with path - &quot;http://localhost:4000/authors/all&quot; method - &quot;GET&quot;, headers - &quot;Content-Type&quot;: &quot;application/json&quot;)" time="0.001">
      <failure>TypeError: (0 , _services.getAuthors) is not a function
    at Object.&lt;anonymous&gt; (C:\Users\Zhenechka\react-fundamentals-app\src\__tests__\module-4\services.test.js:70:39)
    at Promise.then.completed (C:\Users\Zhenechka\react-fundamentals-app\node_modules\jest-circus\build\utils.js:391:28)
    at new Promise (&lt;anonymous&gt;)
    at callAsyncCircusFn (C:\Users\Zhenechka\react-fundamentals-app\node_modules\jest-circus\build\utils.js:316:10)
    at _callCircusTest (C:\Users\Zhenechka\react-fundamentals-app\node_modules\jest-circus\build\run.js:218:40)
    at processTicksAndRejections (node:internal/process/task_queues:105:5)
    at _runTest (C:\Users\Zhenechka\react-fundamentals-app\node_modules\jest-circus\build\run.js:155:3)
    at _runTestsForDescribeBlock (C:\Users\Zhenechka\react-fundamentals-app\node_modules\jest-circus\build\run.js:66:9)
    at _runTestsForDescribeBlock (C:\Users\Zhenechka\react-fundamentals-app\node_modules\jest-circus\build\run.js:60:9)
    at _runTestsForDescribeBlock (C:\Users\Zhenechka\react-fundamentals-app\node_modules\jest-circus\build\run.js:60:9)
    at run (C:\Users\Zhenechka\react-fundamentals-app\node_modules\jest-circus\build\run.js:25:3)
    at runAndTransformResultsToJestFormat (C:\Users\Zhenechka\react-fundamentals-app\node_modules\jest-circus\build\legacy-code-todo-rewrite\jestAdapterInit.js:170:21)
    at jestAdapter (C:\Users\Zhenechka\react-fundamentals-app\node_modules\jest-circus\build\legacy-code-todo-rewrite\jestAdapter.js:82:19)
    at runTestInternal (C:\Users\Zhenechka\react-fundamentals-app\node_modules\jest-runner\build\runTest.js:389:16)
    at runTest (C:\Users\Zhenechka\react-fundamentals-app\node_modules\jest-runner\build\runTest.js:475:34)
    at Object.worker (C:\Users\Zhenechka\react-fundamentals-app\node_modules\jest-runner\build\testWorker.js:133:12)</failure>
    </testcase>
    <testcase classname="services › getAuthors-should throw an error when the response is not successful (response.ok = false)" name="services › getAuthors-should throw an error when the response is not successful (response.ok = false)" time="0.001">
      <failure>TypeError: (0 , _services.getAuthors) is not a function
    at Object.&lt;anonymous&gt; (C:\Users\Zhenechka\react-fundamentals-app\src\__tests__\module-4\services.test.js:88:30)
    at Promise.then.completed (C:\Users\Zhenechka\react-fundamentals-app\node_modules\jest-circus\build\utils.js:391:28)
    at new Promise (&lt;anonymous&gt;)
    at callAsyncCircusFn (C:\Users\Zhenechka\react-fundamentals-app\node_modules\jest-circus\build\utils.js:316:10)
    at _callCircusTest (C:\Users\Zhenechka\react-fundamentals-app\node_modules\jest-circus\build\run.js:218:40)
    at processTicksAndRejections (node:internal/process/task_queues:105:5)
    at _runTest (C:\Users\Zhenechka\react-fundamentals-app\node_modules\jest-circus\build\run.js:155:3)
    at _runTestsForDescribeBlock (C:\Users\Zhenechka\react-fundamentals-app\node_modules\jest-circus\build\run.js:66:9)
    at _runTestsForDescribeBlock (C:\Users\Zhenechka\react-fundamentals-app\node_modules\jest-circus\build\run.js:60:9)
    at _runTestsForDescribeBlock (C:\Users\Zhenechka\react-fundamentals-app\node_modules\jest-circus\build\run.js:60:9)
    at run (C:\Users\Zhenechka\react-fundamentals-app\node_modules\jest-circus\build\run.js:25:3)
    at runAndTransformResultsToJestFormat (C:\Users\Zhenechka\react-fundamentals-app\node_modules\jest-circus\build\legacy-code-todo-rewrite\jestAdapterInit.js:170:21)
    at jestAdapter (C:\Users\Zhenechka\react-fundamentals-app\node_modules\jest-circus\build\legacy-code-todo-rewrite\jestAdapter.js:82:19)
    at runTestInternal (C:\Users\Zhenechka\react-fundamentals-app\node_modules\jest-runner\build\runTest.js:389:16)
    at runTest (C:\Users\Zhenechka\react-fundamentals-app\node_modules\jest-runner\build\runTest.js:475:34)
    at Object.worker (C:\Users\Zhenechka\react-fundamentals-app\node_modules\jest-runner\build\testWorker.js:133:12)</failure>
    </testcase>
    <testcase classname="services › getCurrentUser-should return the current user when the response is successful (getCurrentUser with token arg call fetch with path - &quot;http://localhost:4000/users/me&quot; method - &quot;GET&quot;, headers - &quot;Content-Type&quot;: &quot;application/json&quot;, Authorization: token)" name="services › getCurrentUser-should return the current user when the response is successful (getCurrentUser with token arg call fetch with path - &quot;http://localhost:4000/users/me&quot; method - &quot;GET&quot;, headers - &quot;Content-Type&quot;: &quot;application/json&quot;, Authorization: token)" time="0.001">
      <failure>TypeError: (0 , _services.getCurrentUser) is not a function
    at Object.&lt;anonymous&gt; (C:\Users\Zhenechka\react-fundamentals-app\src\__tests__\module-4\services.test.js:108:40)
    at Promise.then.completed (C:\Users\Zhenechka\react-fundamentals-app\node_modules\jest-circus\build\utils.js:391:28)
    at new Promise (&lt;anonymous&gt;)
    at callAsyncCircusFn (C:\Users\Zhenechka\react-fundamentals-app\node_modules\jest-circus\build\utils.js:316:10)
    at _callCircusTest (C:\Users\Zhenechka\react-fundamentals-app\node_modules\jest-circus\build\run.js:218:40)
    at processTicksAndRejections (node:internal/process/task_queues:105:5)
    at _runTest (C:\Users\Zhenechka\react-fundamentals-app\node_modules\jest-circus\build\run.js:155:3)
    at _runTestsForDescribeBlock (C:\Users\Zhenechka\react-fundamentals-app\node_modules\jest-circus\build\run.js:66:9)
    at _runTestsForDescribeBlock (C:\Users\Zhenechka\react-fundamentals-app\node_modules\jest-circus\build\run.js:60:9)
    at _runTestsForDescribeBlock (C:\Users\Zhenechka\react-fundamentals-app\node_modules\jest-circus\build\run.js:60:9)
    at run (C:\Users\Zhenechka\react-fundamentals-app\node_modules\jest-circus\build\run.js:25:3)
    at runAndTransformResultsToJestFormat (C:\Users\Zhenechka\react-fundamentals-app\node_modules\jest-circus\build\legacy-code-todo-rewrite\jestAdapterInit.js:170:21)
    at jestAdapter (C:\Users\Zhenechka\react-fundamentals-app\node_modules\jest-circus\build\legacy-code-todo-rewrite\jestAdapter.js:82:19)
    at runTestInternal (C:\Users\Zhenechka\react-fundamentals-app\node_modules\jest-runner\build\runTest.js:389:16)
    at runTest (C:\Users\Zhenechka\react-fundamentals-app\node_modules\jest-runner\build\runTest.js:475:34)
    at Object.worker (C:\Users\Zhenechka\react-fundamentals-app\node_modules\jest-runner\build\testWorker.js:133:12)</failure>
    </testcase>
    <testcase classname="services › getCurrentUser-should throw an error when the response is not successful (response.ok = false)" name="services › getCurrentUser-should throw an error when the response is not successful (response.ok = false)" time="0.001">
      <failure>TypeError: (0 , _services.getCurrentUser) is not a function
    at Object.&lt;anonymous&gt; (C:\Users\Zhenechka\react-fundamentals-app\src\__tests__\module-4\services.test.js:127:34)
    at Promise.then.completed (C:\Users\Zhenechka\react-fundamentals-app\node_modules\jest-circus\build\utils.js:391:28)
    at new Promise (&lt;anonymous&gt;)
    at callAsyncCircusFn (C:\Users\Zhenechka\react-fundamentals-app\node_modules\jest-circus\build\utils.js:316:10)
    at _callCircusTest (C:\Users\Zhenechka\react-fundamentals-app\node_modules\jest-circus\build\run.js:218:40)
    at processTicksAndRejections (node:internal/process/task_queues:105:5)
    at _runTest (C:\Users\Zhenechka\react-fundamentals-app\node_modules\jest-circus\build\run.js:155:3)
    at _runTestsForDescribeBlock (C:\Users\Zhenechka\react-fundamentals-app\node_modules\jest-circus\build\run.js:66:9)
    at _runTestsForDescribeBlock (C:\Users\Zhenechka\react-fundamentals-app\node_modules\jest-circus\build\run.js:60:9)
    at _runTestsForDescribeBlock (C:\Users\Zhenechka\react-fundamentals-app\node_modules\jest-circus\build\run.js:60:9)
    at run (C:\Users\Zhenechka\react-fundamentals-app\node_modules\jest-circus\build\run.js:25:3)
    at runAndTransformResultsToJestFormat (C:\Users\Zhenechka\react-fundamentals-app\node_modules\jest-circus\build\legacy-code-todo-rewrite\jestAdapterInit.js:170:21)
    at jestAdapter (C:\Users\Zhenechka\react-fundamentals-app\node_modules\jest-circus\build\legacy-code-todo-rewrite\jestAdapter.js:82:19)
    at runTestInternal (C:\Users\Zhenechka\react-fundamentals-app\node_modules\jest-runner\build\runTest.js:389:16)
    at runTest (C:\Users\Zhenechka\react-fundamentals-app\node_modules\jest-runner\build\runTest.js:475:34)
    at Object.worker (C:\Users\Zhenechka\react-fundamentals-app\node_modules\jest-runner\build\testWorker.js:133:12)</failure>
    </testcase>
    <testcase classname="services › updateCourseService-should update course when the response is successful (updateCourseService with updatedData and token args call fetch with path - &quot;http://localhost:4000/courses/{updatedData.id}&quot; method - &quot;PUT&quot;, headers - &quot;Content-Type&quot;: &quot;application/json&quot;, Authorization: token, body - updatedData)" name="services › updateCourseService-should update course when the response is successful (updateCourseService with updatedData and token args call fetch with path - &quot;http://localhost:4000/courses/{updatedData.id}&quot; method - &quot;PUT&quot;, headers - &quot;Content-Type&quot;: &quot;application/json&quot;, Authorization: token, body - updatedData)" time="0.001">
      <failure>TypeError: (0 , _services.updateCourseService) is not a function
    at Object.&lt;anonymous&gt; (C:\Users\Zhenechka\react-fundamentals-app\src\__tests__\module-4\services.test.js:156:47)
    at Promise.then.completed (C:\Users\Zhenechka\react-fundamentals-app\node_modules\jest-circus\build\utils.js:391:28)
    at new Promise (&lt;anonymous&gt;)
    at callAsyncCircusFn (C:\Users\Zhenechka\react-fundamentals-app\node_modules\jest-circus\build\utils.js:316:10)
    at _callCircusTest (C:\Users\Zhenechka\react-fundamentals-app\node_modules\jest-circus\build\run.js:218:40)
    at processTicksAndRejections (node:internal/process/task_queues:105:5)
    at _runTest (C:\Users\Zhenechka\react-fundamentals-app\node_modules\jest-circus\build\run.js:155:3)
    at _runTestsForDescribeBlock (C:\Users\Zhenechka\react-fundamentals-app\node_modules\jest-circus\build\run.js:66:9)
    at _runTestsForDescribeBlock (C:\Users\Zhenechka\react-fundamentals-app\node_modules\jest-circus\build\run.js:60:9)
    at _runTestsForDescribeBlock (C:\Users\Zhenechka\react-fundamentals-app\node_modules\jest-circus\build\run.js:60:9)
    at run (C:\Users\Zhenechka\react-fundamentals-app\node_modules\jest-circus\build\run.js:25:3)
    at runAndTransformResultsToJestFormat (C:\Users\Zhenechka\react-fundamentals-app\node_modules\jest-circus\build\legacy-code-todo-rewrite\jestAdapterInit.js:170:21)
    at jestAdapter (C:\Users\Zhenechka\react-fundamentals-app\node_modules\jest-circus\build\legacy-code-todo-rewrite\jestAdapter.js:82:19)
    at runTestInternal (C:\Users\Zhenechka\react-fundamentals-app\node_modules\jest-runner\build\runTest.js:389:16)
    at runTest (C:\Users\Zhenechka\react-fundamentals-app\node_modules\jest-runner\build\runTest.js:475:34)
    at Object.worker (C:\Users\Zhenechka\react-fundamentals-app\node_modules\jest-runner\build\testWorker.js:133:12)</failure>
    </testcase>
    <testcase classname="services › updateCourseService-should throw an error when the response is not successful (response.ok = false)" name="services › updateCourseService-should throw an error when the response is not successful (response.ok = false)" time="0.001">
      <failure>TypeError: (0 , _services.updateCourseService) is not a function
    at Object.&lt;anonymous&gt; (C:\Users\Zhenechka\react-fundamentals-app\src\__tests__\module-4\services.test.js:179:39)
    at Promise.then.completed (C:\Users\Zhenechka\react-fundamentals-app\node_modules\jest-circus\build\utils.js:391:28)
    at new Promise (&lt;anonymous&gt;)
    at callAsyncCircusFn (C:\Users\Zhenechka\react-fundamentals-app\node_modules\jest-circus\build\utils.js:316:10)
    at _callCircusTest (C:\Users\Zhenechka\react-fundamentals-app\node_modules\jest-circus\build\run.js:218:40)
    at processTicksAndRejections (node:internal/process/task_queues:105:5)
    at _runTest (C:\Users\Zhenechka\react-fundamentals-app\node_modules\jest-circus\build\run.js:155:3)
    at _runTestsForDescribeBlock (C:\Users\Zhenechka\react-fundamentals-app\node_modules\jest-circus\build\run.js:66:9)
    at _runTestsForDescribeBlock (C:\Users\Zhenechka\react-fundamentals-app\node_modules\jest-circus\build\run.js:60:9)
    at _runTestsForDescribeBlock (C:\Users\Zhenechka\react-fundamentals-app\node_modules\jest-circus\build\run.js:60:9)
    at run (C:\Users\Zhenechka\react-fundamentals-app\node_modules\jest-circus\build\run.js:25:3)
    at runAndTransformResultsToJestFormat (C:\Users\Zhenechka\react-fundamentals-app\node_modules\jest-circus\build\legacy-code-todo-rewrite\jestAdapterInit.js:170:21)
    at jestAdapter (C:\Users\Zhenechka\react-fundamentals-app\node_modules\jest-circus\build\legacy-code-todo-rewrite\jestAdapter.js:82:19)
    at runTestInternal (C:\Users\Zhenechka\react-fundamentals-app\node_modules\jest-runner\build\runTest.js:389:16)
    at runTest (C:\Users\Zhenechka\react-fundamentals-app\node_modules\jest-runner\build\runTest.js:475:34)
    at Object.worker (C:\Users\Zhenechka\react-fundamentals-app\node_modules\jest-runner\build\testWorker.js:133:12)</failure>
    </testcase>
    <testcase classname="services › deleteCourseService-should delete course when the response is successful (deleteCourseService with courseId and token args call fetch with path - &quot;http://localhost:4000/courses/{courseId}&quot; method - &quot;DELETE&quot;, headers - &quot;Content-Type&quot;: &quot;application/json&quot;, Authorization: token)" name="services › deleteCourseService-should delete course when the response is successful (deleteCourseService with courseId and token args call fetch with path - &quot;http://localhost:4000/courses/{courseId}&quot; method - &quot;DELETE&quot;, headers - &quot;Content-Type&quot;: &quot;application/json&quot;, Authorization: token)" time="0.001">
      <failure>TypeError: (0 , _services.deleteCourseService) is not a function
    at Object.&lt;anonymous&gt; (C:\Users\Zhenechka\react-fundamentals-app\src\__tests__\module-4\services.test.js:198:32)
    at Promise.then.completed (C:\Users\Zhenechka\react-fundamentals-app\node_modules\jest-circus\build\utils.js:391:28)
    at new Promise (&lt;anonymous&gt;)
    at callAsyncCircusFn (C:\Users\Zhenechka\react-fundamentals-app\node_modules\jest-circus\build\utils.js:316:10)
    at _callCircusTest (C:\Users\Zhenechka\react-fundamentals-app\node_modules\jest-circus\build\run.js:218:40)
    at processTicksAndRejections (node:internal/process/task_queues:105:5)
    at _runTest (C:\Users\Zhenechka\react-fundamentals-app\node_modules\jest-circus\build\run.js:155:3)
    at _runTestsForDescribeBlock (C:\Users\Zhenechka\react-fundamentals-app\node_modules\jest-circus\build\run.js:66:9)
    at _runTestsForDescribeBlock (C:\Users\Zhenechka\react-fundamentals-app\node_modules\jest-circus\build\run.js:60:9)
    at _runTestsForDescribeBlock (C:\Users\Zhenechka\react-fundamentals-app\node_modules\jest-circus\build\run.js:60:9)
    at run (C:\Users\Zhenechka\react-fundamentals-app\node_modules\jest-circus\build\run.js:25:3)
    at runAndTransformResultsToJestFormat (C:\Users\Zhenechka\react-fundamentals-app\node_modules\jest-circus\build\legacy-code-todo-rewrite\jestAdapterInit.js:170:21)
    at jestAdapter (C:\Users\Zhenechka\react-fundamentals-app\node_modules\jest-circus\build\legacy-code-todo-rewrite\jestAdapter.js:82:19)
    at runTestInternal (C:\Users\Zhenechka\react-fundamentals-app\node_modules\jest-runner\build\runTest.js:389:16)
    at runTest (C:\Users\Zhenechka\react-fundamentals-app\node_modules\jest-runner\build\runTest.js:475:34)
    at Object.worker (C:\Users\Zhenechka\react-fundamentals-app\node_modules\jest-runner\build\testWorker.js:133:12)</failure>
    </testcase>
    <testcase classname="services › deleteCourseService-should throw an error when the response is not successful (response.ok = false)" name="services › deleteCourseService-should throw an error when the response is not successful (response.ok = false)" time="0.001">
      <failure>TypeError: (0 , _services.deleteCourseService) is not a function
    at Object.&lt;anonymous&gt; (C:\Users\Zhenechka\react-fundamentals-app\src\__tests__\module-4\services.test.js:219:39)
    at Promise.then.completed (C:\Users\Zhenechka\react-fundamentals-app\node_modules\jest-circus\build\utils.js:391:28)
    at new Promise (&lt;anonymous&gt;)
    at callAsyncCircusFn (C:\Users\Zhenechka\react-fundamentals-app\node_modules\jest-circus\build\utils.js:316:10)
    at _callCircusTest (C:\Users\Zhenechka\react-fundamentals-app\node_modules\jest-circus\build\run.js:218:40)
    at processTicksAndRejections (node:internal/process/task_queues:105:5)
    at _runTest (C:\Users\Zhenechka\react-fundamentals-app\node_modules\jest-circus\build\run.js:155:3)
    at _runTestsForDescribeBlock (C:\Users\Zhenechka\react-fundamentals-app\node_modules\jest-circus\build\run.js:66:9)
    at _runTestsForDescribeBlock (C:\Users\Zhenechka\react-fundamentals-app\node_modules\jest-circus\build\run.js:60:9)
    at _runTestsForDescribeBlock (C:\Users\Zhenechka\react-fundamentals-app\node_modules\jest-circus\build\run.js:60:9)
    at run (C:\Users\Zhenechka\react-fundamentals-app\node_modules\jest-circus\build\run.js:25:3)
    at runAndTransformResultsToJestFormat (C:\Users\Zhenechka\react-fundamentals-app\node_modules\jest-circus\build\legacy-code-todo-rewrite\jestAdapterInit.js:170:21)
    at jestAdapter (C:\Users\Zhenechka\react-fundamentals-app\node_modules\jest-circus\build\legacy-code-todo-rewrite\jestAdapter.js:82:19)
    at runTestInternal (C:\Users\Zhenechka\react-fundamentals-app\node_modules\jest-runner\build\runTest.js:389:16)
    at runTest (C:\Users\Zhenechka\react-fundamentals-app\node_modules\jest-runner\build\runTest.js:475:34)
    at Object.worker (C:\Users\Zhenechka\react-fundamentals-app\node_modules\jest-runner\build\testWorker.js:133:12)</failure>
    </testcase>
    <testcase classname="services › createCourse-should create course when the response is successful (createCourse with data and token args call fetch with path - &quot;http://localhost:4000/courses/add&quot; method - &quot;POST&quot;, headers - &quot;Content-Type&quot;: &quot;application/json&quot;, Authorization: token), body - data" name="services › createCourse-should create course when the response is successful (createCourse with data and token args call fetch with path - &quot;http://localhost:4000/courses/add&quot; method - &quot;POST&quot;, headers - &quot;Content-Type&quot;: &quot;application/json&quot;, Authorization: token), body - data" time="0.001">
      <failure>TypeError: (0 , _services.createCourse) is not a function
    at Object.&lt;anonymous&gt; (C:\Users\Zhenechka\react-fundamentals-app\src\__tests__\module-4\services.test.js:243:43)
    at Promise.then.completed (C:\Users\Zhenechka\react-fundamentals-app\node_modules\jest-circus\build\utils.js:391:28)
    at new Promise (&lt;anonymous&gt;)
    at callAsyncCircusFn (C:\Users\Zhenechka\react-fundamentals-app\node_modules\jest-circus\build\utils.js:316:10)
    at _callCircusTest (C:\Users\Zhenechka\react-fundamentals-app\node_modules\jest-circus\build\run.js:218:40)
    at processTicksAndRejections (node:internal/process/task_queues:105:5)
    at _runTest (C:\Users\Zhenechka\react-fundamentals-app\node_modules\jest-circus\build\run.js:155:3)
    at _runTestsForDescribeBlock (C:\Users\Zhenechka\react-fundamentals-app\node_modules\jest-circus\build\run.js:66:9)
    at _runTestsForDescribeBlock (C:\Users\Zhenechka\react-fundamentals-app\node_modules\jest-circus\build\run.js:60:9)
    at _runTestsForDescribeBlock (C:\Users\Zhenechka\react-fundamentals-app\node_modules\jest-circus\build\run.js:60:9)
    at run (C:\Users\Zhenechka\react-fundamentals-app\node_modules\jest-circus\build\run.js:25:3)
    at runAndTransformResultsToJestFormat (C:\Users\Zhenechka\react-fundamentals-app\node_modules\jest-circus\build\legacy-code-todo-rewrite\jestAdapterInit.js:170:21)
    at jestAdapter (C:\Users\Zhenechka\react-fundamentals-app\node_modules\jest-circus\build\legacy-code-todo-rewrite\jestAdapter.js:82:19)
    at runTestInternal (C:\Users\Zhenechka\react-fundamentals-app\node_modules\jest-runner\build\runTest.js:389:16)
    at runTest (C:\Users\Zhenechka\react-fundamentals-app\node_modules\jest-runner\build\runTest.js:475:34)
    at Object.worker (C:\Users\Zhenechka\react-fundamentals-app\node_modules\jest-runner\build\testWorker.js:133:12)</failure>
    </testcase>
    <testcase classname="services › createCourse-should throw an error when the response is not successful (response.ok = false)" name="services › createCourse-should throw an error when the response is not successful (response.ok = false)" time="0.001">
      <failure>TypeError: (0 , _services.createCourse) is not a function
    at Object.&lt;anonymous&gt; (C:\Users\Zhenechka\react-fundamentals-app\src\__tests__\module-4\services.test.js:264:32)
    at Promise.then.completed (C:\Users\Zhenechka\react-fundamentals-app\node_modules\jest-circus\build\utils.js:391:28)
    at new Promise (&lt;anonymous&gt;)
    at callAsyncCircusFn (C:\Users\Zhenechka\react-fundamentals-app\node_modules\jest-circus\build\utils.js:316:10)
    at _callCircusTest (C:\Users\Zhenechka\react-fundamentals-app\node_modules\jest-circus\build\run.js:218:40)
    at processTicksAndRejections (node:internal/process/task_queues:105:5)
    at _runTest (C:\Users\Zhenechka\react-fundamentals-app\node_modules\jest-circus\build\run.js:155:3)
    at _runTestsForDescribeBlock (C:\Users\Zhenechka\react-fundamentals-app\node_modules\jest-circus\build\run.js:66:9)
    at _runTestsForDescribeBlock (C:\Users\Zhenechka\react-fundamentals-app\node_modules\jest-circus\build\run.js:60:9)
    at _runTestsForDescribeBlock (C:\Users\Zhenechka\react-fundamentals-app\node_modules\jest-circus\build\run.js:60:9)
    at run (C:\Users\Zhenechka\react-fundamentals-app\node_modules\jest-circus\build\run.js:25:3)
    at runAndTransformResultsToJestFormat (C:\Users\Zhenechka\react-fundamentals-app\node_modules\jest-circus\build\legacy-code-todo-rewrite\jestAdapterInit.js:170:21)
    at jestAdapter (C:\Users\Zhenechka\react-fundamentals-app\node_modules\jest-circus\build\legacy-code-todo-rewrite\jestAdapter.js:82:19)
    at runTestInternal (C:\Users\Zhenechka\react-fundamentals-app\node_modules\jest-runner\build\runTest.js:389:16)
    at runTest (C:\Users\Zhenechka\react-fundamentals-app\node_modules\jest-runner\build\runTest.js:475:34)
    at Object.worker (C:\Users\Zhenechka\react-fundamentals-app\node_modules\jest-runner\build\testWorker.js:133:12)</failure>
    </testcase>
  </testsuite>
  <testsuite name="src\__tests__\module-4\CourseForm.test.js" errors="0" failures="2" skipped="0" timestamp="2025-05-21T23:21:57" time="1.325" tests="2">
    <testcase classname="CourseForm-should dispatch createCourseThunk on &quot;CREATE COURSE&quot; button with data-testid=&quot;createCourseButton&quot; click " name="CourseForm-should dispatch createCourseThunk on &quot;CREATE COURSE&quot; button with data-testid=&quot;createCourseButton&quot; click " time="0.109">
      <failure>TypeError: Cannot read properties of undefined (reading &apos;map&apos;)
    at CourseForm (C:\Users\Zhenechka\react-fundamentals-app\src\components\CourseForm\CourseForm.jsx:123:33)
    at renderWithHooks (C:\Users\Zhenechka\react-fundamentals-app\node_modules\react-dom\cjs\react-dom.development.js:16305:18)
    at mountIndeterminateComponent (C:\Users\Zhenechka\react-fundamentals-app\node_modules\react-dom\cjs\react-dom.development.js:20074:13)
    at beginWork (C:\Users\Zhenechka\react-fundamentals-app\node_modules\react-dom\cjs\react-dom.development.js:21587:16)
    at beginWork$1 (C:\Users\Zhenechka\react-fundamentals-app\node_modules\react-dom\cjs\react-dom.development.js:27426:14)
    at performUnitOfWork (C:\Users\Zhenechka\react-fundamentals-app\node_modules\react-dom\cjs\react-dom.development.js:26560:12)
    at workLoopSync (C:\Users\Zhenechka\react-fundamentals-app\node_modules\react-dom\cjs\react-dom.development.js:26466:5)
    at renderRootSync (C:\Users\Zhenechka\react-fundamentals-app\node_modules\react-dom\cjs\react-dom.development.js:26434:7)
    at recoverFromConcurrentError (C:\Users\Zhenechka\react-fundamentals-app\node_modules\react-dom\cjs\react-dom.development.js:25850:20)
    at performConcurrentWorkOnRoot (C:\Users\Zhenechka\react-fundamentals-app\node_modules\react-dom\cjs\react-dom.development.js:25750:22)
    at flushActQueue (C:\Users\Zhenechka\react-fundamentals-app\node_modules\react\cjs\react.development.js:2667:24)
    at act (C:\Users\Zhenechka\react-fundamentals-app\node_modules\react\cjs\react.development.js:2582:11)
    at C:\Users\Zhenechka\react-fundamentals-app\node_modules\@testing-library\react\dist\act-compat.js:46:25
    at renderRoot (C:\Users\Zhenechka\react-fundamentals-app\node_modules\@testing-library\react\dist\pure.js:161:26)
    at render (C:\Users\Zhenechka\react-fundamentals-app\node_modules\@testing-library\react\dist\pure.js:247:10)
    at Object.&lt;anonymous&gt; (C:\Users\Zhenechka\react-fundamentals-app\src\__tests__\module-4\CourseForm.test.js:56:11)
    at Promise.then.completed (C:\Users\Zhenechka\react-fundamentals-app\node_modules\jest-circus\build\utils.js:391:28)
    at new Promise (&lt;anonymous&gt;)
    at callAsyncCircusFn (C:\Users\Zhenechka\react-fundamentals-app\node_modules\jest-circus\build\utils.js:316:10)
    at _callCircusTest (C:\Users\Zhenechka\react-fundamentals-app\node_modules\jest-circus\build\run.js:218:40)
    at processTicksAndRejections (node:internal/process/task_queues:105:5)
    at _runTest (C:\Users\Zhenechka\react-fundamentals-app\node_modules\jest-circus\build\run.js:155:3)
    at _runTestsForDescribeBlock (C:\Users\Zhenechka\react-fundamentals-app\node_modules\jest-circus\build\run.js:66:9)
    at _runTestsForDescribeBlock (C:\Users\Zhenechka\react-fundamentals-app\node_modules\jest-circus\build\run.js:60:9)
    at run (C:\Users\Zhenechka\react-fundamentals-app\node_modules\jest-circus\build\run.js:25:3)
    at runAndTransformResultsToJestFormat (C:\Users\Zhenechka\react-fundamentals-app\node_modules\jest-circus\build\legacy-code-todo-rewrite\jestAdapterInit.js:170:21)
    at jestAdapter (C:\Users\Zhenechka\react-fundamentals-app\node_modules\jest-circus\build\legacy-code-todo-rewrite\jestAdapter.js:82:19)
    at runTestInternal (C:\Users\Zhenechka\react-fundamentals-app\node_modules\jest-runner\build\runTest.js:389:16)
    at runTest (C:\Users\Zhenechka\react-fundamentals-app\node_modules\jest-runner\build\runTest.js:475:34)
    at Object.worker (C:\Users\Zhenechka\react-fundamentals-app\node_modules\jest-runner\build\testWorker.js:133:12)</failure>
    </testcase>
    <testcase classname="CourseForm-should dispatch updateCourseThunk on &quot;CREATE COURSE&quot; button with data-testid=&quot;createCourseButton&quot; if route=&quot;/courses/update/:courseId&quot;" name="CourseForm-should dispatch updateCourseThunk on &quot;CREATE COURSE&quot; button with data-testid=&quot;createCourseButton&quot; if route=&quot;/courses/update/:courseId&quot;" time="0.008">
      <failure>TypeError: Cannot read properties of undefined (reading &apos;map&apos;)
    at CourseForm (C:\Users\Zhenechka\react-fundamentals-app\src\components\CourseForm\CourseForm.jsx:123:33)
    at renderWithHooks (C:\Users\Zhenechka\react-fundamentals-app\node_modules\react-dom\cjs\react-dom.development.js:16305:18)
    at mountIndeterminateComponent (C:\Users\Zhenechka\react-fundamentals-app\node_modules\react-dom\cjs\react-dom.development.js:20074:13)
    at beginWork (C:\Users\Zhenechka\react-fundamentals-app\node_modules\react-dom\cjs\react-dom.development.js:21587:16)
    at beginWork$1 (C:\Users\Zhenechka\react-fundamentals-app\node_modules\react-dom\cjs\react-dom.development.js:27426:14)
    at performUnitOfWork (C:\Users\Zhenechka\react-fundamentals-app\node_modules\react-dom\cjs\react-dom.development.js:26560:12)
    at workLoopSync (C:\Users\Zhenechka\react-fundamentals-app\node_modules\react-dom\cjs\react-dom.development.js:26466:5)
    at renderRootSync (C:\Users\Zhenechka\react-fundamentals-app\node_modules\react-dom\cjs\react-dom.development.js:26434:7)
    at recoverFromConcurrentError (C:\Users\Zhenechka\react-fundamentals-app\node_modules\react-dom\cjs\react-dom.development.js:25850:20)
    at performConcurrentWorkOnRoot (C:\Users\Zhenechka\react-fundamentals-app\node_modules\react-dom\cjs\react-dom.development.js:25750:22)
    at flushActQueue (C:\Users\Zhenechka\react-fundamentals-app\node_modules\react\cjs\react.development.js:2667:24)
    at act (C:\Users\Zhenechka\react-fundamentals-app\node_modules\react\cjs\react.development.js:2582:11)
    at C:\Users\Zhenechka\react-fundamentals-app\node_modules\@testing-library\react\dist\act-compat.js:46:25
    at renderRoot (C:\Users\Zhenechka\react-fundamentals-app\node_modules\@testing-library\react\dist\pure.js:161:26)
    at render (C:\Users\Zhenechka\react-fundamentals-app\node_modules\@testing-library\react\dist\pure.js:247:10)
    at Object.&lt;anonymous&gt; (C:\Users\Zhenechka\react-fundamentals-app\src\__tests__\module-4\CourseForm.test.js:83:11)
    at Promise.then.completed (C:\Users\Zhenechka\react-fundamentals-app\node_modules\jest-circus\build\utils.js:391:28)
    at new Promise (&lt;anonymous&gt;)
    at callAsyncCircusFn (C:\Users\Zhenechka\react-fundamentals-app\node_modules\jest-circus\build\utils.js:316:10)
    at _callCircusTest (C:\Users\Zhenechka\react-fundamentals-app\node_modules\jest-circus\build\run.js:218:40)
    at processTicksAndRejections (node:internal/process/task_queues:105:5)
    at _runTest (C:\Users\Zhenechka\react-fundamentals-app\node_modules\jest-circus\build\run.js:155:3)
    at _runTestsForDescribeBlock (C:\Users\Zhenechka\react-fundamentals-app\node_modules\jest-circus\build\run.js:66:9)
    at _runTestsForDescribeBlock (C:\Users\Zhenechka\react-fundamentals-app\node_modules\jest-circus\build\run.js:60:9)
    at run (C:\Users\Zhenechka\react-fundamentals-app\node_modules\jest-circus\build\run.js:25:3)
    at runAndTransformResultsToJestFormat (C:\Users\Zhenechka\react-fundamentals-app\node_modules\jest-circus\build\legacy-code-todo-rewrite\jestAdapterInit.js:170:21)
    at jestAdapter (C:\Users\Zhenechka\react-fundamentals-app\node_modules\jest-circus\build\legacy-code-todo-rewrite\jestAdapter.js:82:19)
    at runTestInternal (C:\Users\Zhenechka\react-fundamentals-app\node_modules\jest-runner\build\runTest.js:389:16)
    at runTest (C:\Users\Zhenechka\react-fundamentals-app\node_modules\jest-runner\build\runTest.js:475:34)
    at Object.worker (C:\Users\Zhenechka\react-fundamentals-app\node_modules\jest-runner\build\testWorker.js:133:12)</failure>
    </testcase>
  </testsuite>
  <testsuite name="src\__tests__\module-1\CourseInfo.test.js" errors="0" failures="7" skipped="0" timestamp="2025-05-21T23:21:57" time="1.32" tests="7">
    <testcase classname="CourseInfo-should renders correct title (find correct course from coursesList based on showCourseId prop) " name="CourseInfo-should renders correct title (find correct course from coursesList based on showCourseId prop) " time="0.101">
      <failure>TestingLibraryElementError: Unable to find an accessible element with the role &quot;heading&quot;

There are no accessible roles. But there might be some inaccessible roles. If you wish to access them, then set the `hidden` option to `true`. Learn more about this here: https://testing-library.com/docs/dom-testing-library/api-queries#byrole

Ignored nodes: comments, script, style
&lt;body&gt;
  &lt;div&gt;
    &lt;p
      data-testid=&quot;courseInfo&quot;
    &gt;
      course not found
    &lt;/p&gt;
  &lt;/div&gt;
&lt;/body&gt;
    at Object.getElementError (C:\Users\Zhenechka\react-fundamentals-app\node_modules\@testing-library\dom\dist\config.js:37:19)
    at C:\Users\Zhenechka\react-fundamentals-app\node_modules\@testing-library\dom\dist\query-helpers.js:76:38
    at C:\Users\Zhenechka\react-fundamentals-app\node_modules\@testing-library\dom\dist\query-helpers.js:52:17
    at getByRole (C:\Users\Zhenechka\react-fundamentals-app\node_modules\@testing-library\dom\dist\query-helpers.js:95:19)
    at Object.&lt;anonymous&gt; (C:\Users\Zhenechka\react-fundamentals-app\src\__tests__\module-1\CourseInfo.test.js:43:32)
    at Promise.then.completed (C:\Users\Zhenechka\react-fundamentals-app\node_modules\jest-circus\build\utils.js:391:28)
    at new Promise (&lt;anonymous&gt;)
    at callAsyncCircusFn (C:\Users\Zhenechka\react-fundamentals-app\node_modules\jest-circus\build\utils.js:316:10)
    at _callCircusTest (C:\Users\Zhenechka\react-fundamentals-app\node_modules\jest-circus\build\run.js:218:40)
    at processTicksAndRejections (node:internal/process/task_queues:105:5)
    at _runTest (C:\Users\Zhenechka\react-fundamentals-app\node_modules\jest-circus\build\run.js:155:3)
    at _runTestsForDescribeBlock (C:\Users\Zhenechka\react-fundamentals-app\node_modules\jest-circus\build\run.js:66:9)
    at _runTestsForDescribeBlock (C:\Users\Zhenechka\react-fundamentals-app\node_modules\jest-circus\build\run.js:60:9)
    at run (C:\Users\Zhenechka\react-fundamentals-app\node_modules\jest-circus\build\run.js:25:3)
    at runAndTransformResultsToJestFormat (C:\Users\Zhenechka\react-fundamentals-app\node_modules\jest-circus\build\legacy-code-todo-rewrite\jestAdapterInit.js:170:21)
    at jestAdapter (C:\Users\Zhenechka\react-fundamentals-app\node_modules\jest-circus\build\legacy-code-todo-rewrite\jestAdapter.js:82:19)
    at runTestInternal (C:\Users\Zhenechka\react-fundamentals-app\node_modules\jest-runner\build\runTest.js:389:16)
    at runTest (C:\Users\Zhenechka\react-fundamentals-app\node_modules\jest-runner\build\runTest.js:475:34)
    at Object.worker (C:\Users\Zhenechka\react-fundamentals-app\node_modules\jest-runner\build\testWorker.js:133:12)</failure>
    </testcase>
    <testcase classname="CourseInfo-should renders correct description" name="CourseInfo-should renders correct description" time="0.006">
      <failure>TestingLibraryElementError: Unable to find an element with the text: Course 1 description. This could be because the text is broken up by multiple elements. In this case, you can provide a function for your text matcher to make your matcher more flexible.

Ignored nodes: comments, script, style
&lt;body&gt;
  &lt;div&gt;
    &lt;p
      data-testid=&quot;courseInfo&quot;
    &gt;
      course not found
    &lt;/p&gt;
  &lt;/div&gt;
&lt;/body&gt;
    at Object.getElementError (C:\Users\Zhenechka\react-fundamentals-app\node_modules\@testing-library\dom\dist\config.js:37:19)
    at C:\Users\Zhenechka\react-fundamentals-app\node_modules\@testing-library\dom\dist\query-helpers.js:76:38
    at C:\Users\Zhenechka\react-fundamentals-app\node_modules\@testing-library\dom\dist\query-helpers.js:52:17
    at getByText (C:\Users\Zhenechka\react-fundamentals-app\node_modules\@testing-library\dom\dist\query-helpers.js:95:19)
    at Object.&lt;anonymous&gt; (C:\Users\Zhenechka\react-fundamentals-app\src\__tests__\module-1\CourseInfo.test.js:57:38)
    at Promise.then.completed (C:\Users\Zhenechka\react-fundamentals-app\node_modules\jest-circus\build\utils.js:391:28)
    at new Promise (&lt;anonymous&gt;)
    at callAsyncCircusFn (C:\Users\Zhenechka\react-fundamentals-app\node_modules\jest-circus\build\utils.js:316:10)
    at _callCircusTest (C:\Users\Zhenechka\react-fundamentals-app\node_modules\jest-circus\build\run.js:218:40)
    at processTicksAndRejections (node:internal/process/task_queues:105:5)
    at _runTest (C:\Users\Zhenechka\react-fundamentals-app\node_modules\jest-circus\build\run.js:155:3)
    at _runTestsForDescribeBlock (C:\Users\Zhenechka\react-fundamentals-app\node_modules\jest-circus\build\run.js:66:9)
    at _runTestsForDescribeBlock (C:\Users\Zhenechka\react-fundamentals-app\node_modules\jest-circus\build\run.js:60:9)
    at run (C:\Users\Zhenechka\react-fundamentals-app\node_modules\jest-circus\build\run.js:25:3)
    at runAndTransformResultsToJestFormat (C:\Users\Zhenechka\react-fundamentals-app\node_modules\jest-circus\build\legacy-code-todo-rewrite\jestAdapterInit.js:170:21)
    at jestAdapter (C:\Users\Zhenechka\react-fundamentals-app\node_modules\jest-circus\build\legacy-code-todo-rewrite\jestAdapter.js:82:19)
    at runTestInternal (C:\Users\Zhenechka\react-fundamentals-app\node_modules\jest-runner\build\runTest.js:389:16)
    at runTest (C:\Users\Zhenechka\react-fundamentals-app\node_modules\jest-runner\build\runTest.js:475:34)
    at Object.worker (C:\Users\Zhenechka\react-fundamentals-app\node_modules\jest-runner\build\testWorker.js:133:12)</failure>
    </testcase>
    <testcase classname="CourseInfo-should renders correct course duration (use getCourseDuration)" name="CourseInfo-should renders correct course duration (use getCourseDuration)" time="0.007">
      <failure>Error: expect(received).toBeInTheDocument()

received value must be an HTMLElement or an SVGElement.
Received has value: null
    at __EXTERNAL_MATCHER_TRAP__ (C:\Users\Zhenechka\react-fundamentals-app\node_modules\expect\build\index.js:386:30)
    at Object.toBeInTheDocument (C:\Users\Zhenechka\react-fundamentals-app\node_modules\expect\build\index.js:387:15)
    at Object.&lt;anonymous&gt; (C:\Users\Zhenechka\react-fundamentals-app\src\__tests__\module-1\CourseInfo.test.js:73:28)
    at Promise.then.completed (C:\Users\Zhenechka\react-fundamentals-app\node_modules\jest-circus\build\utils.js:391:28)
    at new Promise (&lt;anonymous&gt;)
    at callAsyncCircusFn (C:\Users\Zhenechka\react-fundamentals-app\node_modules\jest-circus\build\utils.js:316:10)
    at _callCircusTest (C:\Users\Zhenechka\react-fundamentals-app\node_modules\jest-circus\build\run.js:218:40)
    at processTicksAndRejections (node:internal/process/task_queues:105:5)
    at _runTest (C:\Users\Zhenechka\react-fundamentals-app\node_modules\jest-circus\build\run.js:155:3)
    at _runTestsForDescribeBlock (C:\Users\Zhenechka\react-fundamentals-app\node_modules\jest-circus\build\run.js:66:9)
    at _runTestsForDescribeBlock (C:\Users\Zhenechka\react-fundamentals-app\node_modules\jest-circus\build\run.js:60:9)
    at run (C:\Users\Zhenechka\react-fundamentals-app\node_modules\jest-circus\build\run.js:25:3)
    at runAndTransformResultsToJestFormat (C:\Users\Zhenechka\react-fundamentals-app\node_modules\jest-circus\build\legacy-code-todo-rewrite\jestAdapterInit.js:170:21)
    at jestAdapter (C:\Users\Zhenechka\react-fundamentals-app\node_modules\jest-circus\build\legacy-code-todo-rewrite\jestAdapter.js:82:19)
    at runTestInternal (C:\Users\Zhenechka\react-fundamentals-app\node_modules\jest-runner\build\runTest.js:389:16)
    at runTest (C:\Users\Zhenechka\react-fundamentals-app\node_modules\jest-runner\build\runTest.js:475:34)
    at Object.worker (C:\Users\Zhenechka\react-fundamentals-app\node_modules\jest-runner\build\testWorker.js:133:12)</failure>
    </testcase>
    <testcase classname="CourseInfo-should renders correct course creation date (use formatCreationDate)" name="CourseInfo-should renders correct course creation date (use formatCreationDate)" time="0.005">
      <failure>TestingLibraryElementError: Unable to find an element with the text: 2022-01-01. This could be because the text is broken up by multiple elements. In this case, you can provide a function for your text matcher to make your matcher more flexible.

Ignored nodes: comments, script, style
&lt;body&gt;
  &lt;div&gt;
    &lt;p
      data-testid=&quot;courseInfo&quot;
    &gt;
      course not found
    &lt;/p&gt;
  &lt;/div&gt;
&lt;/body&gt;
    at Object.getElementError (C:\Users\Zhenechka\react-fundamentals-app\node_modules\@testing-library\dom\dist\config.js:37:19)
    at C:\Users\Zhenechka\react-fundamentals-app\node_modules\@testing-library\dom\dist\query-helpers.js:76:38
    at C:\Users\Zhenechka\react-fundamentals-app\node_modules\@testing-library\dom\dist\query-helpers.js:52:17
    at getByText (C:\Users\Zhenechka\react-fundamentals-app\node_modules\@testing-library\dom\dist\query-helpers.js:95:19)
    at Object.&lt;anonymous&gt; (C:\Users\Zhenechka\react-fundamentals-app\src\__tests__\module-1\CourseInfo.test.js:85:39)
    at Promise.then.completed (C:\Users\Zhenechka\react-fundamentals-app\node_modules\jest-circus\build\utils.js:391:28)
    at new Promise (&lt;anonymous&gt;)
    at callAsyncCircusFn (C:\Users\Zhenechka\react-fundamentals-app\node_modules\jest-circus\build\utils.js:316:10)
    at _callCircusTest (C:\Users\Zhenechka\react-fundamentals-app\node_modules\jest-circus\build\run.js:218:40)
    at processTicksAndRejections (node:internal/process/task_queues:105:5)
    at _runTest (C:\Users\Zhenechka\react-fundamentals-app\node_modules\jest-circus\build\run.js:155:3)
    at _runTestsForDescribeBlock (C:\Users\Zhenechka\react-fundamentals-app\node_modules\jest-circus\build\run.js:66:9)
    at _runTestsForDescribeBlock (C:\Users\Zhenechka\react-fundamentals-app\node_modules\jest-circus\build\run.js:60:9)
    at run (C:\Users\Zhenechka\react-fundamentals-app\node_modules\jest-circus\build\run.js:25:3)
    at runAndTransformResultsToJestFormat (C:\Users\Zhenechka\react-fundamentals-app\node_modules\jest-circus\build\legacy-code-todo-rewrite\jestAdapterInit.js:170:21)
    at jestAdapter (C:\Users\Zhenechka\react-fundamentals-app\node_modules\jest-circus\build\legacy-code-todo-rewrite\jestAdapter.js:82:19)
    at runTestInternal (C:\Users\Zhenechka\react-fundamentals-app\node_modules\jest-runner\build\runTest.js:389:16)
    at runTest (C:\Users\Zhenechka\react-fundamentals-app\node_modules\jest-runner\build\runTest.js:475:34)
    at Object.worker (C:\Users\Zhenechka\react-fundamentals-app\node_modules\jest-runner\build\testWorker.js:133:12)</failure>
    </testcase>
    <testcase classname="CourseInfo-should renders correct course authors names (find a course in the coursesList and match data from course authors and authorsList prop)" name="CourseInfo-should renders correct course authors names (find a course in the coursesList and match data from course authors and authorsList prop)" time="0.014">
      <failure>TestingLibraryElementError: Unable to find an accessible element with the role &quot;listitem&quot;

There are no accessible roles. But there might be some inaccessible roles. If you wish to access them, then set the `hidden` option to `true`. Learn more about this here: https://testing-library.com/docs/dom-testing-library/api-queries#byrole

Ignored nodes: comments, script, style
&lt;body&gt;
  &lt;div&gt;
    &lt;p
      data-testid=&quot;courseInfo&quot;
    &gt;
      course not found
    &lt;/p&gt;
  &lt;/div&gt;
&lt;/body&gt;
    at Object.getElementError (C:\Users\Zhenechka\react-fundamentals-app\node_modules\@testing-library\dom\dist\config.js:37:19)
    at C:\Users\Zhenechka\react-fundamentals-app\node_modules\@testing-library\dom\dist\query-helpers.js:76:38
    at getAllByRole (C:\Users\Zhenechka\react-fundamentals-app\node_modules\@testing-library\dom\dist\query-helpers.js:109:15)
    at Object.&lt;anonymous&gt; (C:\Users\Zhenechka\react-fundamentals-app\src\__tests__\module-1\CourseInfo.test.js:101:8)
    at Promise.then.completed (C:\Users\Zhenechka\react-fundamentals-app\node_modules\jest-circus\build\utils.js:391:28)
    at new Promise (&lt;anonymous&gt;)
    at callAsyncCircusFn (C:\Users\Zhenechka\react-fundamentals-app\node_modules\jest-circus\build\utils.js:316:10)
    at _callCircusTest (C:\Users\Zhenechka\react-fundamentals-app\node_modules\jest-circus\build\run.js:218:40)
    at processTicksAndRejections (node:internal/process/task_queues:105:5)
    at _runTest (C:\Users\Zhenechka\react-fundamentals-app\node_modules\jest-circus\build\run.js:155:3)
    at _runTestsForDescribeBlock (C:\Users\Zhenechka\react-fundamentals-app\node_modules\jest-circus\build\run.js:66:9)
    at _runTestsForDescribeBlock (C:\Users\Zhenechka\react-fundamentals-app\node_modules\jest-circus\build\run.js:60:9)
    at run (C:\Users\Zhenechka\react-fundamentals-app\node_modules\jest-circus\build\run.js:25:3)
    at runAndTransformResultsToJestFormat (C:\Users\Zhenechka\react-fundamentals-app\node_modules\jest-circus\build\legacy-code-todo-rewrite\jestAdapterInit.js:170:21)
    at jestAdapter (C:\Users\Zhenechka\react-fundamentals-app\node_modules\jest-circus\build\legacy-code-todo-rewrite\jestAdapter.js:82:19)
    at runTestInternal (C:\Users\Zhenechka\react-fundamentals-app\node_modules\jest-runner\build\runTest.js:389:16)
    at runTest (C:\Users\Zhenechka\react-fundamentals-app\node_modules\jest-runner\build\runTest.js:475:34)
    at Object.worker (C:\Users\Zhenechka\react-fundamentals-app\node_modules\jest-runner\build\testWorker.js:133:12)</failure>
    </testcase>
    <testcase classname="CourseInfo-should render `BACK` button correctly" name="CourseInfo-should render `BACK` button correctly" time="0.028">
      <failure>TestingLibraryElementError: Unable to find an accessible element with the role &quot;button&quot;

There are no accessible roles. But there might be some inaccessible roles. If you wish to access them, then set the `hidden` option to `true`. Learn more about this here: https://testing-library.com/docs/dom-testing-library/api-queries#byrole

Ignored nodes: comments, script, style
&lt;body&gt;
  &lt;div&gt;
    &lt;p
      data-testid=&quot;courseInfo&quot;
    &gt;
      course not found
    &lt;/p&gt;
  &lt;/div&gt;
&lt;/body&gt;
    at Object.getElementError (C:\Users\Zhenechka\react-fundamentals-app\node_modules\@testing-library\dom\dist\config.js:37:19)
    at C:\Users\Zhenechka\react-fundamentals-app\node_modules\@testing-library\dom\dist\query-helpers.js:76:38
    at C:\Users\Zhenechka\react-fundamentals-app\node_modules\@testing-library\dom\dist\query-helpers.js:52:17
    at getByRole (C:\Users\Zhenechka\react-fundamentals-app\node_modules\@testing-library\dom\dist\query-helpers.js:95:19)
    at Object.&lt;anonymous&gt; (C:\Users\Zhenechka\react-fundamentals-app\src\__tests__\module-1\CourseInfo.test.js:116:31)
    at Promise.then.completed (C:\Users\Zhenechka\react-fundamentals-app\node_modules\jest-circus\build\utils.js:391:28)
    at new Promise (&lt;anonymous&gt;)
    at callAsyncCircusFn (C:\Users\Zhenechka\react-fundamentals-app\node_modules\jest-circus\build\utils.js:316:10)
    at _callCircusTest (C:\Users\Zhenechka\react-fundamentals-app\node_modules\jest-circus\build\run.js:218:40)
    at processTicksAndRejections (node:internal/process/task_queues:105:5)
    at _runTest (C:\Users\Zhenechka\react-fundamentals-app\node_modules\jest-circus\build\run.js:155:3)
    at _runTestsForDescribeBlock (C:\Users\Zhenechka\react-fundamentals-app\node_modules\jest-circus\build\run.js:66:9)
    at _runTestsForDescribeBlock (C:\Users\Zhenechka\react-fundamentals-app\node_modules\jest-circus\build\run.js:60:9)
    at run (C:\Users\Zhenechka\react-fundamentals-app\node_modules\jest-circus\build\run.js:25:3)
    at runAndTransformResultsToJestFormat (C:\Users\Zhenechka\react-fundamentals-app\node_modules\jest-circus\build\legacy-code-todo-rewrite\jestAdapterInit.js:170:21)
    at jestAdapter (C:\Users\Zhenechka\react-fundamentals-app\node_modules\jest-circus\build\legacy-code-todo-rewrite\jestAdapter.js:82:19)
    at runTestInternal (C:\Users\Zhenechka\react-fundamentals-app\node_modules\jest-runner\build\runTest.js:389:16)
    at runTest (C:\Users\Zhenechka\react-fundamentals-app\node_modules\jest-runner\build\runTest.js:475:34)
    at Object.worker (C:\Users\Zhenechka\react-fundamentals-app\node_modules\jest-runner\build\testWorker.js:133:12)</failure>
    </testcase>
    <testcase classname="CourseInfo-should call onBack handler on Back button click" name="CourseInfo-should call onBack handler on Back button click" time="0.003">
      <failure>Error: Unable to fire a &quot;click&quot; event - please provide a DOM element.
    at createEvent (C:\Users\Zhenechka\react-fundamentals-app\node_modules\@testing-library\dom\dist\events.js:27:11)
    at Function.createEvent.&lt;computed&gt; [as click] (C:\Users\Zhenechka\react-fundamentals-app\node_modules\@testing-library\dom\dist\events.js:106:38)
    at Function.fireEvent.&lt;computed&gt; [as click] (C:\Users\Zhenechka\react-fundamentals-app\node_modules\@testing-library\dom\dist\events.js:110:68)
    at Function.click (C:\Users\Zhenechka\react-fundamentals-app\node_modules\@testing-library\react\dist\fire-event.js:15:52)
    at Object.&lt;anonymous&gt; (C:\Users\Zhenechka\react-fundamentals-app\src\__tests__\module-1\CourseInfo.test.js:133:15)
    at Promise.then.completed (C:\Users\Zhenechka\react-fundamentals-app\node_modules\jest-circus\build\utils.js:391:28)
    at new Promise (&lt;anonymous&gt;)
    at callAsyncCircusFn (C:\Users\Zhenechka\react-fundamentals-app\node_modules\jest-circus\build\utils.js:316:10)
    at _callCircusTest (C:\Users\Zhenechka\react-fundamentals-app\node_modules\jest-circus\build\run.js:218:40)
    at processTicksAndRejections (node:internal/process/task_queues:105:5)
    at _runTest (C:\Users\Zhenechka\react-fundamentals-app\node_modules\jest-circus\build\run.js:155:3)
    at _runTestsForDescribeBlock (C:\Users\Zhenechka\react-fundamentals-app\node_modules\jest-circus\build\run.js:66:9)
    at _runTestsForDescribeBlock (C:\Users\Zhenechka\react-fundamentals-app\node_modules\jest-circus\build\run.js:60:9)
    at run (C:\Users\Zhenechka\react-fundamentals-app\node_modules\jest-circus\build\run.js:25:3)
    at runAndTransformResultsToJestFormat (C:\Users\Zhenechka\react-fundamentals-app\node_modules\jest-circus\build\legacy-code-todo-rewrite\jestAdapterInit.js:170:21)
    at jestAdapter (C:\Users\Zhenechka\react-fundamentals-app\node_modules\jest-circus\build\legacy-code-todo-rewrite\jestAdapter.js:82:19)
    at runTestInternal (C:\Users\Zhenechka\react-fundamentals-app\node_modules\jest-runner\build\runTest.js:389:16)
    at runTest (C:\Users\Zhenechka\react-fundamentals-app\node_modules\jest-runner\build\runTest.js:475:34)
    at Object.worker (C:\Users\Zhenechka\react-fundamentals-app\node_modules\jest-runner\build\testWorker.js:133:12)</failure>
    </testcase>
  </testsuite>
  <testsuite name="src\__tests__\module-3\Login.test.js" errors="0" failures="1" skipped="0" timestamp="2025-05-21T23:21:57" time="1.384" tests="1">
    <testcase classname="Login-should set &quot;token&quot; to localStorage immediately after successful login and save user data to the store (setUserData action from userSlice with payload {name,email,token} after login service responce should be called)" name="Login-should set &quot;token&quot; to localStorage immediately after successful login and save user data to the store (setUserData action from userSlice with payload {name,email,token} after login service responce should be called)" time="0.198">
      <failure>TypeError: (0 , _userSlice.setUserData) is not a function
    at Object.&lt;anonymous&gt; (C:\Users\Zhenechka\react-fundamentals-app\src\__tests__\module-3\Login.test.js:52:39)
    at processTicksAndRejections (node:internal/process/task_queues:105:5)</failure>
    </testcase>
  </testsuite>
  <testsuite name="src\__tests__\module-4\Login.test.js" errors="0" failures="1" skipped="0" timestamp="2025-05-21T23:21:57" time="1.392" tests="1">
    <testcase classname="Login-should add token to localStorage immediately after successful login and save user data to the store (setUserData action from userSlice with data from login service should be called)" name="Login-should add token to localStorage immediately after successful login and save user data to the store (setUserData action from userSlice with data from login service should be called)" time="0.2">
      <failure>TypeError: (0 , _userSlice.setUserData) is not a function
    at Object.&lt;anonymous&gt; (C:\Users\Zhenechka\react-fundamentals-app\src\__tests__\module-4\Login.test.js:51:39)
    at runNextTicks (node:internal/process/task_queues:65:5)
    at listOnTimeout (node:internal/timers:549:9)
    at processTimers (node:internal/timers:523:7)</failure>
    </testcase>
  </testsuite>
  <testsuite name="src\__tests__\module-4\CourseInfo.test.js" errors="0" failures="6" skipped="0" timestamp="2025-05-21T23:21:57" time="1.455" tests="6">
    <testcase classname="CourseInfo-should render correct title (find correct course from coursesList (use getCoursesSelector inside &lt;CourseInfo /&gt;) based on courseId param (use useParams hook))" name="CourseInfo-should render correct title (find correct course from coursesList (use getCoursesSelector inside &lt;CourseInfo /&gt;) based on courseId param (use useParams hook))" time="0.115">
      <failure>TypeError: Cannot read properties of undefined (reading &apos;find&apos;)
    at CourseInfo (C:\Users\Zhenechka\react-fundamentals-app\src\components\CourseInfo\CourseInfo.jsx:17:30)
    at renderWithHooks (C:\Users\Zhenechka\react-fundamentals-app\node_modules\react-dom\cjs\react-dom.development.js:16305:18)
    at mountIndeterminateComponent (C:\Users\Zhenechka\react-fundamentals-app\node_modules\react-dom\cjs\react-dom.development.js:20074:13)
    at beginWork (C:\Users\Zhenechka\react-fundamentals-app\node_modules\react-dom\cjs\react-dom.development.js:21587:16)
    at beginWork$1 (C:\Users\Zhenechka\react-fundamentals-app\node_modules\react-dom\cjs\react-dom.development.js:27426:14)
    at performUnitOfWork (C:\Users\Zhenechka\react-fundamentals-app\node_modules\react-dom\cjs\react-dom.development.js:26560:12)
    at workLoopSync (C:\Users\Zhenechka\react-fundamentals-app\node_modules\react-dom\cjs\react-dom.development.js:26466:5)
    at renderRootSync (C:\Users\Zhenechka\react-fundamentals-app\node_modules\react-dom\cjs\react-dom.development.js:26434:7)
    at recoverFromConcurrentError (C:\Users\Zhenechka\react-fundamentals-app\node_modules\react-dom\cjs\react-dom.development.js:25850:20)
    at performConcurrentWorkOnRoot (C:\Users\Zhenechka\react-fundamentals-app\node_modules\react-dom\cjs\react-dom.development.js:25750:22)
    at flushActQueue (C:\Users\Zhenechka\react-fundamentals-app\node_modules\react\cjs\react.development.js:2667:24)
    at act (C:\Users\Zhenechka\react-fundamentals-app\node_modules\react\cjs\react.development.js:2582:11)
    at C:\Users\Zhenechka\react-fundamentals-app\node_modules\@testing-library\react\dist\act-compat.js:46:25
    at renderRoot (C:\Users\Zhenechka\react-fundamentals-app\node_modules\@testing-library\react\dist\pure.js:161:26)
    at render (C:\Users\Zhenechka\react-fundamentals-app\node_modules\@testing-library\react\dist\pure.js:247:10)
    at Object.&lt;anonymous&gt; (C:\Users\Zhenechka\react-fundamentals-app\src\__tests__\module-4\CourseInfo.test.js:62:11)
    at Promise.then.completed (C:\Users\Zhenechka\react-fundamentals-app\node_modules\jest-circus\build\utils.js:391:28)
    at new Promise (&lt;anonymous&gt;)
    at callAsyncCircusFn (C:\Users\Zhenechka\react-fundamentals-app\node_modules\jest-circus\build\utils.js:316:10)
    at _callCircusTest (C:\Users\Zhenechka\react-fundamentals-app\node_modules\jest-circus\build\run.js:218:40)
    at processTicksAndRejections (node:internal/process/task_queues:105:5)
    at _runTest (C:\Users\Zhenechka\react-fundamentals-app\node_modules\jest-circus\build\run.js:155:3)
    at _runTestsForDescribeBlock (C:\Users\Zhenechka\react-fundamentals-app\node_modules\jest-circus\build\run.js:66:9)
    at _runTestsForDescribeBlock (C:\Users\Zhenechka\react-fundamentals-app\node_modules\jest-circus\build\run.js:60:9)
    at run (C:\Users\Zhenechka\react-fundamentals-app\node_modules\jest-circus\build\run.js:25:3)
    at runAndTransformResultsToJestFormat (C:\Users\Zhenechka\react-fundamentals-app\node_modules\jest-circus\build\legacy-code-todo-rewrite\jestAdapterInit.js:170:21)
    at jestAdapter (C:\Users\Zhenechka\react-fundamentals-app\node_modules\jest-circus\build\legacy-code-todo-rewrite\jestAdapter.js:82:19)
    at runTestInternal (C:\Users\Zhenechka\react-fundamentals-app\node_modules\jest-runner\build\runTest.js:389:16)
    at runTest (C:\Users\Zhenechka\react-fundamentals-app\node_modules\jest-runner\build\runTest.js:475:34)
    at Object.worker (C:\Users\Zhenechka\react-fundamentals-app\node_modules\jest-runner\build\testWorker.js:133:12)</failure>
    </testcase>
    <testcase classname="CourseInfo-should render correct description" name="CourseInfo-should render correct description" time="0.01">
      <failure>TypeError: Cannot read properties of undefined (reading &apos;find&apos;)
    at CourseInfo (C:\Users\Zhenechka\react-fundamentals-app\src\components\CourseInfo\CourseInfo.jsx:17:30)
    at renderWithHooks (C:\Users\Zhenechka\react-fundamentals-app\node_modules\react-dom\cjs\react-dom.development.js:16305:18)
    at mountIndeterminateComponent (C:\Users\Zhenechka\react-fundamentals-app\node_modules\react-dom\cjs\react-dom.development.js:20074:13)
    at beginWork (C:\Users\Zhenechka\react-fundamentals-app\node_modules\react-dom\cjs\react-dom.development.js:21587:16)
    at beginWork$1 (C:\Users\Zhenechka\react-fundamentals-app\node_modules\react-dom\cjs\react-dom.development.js:27426:14)
    at performUnitOfWork (C:\Users\Zhenechka\react-fundamentals-app\node_modules\react-dom\cjs\react-dom.development.js:26560:12)
    at workLoopSync (C:\Users\Zhenechka\react-fundamentals-app\node_modules\react-dom\cjs\react-dom.development.js:26466:5)
    at renderRootSync (C:\Users\Zhenechka\react-fundamentals-app\node_modules\react-dom\cjs\react-dom.development.js:26434:7)
    at recoverFromConcurrentError (C:\Users\Zhenechka\react-fundamentals-app\node_modules\react-dom\cjs\react-dom.development.js:25850:20)
    at performConcurrentWorkOnRoot (C:\Users\Zhenechka\react-fundamentals-app\node_modules\react-dom\cjs\react-dom.development.js:25750:22)
    at flushActQueue (C:\Users\Zhenechka\react-fundamentals-app\node_modules\react\cjs\react.development.js:2667:24)
    at act (C:\Users\Zhenechka\react-fundamentals-app\node_modules\react\cjs\react.development.js:2582:11)
    at C:\Users\Zhenechka\react-fundamentals-app\node_modules\@testing-library\react\dist\act-compat.js:46:25
    at renderRoot (C:\Users\Zhenechka\react-fundamentals-app\node_modules\@testing-library\react\dist\pure.js:161:26)
    at render (C:\Users\Zhenechka\react-fundamentals-app\node_modules\@testing-library\react\dist\pure.js:247:10)
    at Object.&lt;anonymous&gt; (C:\Users\Zhenechka\react-fundamentals-app\src\__tests__\module-4\CourseInfo.test.js:76:11)
    at Promise.then.completed (C:\Users\Zhenechka\react-fundamentals-app\node_modules\jest-circus\build\utils.js:391:28)
    at new Promise (&lt;anonymous&gt;)
    at callAsyncCircusFn (C:\Users\Zhenechka\react-fundamentals-app\node_modules\jest-circus\build\utils.js:316:10)
    at _callCircusTest (C:\Users\Zhenechka\react-fundamentals-app\node_modules\jest-circus\build\run.js:218:40)
    at processTicksAndRejections (node:internal/process/task_queues:105:5)
    at _runTest (C:\Users\Zhenechka\react-fundamentals-app\node_modules\jest-circus\build\run.js:155:3)
    at _runTestsForDescribeBlock (C:\Users\Zhenechka\react-fundamentals-app\node_modules\jest-circus\build\run.js:66:9)
    at _runTestsForDescribeBlock (C:\Users\Zhenechka\react-fundamentals-app\node_modules\jest-circus\build\run.js:60:9)
    at run (C:\Users\Zhenechka\react-fundamentals-app\node_modules\jest-circus\build\run.js:25:3)
    at runAndTransformResultsToJestFormat (C:\Users\Zhenechka\react-fundamentals-app\node_modules\jest-circus\build\legacy-code-todo-rewrite\jestAdapterInit.js:170:21)
    at jestAdapter (C:\Users\Zhenechka\react-fundamentals-app\node_modules\jest-circus\build\legacy-code-todo-rewrite\jestAdapter.js:82:19)
    at runTestInternal (C:\Users\Zhenechka\react-fundamentals-app\node_modules\jest-runner\build\runTest.js:389:16)
    at runTest (C:\Users\Zhenechka\react-fundamentals-app\node_modules\jest-runner\build\runTest.js:475:34)
    at Object.worker (C:\Users\Zhenechka\react-fundamentals-app\node_modules\jest-runner\build\testWorker.js:133:12)</failure>
    </testcase>
    <testcase classname="CourseInfo-should render correct course duration (use getCourseDuration)" name="CourseInfo-should render correct course duration (use getCourseDuration)" time="0.009">
      <failure>TypeError: Cannot read properties of undefined (reading &apos;find&apos;)
    at CourseInfo (C:\Users\Zhenechka\react-fundamentals-app\src\components\CourseInfo\CourseInfo.jsx:17:30)
    at renderWithHooks (C:\Users\Zhenechka\react-fundamentals-app\node_modules\react-dom\cjs\react-dom.development.js:16305:18)
    at mountIndeterminateComponent (C:\Users\Zhenechka\react-fundamentals-app\node_modules\react-dom\cjs\react-dom.development.js:20074:13)
    at beginWork (C:\Users\Zhenechka\react-fundamentals-app\node_modules\react-dom\cjs\react-dom.development.js:21587:16)
    at beginWork$1 (C:\Users\Zhenechka\react-fundamentals-app\node_modules\react-dom\cjs\react-dom.development.js:27426:14)
    at performUnitOfWork (C:\Users\Zhenechka\react-fundamentals-app\node_modules\react-dom\cjs\react-dom.development.js:26560:12)
    at workLoopSync (C:\Users\Zhenechka\react-fundamentals-app\node_modules\react-dom\cjs\react-dom.development.js:26466:5)
    at renderRootSync (C:\Users\Zhenechka\react-fundamentals-app\node_modules\react-dom\cjs\react-dom.development.js:26434:7)
    at recoverFromConcurrentError (C:\Users\Zhenechka\react-fundamentals-app\node_modules\react-dom\cjs\react-dom.development.js:25850:20)
    at performConcurrentWorkOnRoot (C:\Users\Zhenechka\react-fundamentals-app\node_modules\react-dom\cjs\react-dom.development.js:25750:22)
    at flushActQueue (C:\Users\Zhenechka\react-fundamentals-app\node_modules\react\cjs\react.development.js:2667:24)
    at act (C:\Users\Zhenechka\react-fundamentals-app\node_modules\react\cjs\react.development.js:2582:11)
    at C:\Users\Zhenechka\react-fundamentals-app\node_modules\@testing-library\react\dist\act-compat.js:46:25
    at renderRoot (C:\Users\Zhenechka\react-fundamentals-app\node_modules\@testing-library\react\dist\pure.js:161:26)
    at render (C:\Users\Zhenechka\react-fundamentals-app\node_modules\@testing-library\react\dist\pure.js:247:10)
    at Object.&lt;anonymous&gt; (C:\Users\Zhenechka\react-fundamentals-app\src\__tests__\module-4\CourseInfo.test.js:90:11)
    at Promise.then.completed (C:\Users\Zhenechka\react-fundamentals-app\node_modules\jest-circus\build\utils.js:391:28)
    at new Promise (&lt;anonymous&gt;)
    at callAsyncCircusFn (C:\Users\Zhenechka\react-fundamentals-app\node_modules\jest-circus\build\utils.js:316:10)
    at _callCircusTest (C:\Users\Zhenechka\react-fundamentals-app\node_modules\jest-circus\build\run.js:218:40)
    at processTicksAndRejections (node:internal/process/task_queues:105:5)
    at _runTest (C:\Users\Zhenechka\react-fundamentals-app\node_modules\jest-circus\build\run.js:155:3)
    at _runTestsForDescribeBlock (C:\Users\Zhenechka\react-fundamentals-app\node_modules\jest-circus\build\run.js:66:9)
    at _runTestsForDescribeBlock (C:\Users\Zhenechka\react-fundamentals-app\node_modules\jest-circus\build\run.js:60:9)
    at run (C:\Users\Zhenechka\react-fundamentals-app\node_modules\jest-circus\build\run.js:25:3)
    at runAndTransformResultsToJestFormat (C:\Users\Zhenechka\react-fundamentals-app\node_modules\jest-circus\build\legacy-code-todo-rewrite\jestAdapterInit.js:170:21)
    at jestAdapter (C:\Users\Zhenechka\react-fundamentals-app\node_modules\jest-circus\build\legacy-code-todo-rewrite\jestAdapter.js:82:19)
    at runTestInternal (C:\Users\Zhenechka\react-fundamentals-app\node_modules\jest-runner\build\runTest.js:389:16)
    at runTest (C:\Users\Zhenechka\react-fundamentals-app\node_modules\jest-runner\build\runTest.js:475:34)
    at Object.worker (C:\Users\Zhenechka\react-fundamentals-app\node_modules\jest-runner\build\testWorker.js:133:12)</failure>
    </testcase>
    <testcase classname="CourseInfo-should render correct course creation date (use formatCreationDate)" name="CourseInfo-should render correct course creation date (use formatCreationDate)" time="0.009">
      <failure>TypeError: Cannot read properties of undefined (reading &apos;find&apos;)
    at CourseInfo (C:\Users\Zhenechka\react-fundamentals-app\src\components\CourseInfo\CourseInfo.jsx:17:30)
    at renderWithHooks (C:\Users\Zhenechka\react-fundamentals-app\node_modules\react-dom\cjs\react-dom.development.js:16305:18)
    at mountIndeterminateComponent (C:\Users\Zhenechka\react-fundamentals-app\node_modules\react-dom\cjs\react-dom.development.js:20074:13)
    at beginWork (C:\Users\Zhenechka\react-fundamentals-app\node_modules\react-dom\cjs\react-dom.development.js:21587:16)
    at beginWork$1 (C:\Users\Zhenechka\react-fundamentals-app\node_modules\react-dom\cjs\react-dom.development.js:27426:14)
    at performUnitOfWork (C:\Users\Zhenechka\react-fundamentals-app\node_modules\react-dom\cjs\react-dom.development.js:26560:12)
    at workLoopSync (C:\Users\Zhenechka\react-fundamentals-app\node_modules\react-dom\cjs\react-dom.development.js:26466:5)
    at renderRootSync (C:\Users\Zhenechka\react-fundamentals-app\node_modules\react-dom\cjs\react-dom.development.js:26434:7)
    at recoverFromConcurrentError (C:\Users\Zhenechka\react-fundamentals-app\node_modules\react-dom\cjs\react-dom.development.js:25850:20)
    at performConcurrentWorkOnRoot (C:\Users\Zhenechka\react-fundamentals-app\node_modules\react-dom\cjs\react-dom.development.js:25750:22)
    at flushActQueue (C:\Users\Zhenechka\react-fundamentals-app\node_modules\react\cjs\react.development.js:2667:24)
    at act (C:\Users\Zhenechka\react-fundamentals-app\node_modules\react\cjs\react.development.js:2582:11)
    at C:\Users\Zhenechka\react-fundamentals-app\node_modules\@testing-library\react\dist\act-compat.js:46:25
    at renderRoot (C:\Users\Zhenechka\react-fundamentals-app\node_modules\@testing-library\react\dist\pure.js:161:26)
    at render (C:\Users\Zhenechka\react-fundamentals-app\node_modules\@testing-library\react\dist\pure.js:247:10)
    at Object.&lt;anonymous&gt; (C:\Users\Zhenechka\react-fundamentals-app\src\__tests__\module-4\CourseInfo.test.js:104:11)
    at Promise.then.completed (C:\Users\Zhenechka\react-fundamentals-app\node_modules\jest-circus\build\utils.js:391:28)
    at new Promise (&lt;anonymous&gt;)
    at callAsyncCircusFn (C:\Users\Zhenechka\react-fundamentals-app\node_modules\jest-circus\build\utils.js:316:10)
    at _callCircusTest (C:\Users\Zhenechka\react-fundamentals-app\node_modules\jest-circus\build\run.js:218:40)
    at processTicksAndRejections (node:internal/process/task_queues:105:5)
    at _runTest (C:\Users\Zhenechka\react-fundamentals-app\node_modules\jest-circus\build\run.js:155:3)
    at _runTestsForDescribeBlock (C:\Users\Zhenechka\react-fundamentals-app\node_modules\jest-circus\build\run.js:66:9)
    at _runTestsForDescribeBlock (C:\Users\Zhenechka\react-fundamentals-app\node_modules\jest-circus\build\run.js:60:9)
    at run (C:\Users\Zhenechka\react-fundamentals-app\node_modules\jest-circus\build\run.js:25:3)
    at runAndTransformResultsToJestFormat (C:\Users\Zhenechka\react-fundamentals-app\node_modules\jest-circus\build\legacy-code-todo-rewrite\jestAdapterInit.js:170:21)
    at jestAdapter (C:\Users\Zhenechka\react-fundamentals-app\node_modules\jest-circus\build\legacy-code-todo-rewrite\jestAdapter.js:82:19)
    at runTestInternal (C:\Users\Zhenechka\react-fundamentals-app\node_modules\jest-runner\build\runTest.js:389:16)
    at runTest (C:\Users\Zhenechka\react-fundamentals-app\node_modules\jest-runner\build\runTest.js:475:34)
    at Object.worker (C:\Users\Zhenechka\react-fundamentals-app\node_modules\jest-runner\build\testWorker.js:133:12)</failure>
    </testcase>
    <testcase classname="CourseInfo-should render correct course authors names (match authors of current course (use getCoursesSelector inside &lt;CourseInfo /&gt;) and all authors (use getAuthorsSelector inside &lt;CourseInfo /&gt;))" name="CourseInfo-should render correct course authors names (match authors of current course (use getCoursesSelector inside &lt;CourseInfo /&gt;) and all authors (use getAuthorsSelector inside &lt;CourseInfo /&gt;))" time="0.024">
      <failure>TypeError: Cannot read properties of undefined (reading &apos;find&apos;)
    at CourseInfo (C:\Users\Zhenechka\react-fundamentals-app\src\components\CourseInfo\CourseInfo.jsx:17:30)
    at renderWithHooks (C:\Users\Zhenechka\react-fundamentals-app\node_modules\react-dom\cjs\react-dom.development.js:16305:18)
    at mountIndeterminateComponent (C:\Users\Zhenechka\react-fundamentals-app\node_modules\react-dom\cjs\react-dom.development.js:20074:13)
    at beginWork (C:\Users\Zhenechka\react-fundamentals-app\node_modules\react-dom\cjs\react-dom.development.js:21587:16)
    at beginWork$1 (C:\Users\Zhenechka\react-fundamentals-app\node_modules\react-dom\cjs\react-dom.development.js:27426:14)
    at performUnitOfWork (C:\Users\Zhenechka\react-fundamentals-app\node_modules\react-dom\cjs\react-dom.development.js:26560:12)
    at workLoopSync (C:\Users\Zhenechka\react-fundamentals-app\node_modules\react-dom\cjs\react-dom.development.js:26466:5)
    at renderRootSync (C:\Users\Zhenechka\react-fundamentals-app\node_modules\react-dom\cjs\react-dom.development.js:26434:7)
    at recoverFromConcurrentError (C:\Users\Zhenechka\react-fundamentals-app\node_modules\react-dom\cjs\react-dom.development.js:25850:20)
    at performConcurrentWorkOnRoot (C:\Users\Zhenechka\react-fundamentals-app\node_modules\react-dom\cjs\react-dom.development.js:25750:22)
    at flushActQueue (C:\Users\Zhenechka\react-fundamentals-app\node_modules\react\cjs\react.development.js:2667:24)
    at act (C:\Users\Zhenechka\react-fundamentals-app\node_modules\react\cjs\react.development.js:2582:11)
    at C:\Users\Zhenechka\react-fundamentals-app\node_modules\@testing-library\react\dist\act-compat.js:46:25
    at renderRoot (C:\Users\Zhenechka\react-fundamentals-app\node_modules\@testing-library\react\dist\pure.js:161:26)
    at render (C:\Users\Zhenechka\react-fundamentals-app\node_modules\@testing-library\react\dist\pure.js:247:10)
    at Object.&lt;anonymous&gt; (C:\Users\Zhenechka\react-fundamentals-app\src\__tests__\module-4\CourseInfo.test.js:119:11)
    at Promise.then.completed (C:\Users\Zhenechka\react-fundamentals-app\node_modules\jest-circus\build\utils.js:391:28)
    at new Promise (&lt;anonymous&gt;)
    at callAsyncCircusFn (C:\Users\Zhenechka\react-fundamentals-app\node_modules\jest-circus\build\utils.js:316:10)
    at _callCircusTest (C:\Users\Zhenechka\react-fundamentals-app\node_modules\jest-circus\build\run.js:218:40)
    at processTicksAndRejections (node:internal/process/task_queues:105:5)
    at _runTest (C:\Users\Zhenechka\react-fundamentals-app\node_modules\jest-circus\build\run.js:155:3)
    at _runTestsForDescribeBlock (C:\Users\Zhenechka\react-fundamentals-app\node_modules\jest-circus\build\run.js:66:9)
    at _runTestsForDescribeBlock (C:\Users\Zhenechka\react-fundamentals-app\node_modules\jest-circus\build\run.js:60:9)
    at run (C:\Users\Zhenechka\react-fundamentals-app\node_modules\jest-circus\build\run.js:25:3)
    at runAndTransformResultsToJestFormat (C:\Users\Zhenechka\react-fundamentals-app\node_modules\jest-circus\build\legacy-code-todo-rewrite\jestAdapterInit.js:170:21)
    at jestAdapter (C:\Users\Zhenechka\react-fundamentals-app\node_modules\jest-circus\build\legacy-code-todo-rewrite\jestAdapter.js:82:19)
    at runTestInternal (C:\Users\Zhenechka\react-fundamentals-app\node_modules\jest-runner\build\runTest.js:389:16)
    at runTest (C:\Users\Zhenechka\react-fundamentals-app\node_modules\jest-runner\build\runTest.js:475:34)
    at Object.worker (C:\Users\Zhenechka\react-fundamentals-app\node_modules\jest-runner\build\testWorker.js:133:12)</failure>
    </testcase>
    <testcase classname="CourseInfo-should render &quot;BACK&quot; as a &lt;Link /&gt; to=&quot;/courses&quot;" name="CourseInfo-should render &quot;BACK&quot; as a &lt;Link /&gt; to=&quot;/courses&quot;" time="0.013">
      <failure>TypeError: Cannot read properties of undefined (reading &apos;find&apos;)
    at CourseInfo (C:\Users\Zhenechka\react-fundamentals-app\src\components\CourseInfo\CourseInfo.jsx:17:30)
    at renderWithHooks (C:\Users\Zhenechka\react-fundamentals-app\node_modules\react-dom\cjs\react-dom.development.js:16305:18)
    at mountIndeterminateComponent (C:\Users\Zhenechka\react-fundamentals-app\node_modules\react-dom\cjs\react-dom.development.js:20074:13)
    at beginWork (C:\Users\Zhenechka\react-fundamentals-app\node_modules\react-dom\cjs\react-dom.development.js:21587:16)
    at beginWork$1 (C:\Users\Zhenechka\react-fundamentals-app\node_modules\react-dom\cjs\react-dom.development.js:27426:14)
    at performUnitOfWork (C:\Users\Zhenechka\react-fundamentals-app\node_modules\react-dom\cjs\react-dom.development.js:26560:12)
    at workLoopSync (C:\Users\Zhenechka\react-fundamentals-app\node_modules\react-dom\cjs\react-dom.development.js:26466:5)
    at renderRootSync (C:\Users\Zhenechka\react-fundamentals-app\node_modules\react-dom\cjs\react-dom.development.js:26434:7)
    at recoverFromConcurrentError (C:\Users\Zhenechka\react-fundamentals-app\node_modules\react-dom\cjs\react-dom.development.js:25850:20)
    at performConcurrentWorkOnRoot (C:\Users\Zhenechka\react-fundamentals-app\node_modules\react-dom\cjs\react-dom.development.js:25750:22)
    at flushActQueue (C:\Users\Zhenechka\react-fundamentals-app\node_modules\react\cjs\react.development.js:2667:24)
    at act (C:\Users\Zhenechka\react-fundamentals-app\node_modules\react\cjs\react.development.js:2582:11)
    at C:\Users\Zhenechka\react-fundamentals-app\node_modules\@testing-library\react\dist\act-compat.js:46:25
    at renderRoot (C:\Users\Zhenechka\react-fundamentals-app\node_modules\@testing-library\react\dist\pure.js:161:26)
    at render (C:\Users\Zhenechka\react-fundamentals-app\node_modules\@testing-library\react\dist\pure.js:247:10)
    at Object.&lt;anonymous&gt; (C:\Users\Zhenechka\react-fundamentals-app\src\__tests__\module-4\CourseInfo.test.js:135:11)
    at Promise.then.completed (C:\Users\Zhenechka\react-fundamentals-app\node_modules\jest-circus\build\utils.js:391:28)
    at new Promise (&lt;anonymous&gt;)
    at callAsyncCircusFn (C:\Users\Zhenechka\react-fundamentals-app\node_modules\jest-circus\build\utils.js:316:10)
    at _callCircusTest (C:\Users\Zhenechka\react-fundamentals-app\node_modules\jest-circus\build\run.js:218:40)
    at processTicksAndRejections (node:internal/process/task_queues:105:5)
    at _runTest (C:\Users\Zhenechka\react-fundamentals-app\node_modules\jest-circus\build\run.js:155:3)
    at _runTestsForDescribeBlock (C:\Users\Zhenechka\react-fundamentals-app\node_modules\jest-circus\build\run.js:66:9)
    at _runTestsForDescribeBlock (C:\Users\Zhenechka\react-fundamentals-app\node_modules\jest-circus\build\run.js:60:9)
    at run (C:\Users\Zhenechka\react-fundamentals-app\node_modules\jest-circus\build\run.js:25:3)
    at runAndTransformResultsToJestFormat (C:\Users\Zhenechka\react-fundamentals-app\node_modules\jest-circus\build\legacy-code-todo-rewrite\jestAdapterInit.js:170:21)
    at jestAdapter (C:\Users\Zhenechka\react-fundamentals-app\node_modules\jest-circus\build\legacy-code-todo-rewrite\jestAdapter.js:82:19)
    at runTestInternal (C:\Users\Zhenechka\react-fundamentals-app\node_modules\jest-runner\build\runTest.js:389:16)
    at runTest (C:\Users\Zhenechka\react-fundamentals-app\node_modules\jest-runner\build\runTest.js:475:34)
    at Object.worker (C:\Users\Zhenechka\react-fundamentals-app\node_modules\jest-runner\build\testWorker.js:133:12)</failure>
    </testcase>
  </testsuite>
  <testsuite name="src\__tests__\module-3\CourseInfo.test.js" errors="0" failures="6" skipped="0" timestamp="2025-05-21T23:21:57" time="1.453" tests="6">
    <testcase classname="CourseInfo-should render correct title (find correct course from coursesList (use getCoursesSelector inside &lt;CourseInfo /&gt;) based on courseId param (use useParams hook))" name="CourseInfo-should render correct title (find correct course from coursesList (use getCoursesSelector inside &lt;CourseInfo /&gt;) based on courseId param (use useParams hook))" time="0.148">
      <failure>TypeError: Cannot read properties of undefined (reading &apos;find&apos;)
    at CourseInfo (C:\Users\Zhenechka\react-fundamentals-app\src\components\CourseInfo\CourseInfo.jsx:17:30)
    at renderWithHooks (C:\Users\Zhenechka\react-fundamentals-app\node_modules\react-dom\cjs\react-dom.development.js:16305:18)
    at mountIndeterminateComponent (C:\Users\Zhenechka\react-fundamentals-app\node_modules\react-dom\cjs\react-dom.development.js:20074:13)
    at beginWork (C:\Users\Zhenechka\react-fundamentals-app\node_modules\react-dom\cjs\react-dom.development.js:21587:16)
    at beginWork$1 (C:\Users\Zhenechka\react-fundamentals-app\node_modules\react-dom\cjs\react-dom.development.js:27426:14)
    at performUnitOfWork (C:\Users\Zhenechka\react-fundamentals-app\node_modules\react-dom\cjs\react-dom.development.js:26560:12)
    at workLoopSync (C:\Users\Zhenechka\react-fundamentals-app\node_modules\react-dom\cjs\react-dom.development.js:26466:5)
    at renderRootSync (C:\Users\Zhenechka\react-fundamentals-app\node_modules\react-dom\cjs\react-dom.development.js:26434:7)
    at recoverFromConcurrentError (C:\Users\Zhenechka\react-fundamentals-app\node_modules\react-dom\cjs\react-dom.development.js:25850:20)
    at performConcurrentWorkOnRoot (C:\Users\Zhenechka\react-fundamentals-app\node_modules\react-dom\cjs\react-dom.development.js:25750:22)
    at flushActQueue (C:\Users\Zhenechka\react-fundamentals-app\node_modules\react\cjs\react.development.js:2667:24)
    at act (C:\Users\Zhenechka\react-fundamentals-app\node_modules\react\cjs\react.development.js:2582:11)
    at C:\Users\Zhenechka\react-fundamentals-app\node_modules\@testing-library\react\dist\act-compat.js:46:25
    at renderRoot (C:\Users\Zhenechka\react-fundamentals-app\node_modules\@testing-library\react\dist\pure.js:161:26)
    at render (C:\Users\Zhenechka\react-fundamentals-app\node_modules\@testing-library\react\dist\pure.js:247:10)
    at Object.&lt;anonymous&gt; (C:\Users\Zhenechka\react-fundamentals-app\src\__tests__\module-3\CourseInfo.test.js:64:11)
    at Promise.then.completed (C:\Users\Zhenechka\react-fundamentals-app\node_modules\jest-circus\build\utils.js:391:28)
    at new Promise (&lt;anonymous&gt;)
    at callAsyncCircusFn (C:\Users\Zhenechka\react-fundamentals-app\node_modules\jest-circus\build\utils.js:316:10)
    at _callCircusTest (C:\Users\Zhenechka\react-fundamentals-app\node_modules\jest-circus\build\run.js:218:40)
    at processTicksAndRejections (node:internal/process/task_queues:105:5)
    at _runTest (C:\Users\Zhenechka\react-fundamentals-app\node_modules\jest-circus\build\run.js:155:3)
    at _runTestsForDescribeBlock (C:\Users\Zhenechka\react-fundamentals-app\node_modules\jest-circus\build\run.js:66:9)
    at _runTestsForDescribeBlock (C:\Users\Zhenechka\react-fundamentals-app\node_modules\jest-circus\build\run.js:60:9)
    at run (C:\Users\Zhenechka\react-fundamentals-app\node_modules\jest-circus\build\run.js:25:3)
    at runAndTransformResultsToJestFormat (C:\Users\Zhenechka\react-fundamentals-app\node_modules\jest-circus\build\legacy-code-todo-rewrite\jestAdapterInit.js:170:21)
    at jestAdapter (C:\Users\Zhenechka\react-fundamentals-app\node_modules\jest-circus\build\legacy-code-todo-rewrite\jestAdapter.js:82:19)
    at runTestInternal (C:\Users\Zhenechka\react-fundamentals-app\node_modules\jest-runner\build\runTest.js:389:16)
    at runTest (C:\Users\Zhenechka\react-fundamentals-app\node_modules\jest-runner\build\runTest.js:475:34)
    at Object.worker (C:\Users\Zhenechka\react-fundamentals-app\node_modules\jest-runner\build\testWorker.js:133:12)</failure>
    </testcase>
    <testcase classname="CourseInfo-should render correct description" name="CourseInfo-should render correct description" time="0.021">
      <failure>TypeError: Cannot read properties of undefined (reading &apos;find&apos;)
    at CourseInfo (C:\Users\Zhenechka\react-fundamentals-app\src\components\CourseInfo\CourseInfo.jsx:17:30)
    at renderWithHooks (C:\Users\Zhenechka\react-fundamentals-app\node_modules\react-dom\cjs\react-dom.development.js:16305:18)
    at mountIndeterminateComponent (C:\Users\Zhenechka\react-fundamentals-app\node_modules\react-dom\cjs\react-dom.development.js:20074:13)
    at beginWork (C:\Users\Zhenechka\react-fundamentals-app\node_modules\react-dom\cjs\react-dom.development.js:21587:16)
    at beginWork$1 (C:\Users\Zhenechka\react-fundamentals-app\node_modules\react-dom\cjs\react-dom.development.js:27426:14)
    at performUnitOfWork (C:\Users\Zhenechka\react-fundamentals-app\node_modules\react-dom\cjs\react-dom.development.js:26560:12)
    at workLoopSync (C:\Users\Zhenechka\react-fundamentals-app\node_modules\react-dom\cjs\react-dom.development.js:26466:5)
    at renderRootSync (C:\Users\Zhenechka\react-fundamentals-app\node_modules\react-dom\cjs\react-dom.development.js:26434:7)
    at recoverFromConcurrentError (C:\Users\Zhenechka\react-fundamentals-app\node_modules\react-dom\cjs\react-dom.development.js:25850:20)
    at performConcurrentWorkOnRoot (C:\Users\Zhenechka\react-fundamentals-app\node_modules\react-dom\cjs\react-dom.development.js:25750:22)
    at flushActQueue (C:\Users\Zhenechka\react-fundamentals-app\node_modules\react\cjs\react.development.js:2667:24)
    at act (C:\Users\Zhenechka\react-fundamentals-app\node_modules\react\cjs\react.development.js:2582:11)
    at C:\Users\Zhenechka\react-fundamentals-app\node_modules\@testing-library\react\dist\act-compat.js:46:25
    at renderRoot (C:\Users\Zhenechka\react-fundamentals-app\node_modules\@testing-library\react\dist\pure.js:161:26)
    at render (C:\Users\Zhenechka\react-fundamentals-app\node_modules\@testing-library\react\dist\pure.js:247:10)
    at Object.&lt;anonymous&gt; (C:\Users\Zhenechka\react-fundamentals-app\src\__tests__\module-3\CourseInfo.test.js:78:11)
    at Promise.then.completed (C:\Users\Zhenechka\react-fundamentals-app\node_modules\jest-circus\build\utils.js:391:28)
    at new Promise (&lt;anonymous&gt;)
    at callAsyncCircusFn (C:\Users\Zhenechka\react-fundamentals-app\node_modules\jest-circus\build\utils.js:316:10)
    at _callCircusTest (C:\Users\Zhenechka\react-fundamentals-app\node_modules\jest-circus\build\run.js:218:40)
    at processTicksAndRejections (node:internal/process/task_queues:105:5)
    at _runTest (C:\Users\Zhenechka\react-fundamentals-app\node_modules\jest-circus\build\run.js:155:3)
    at _runTestsForDescribeBlock (C:\Users\Zhenechka\react-fundamentals-app\node_modules\jest-circus\build\run.js:66:9)
    at _runTestsForDescribeBlock (C:\Users\Zhenechka\react-fundamentals-app\node_modules\jest-circus\build\run.js:60:9)
    at run (C:\Users\Zhenechka\react-fundamentals-app\node_modules\jest-circus\build\run.js:25:3)
    at runAndTransformResultsToJestFormat (C:\Users\Zhenechka\react-fundamentals-app\node_modules\jest-circus\build\legacy-code-todo-rewrite\jestAdapterInit.js:170:21)
    at jestAdapter (C:\Users\Zhenechka\react-fundamentals-app\node_modules\jest-circus\build\legacy-code-todo-rewrite\jestAdapter.js:82:19)
    at runTestInternal (C:\Users\Zhenechka\react-fundamentals-app\node_modules\jest-runner\build\runTest.js:389:16)
    at runTest (C:\Users\Zhenechka\react-fundamentals-app\node_modules\jest-runner\build\runTest.js:475:34)
    at Object.worker (C:\Users\Zhenechka\react-fundamentals-app\node_modules\jest-runner\build\testWorker.js:133:12)</failure>
    </testcase>
    <testcase classname="CourseInfo-should render correct course duration (use getCourseDuration)" name="CourseInfo-should render correct course duration (use getCourseDuration)" time="0.02">
      <failure>TypeError: Cannot read properties of undefined (reading &apos;find&apos;)
    at CourseInfo (C:\Users\Zhenechka\react-fundamentals-app\src\components\CourseInfo\CourseInfo.jsx:17:30)
    at renderWithHooks (C:\Users\Zhenechka\react-fundamentals-app\node_modules\react-dom\cjs\react-dom.development.js:16305:18)
    at mountIndeterminateComponent (C:\Users\Zhenechka\react-fundamentals-app\node_modules\react-dom\cjs\react-dom.development.js:20074:13)
    at beginWork (C:\Users\Zhenechka\react-fundamentals-app\node_modules\react-dom\cjs\react-dom.development.js:21587:16)
    at beginWork$1 (C:\Users\Zhenechka\react-fundamentals-app\node_modules\react-dom\cjs\react-dom.development.js:27426:14)
    at performUnitOfWork (C:\Users\Zhenechka\react-fundamentals-app\node_modules\react-dom\cjs\react-dom.development.js:26560:12)
    at workLoopSync (C:\Users\Zhenechka\react-fundamentals-app\node_modules\react-dom\cjs\react-dom.development.js:26466:5)
    at renderRootSync (C:\Users\Zhenechka\react-fundamentals-app\node_modules\react-dom\cjs\react-dom.development.js:26434:7)
    at recoverFromConcurrentError (C:\Users\Zhenechka\react-fundamentals-app\node_modules\react-dom\cjs\react-dom.development.js:25850:20)
    at performConcurrentWorkOnRoot (C:\Users\Zhenechka\react-fundamentals-app\node_modules\react-dom\cjs\react-dom.development.js:25750:22)
    at flushActQueue (C:\Users\Zhenechka\react-fundamentals-app\node_modules\react\cjs\react.development.js:2667:24)
    at act (C:\Users\Zhenechka\react-fundamentals-app\node_modules\react\cjs\react.development.js:2582:11)
    at C:\Users\Zhenechka\react-fundamentals-app\node_modules\@testing-library\react\dist\act-compat.js:46:25
    at renderRoot (C:\Users\Zhenechka\react-fundamentals-app\node_modules\@testing-library\react\dist\pure.js:161:26)
    at render (C:\Users\Zhenechka\react-fundamentals-app\node_modules\@testing-library\react\dist\pure.js:247:10)
    at Object.&lt;anonymous&gt; (C:\Users\Zhenechka\react-fundamentals-app\src\__tests__\module-3\CourseInfo.test.js:92:11)
    at Promise.then.completed (C:\Users\Zhenechka\react-fundamentals-app\node_modules\jest-circus\build\utils.js:391:28)
    at new Promise (&lt;anonymous&gt;)
    at callAsyncCircusFn (C:\Users\Zhenechka\react-fundamentals-app\node_modules\jest-circus\build\utils.js:316:10)
    at _callCircusTest (C:\Users\Zhenechka\react-fundamentals-app\node_modules\jest-circus\build\run.js:218:40)
    at processTicksAndRejections (node:internal/process/task_queues:105:5)
    at _runTest (C:\Users\Zhenechka\react-fundamentals-app\node_modules\jest-circus\build\run.js:155:3)
    at _runTestsForDescribeBlock (C:\Users\Zhenechka\react-fundamentals-app\node_modules\jest-circus\build\run.js:66:9)
    at _runTestsForDescribeBlock (C:\Users\Zhenechka\react-fundamentals-app\node_modules\jest-circus\build\run.js:60:9)
    at run (C:\Users\Zhenechka\react-fundamentals-app\node_modules\jest-circus\build\run.js:25:3)
    at runAndTransformResultsToJestFormat (C:\Users\Zhenechka\react-fundamentals-app\node_modules\jest-circus\build\legacy-code-todo-rewrite\jestAdapterInit.js:170:21)
    at jestAdapter (C:\Users\Zhenechka\react-fundamentals-app\node_modules\jest-circus\build\legacy-code-todo-rewrite\jestAdapter.js:82:19)
    at runTestInternal (C:\Users\Zhenechka\react-fundamentals-app\node_modules\jest-runner\build\runTest.js:389:16)
    at runTest (C:\Users\Zhenechka\react-fundamentals-app\node_modules\jest-runner\build\runTest.js:475:34)
    at Object.worker (C:\Users\Zhenechka\react-fundamentals-app\node_modules\jest-runner\build\testWorker.js:133:12)</failure>
    </testcase>
    <testcase classname="CourseInfo-should render correct course creation date (use formatCreationDate)" name="CourseInfo-should render correct course creation date (use formatCreationDate)" time="0.035">
      <failure>TypeError: Cannot read properties of undefined (reading &apos;find&apos;)
    at CourseInfo (C:\Users\Zhenechka\react-fundamentals-app\src\components\CourseInfo\CourseInfo.jsx:17:30)
    at renderWithHooks (C:\Users\Zhenechka\react-fundamentals-app\node_modules\react-dom\cjs\react-dom.development.js:16305:18)
    at mountIndeterminateComponent (C:\Users\Zhenechka\react-fundamentals-app\node_modules\react-dom\cjs\react-dom.development.js:20074:13)
    at beginWork (C:\Users\Zhenechka\react-fundamentals-app\node_modules\react-dom\cjs\react-dom.development.js:21587:16)
    at beginWork$1 (C:\Users\Zhenechka\react-fundamentals-app\node_modules\react-dom\cjs\react-dom.development.js:27426:14)
    at performUnitOfWork (C:\Users\Zhenechka\react-fundamentals-app\node_modules\react-dom\cjs\react-dom.development.js:26560:12)
    at workLoopSync (C:\Users\Zhenechka\react-fundamentals-app\node_modules\react-dom\cjs\react-dom.development.js:26466:5)
    at renderRootSync (C:\Users\Zhenechka\react-fundamentals-app\node_modules\react-dom\cjs\react-dom.development.js:26434:7)
    at recoverFromConcurrentError (C:\Users\Zhenechka\react-fundamentals-app\node_modules\react-dom\cjs\react-dom.development.js:25850:20)
    at performConcurrentWorkOnRoot (C:\Users\Zhenechka\react-fundamentals-app\node_modules\react-dom\cjs\react-dom.development.js:25750:22)
    at flushActQueue (C:\Users\Zhenechka\react-fundamentals-app\node_modules\react\cjs\react.development.js:2667:24)
    at act (C:\Users\Zhenechka\react-fundamentals-app\node_modules\react\cjs\react.development.js:2582:11)
    at C:\Users\Zhenechka\react-fundamentals-app\node_modules\@testing-library\react\dist\act-compat.js:46:25
    at renderRoot (C:\Users\Zhenechka\react-fundamentals-app\node_modules\@testing-library\react\dist\pure.js:161:26)
    at render (C:\Users\Zhenechka\react-fundamentals-app\node_modules\@testing-library\react\dist\pure.js:247:10)
    at Object.&lt;anonymous&gt; (C:\Users\Zhenechka\react-fundamentals-app\src\__tests__\module-3\CourseInfo.test.js:106:11)
    at Promise.then.completed (C:\Users\Zhenechka\react-fundamentals-app\node_modules\jest-circus\build\utils.js:391:28)
    at new Promise (&lt;anonymous&gt;)
    at callAsyncCircusFn (C:\Users\Zhenechka\react-fundamentals-app\node_modules\jest-circus\build\utils.js:316:10)
    at _callCircusTest (C:\Users\Zhenechka\react-fundamentals-app\node_modules\jest-circus\build\run.js:218:40)
    at processTicksAndRejections (node:internal/process/task_queues:105:5)
    at _runTest (C:\Users\Zhenechka\react-fundamentals-app\node_modules\jest-circus\build\run.js:155:3)
    at _runTestsForDescribeBlock (C:\Users\Zhenechka\react-fundamentals-app\node_modules\jest-circus\build\run.js:66:9)
    at _runTestsForDescribeBlock (C:\Users\Zhenechka\react-fundamentals-app\node_modules\jest-circus\build\run.js:60:9)
    at run (C:\Users\Zhenechka\react-fundamentals-app\node_modules\jest-circus\build\run.js:25:3)
    at runAndTransformResultsToJestFormat (C:\Users\Zhenechka\react-fundamentals-app\node_modules\jest-circus\build\legacy-code-todo-rewrite\jestAdapterInit.js:170:21)
    at jestAdapter (C:\Users\Zhenechka\react-fundamentals-app\node_modules\jest-circus\build\legacy-code-todo-rewrite\jestAdapter.js:82:19)
    at runTestInternal (C:\Users\Zhenechka\react-fundamentals-app\node_modules\jest-runner\build\runTest.js:389:16)
    at runTest (C:\Users\Zhenechka\react-fundamentals-app\node_modules\jest-runner\build\runTest.js:475:34)
    at Object.worker (C:\Users\Zhenechka\react-fundamentals-app\node_modules\jest-runner\build\testWorker.js:133:12)</failure>
    </testcase>
    <testcase classname="CourseInfo-should render correct course authors names (match authors of current course (use getCoursesSelector inside &lt;CourseInfo /&gt;) and all authors (use getAuthorsSelector inside &lt;CourseInfo /&gt;))" name="CourseInfo-should render correct course authors names (match authors of current course (use getCoursesSelector inside &lt;CourseInfo /&gt;) and all authors (use getAuthorsSelector inside &lt;CourseInfo /&gt;))" time="0.011">
      <failure>TypeError: Cannot read properties of undefined (reading &apos;find&apos;)
    at CourseInfo (C:\Users\Zhenechka\react-fundamentals-app\src\components\CourseInfo\CourseInfo.jsx:17:30)
    at renderWithHooks (C:\Users\Zhenechka\react-fundamentals-app\node_modules\react-dom\cjs\react-dom.development.js:16305:18)
    at mountIndeterminateComponent (C:\Users\Zhenechka\react-fundamentals-app\node_modules\react-dom\cjs\react-dom.development.js:20074:13)
    at beginWork (C:\Users\Zhenechka\react-fundamentals-app\node_modules\react-dom\cjs\react-dom.development.js:21587:16)
    at beginWork$1 (C:\Users\Zhenechka\react-fundamentals-app\node_modules\react-dom\cjs\react-dom.development.js:27426:14)
    at performUnitOfWork (C:\Users\Zhenechka\react-fundamentals-app\node_modules\react-dom\cjs\react-dom.development.js:26560:12)
    at workLoopSync (C:\Users\Zhenechka\react-fundamentals-app\node_modules\react-dom\cjs\react-dom.development.js:26466:5)
    at renderRootSync (C:\Users\Zhenechka\react-fundamentals-app\node_modules\react-dom\cjs\react-dom.development.js:26434:7)
    at recoverFromConcurrentError (C:\Users\Zhenechka\react-fundamentals-app\node_modules\react-dom\cjs\react-dom.development.js:25850:20)
    at performConcurrentWorkOnRoot (C:\Users\Zhenechka\react-fundamentals-app\node_modules\react-dom\cjs\react-dom.development.js:25750:22)
    at flushActQueue (C:\Users\Zhenechka\react-fundamentals-app\node_modules\react\cjs\react.development.js:2667:24)
    at act (C:\Users\Zhenechka\react-fundamentals-app\node_modules\react\cjs\react.development.js:2582:11)
    at C:\Users\Zhenechka\react-fundamentals-app\node_modules\@testing-library\react\dist\act-compat.js:46:25
    at renderRoot (C:\Users\Zhenechka\react-fundamentals-app\node_modules\@testing-library\react\dist\pure.js:161:26)
    at render (C:\Users\Zhenechka\react-fundamentals-app\node_modules\@testing-library\react\dist\pure.js:247:10)
    at Object.&lt;anonymous&gt; (C:\Users\Zhenechka\react-fundamentals-app\src\__tests__\module-3\CourseInfo.test.js:121:11)
    at Promise.then.completed (C:\Users\Zhenechka\react-fundamentals-app\node_modules\jest-circus\build\utils.js:391:28)
    at new Promise (&lt;anonymous&gt;)
    at callAsyncCircusFn (C:\Users\Zhenechka\react-fundamentals-app\node_modules\jest-circus\build\utils.js:316:10)
    at _callCircusTest (C:\Users\Zhenechka\react-fundamentals-app\node_modules\jest-circus\build\run.js:218:40)
    at processTicksAndRejections (node:internal/process/task_queues:105:5)
    at _runTest (C:\Users\Zhenechka\react-fundamentals-app\node_modules\jest-circus\build\run.js:155:3)
    at _runTestsForDescribeBlock (C:\Users\Zhenechka\react-fundamentals-app\node_modules\jest-circus\build\run.js:66:9)
    at _runTestsForDescribeBlock (C:\Users\Zhenechka\react-fundamentals-app\node_modules\jest-circus\build\run.js:60:9)
    at run (C:\Users\Zhenechka\react-fundamentals-app\node_modules\jest-circus\build\run.js:25:3)
    at runAndTransformResultsToJestFormat (C:\Users\Zhenechka\react-fundamentals-app\node_modules\jest-circus\build\legacy-code-todo-rewrite\jestAdapterInit.js:170:21)
    at jestAdapter (C:\Users\Zhenechka\react-fundamentals-app\node_modules\jest-circus\build\legacy-code-todo-rewrite\jestAdapter.js:82:19)
    at runTestInternal (C:\Users\Zhenechka\react-fundamentals-app\node_modules\jest-runner\build\runTest.js:389:16)
    at runTest (C:\Users\Zhenechka\react-fundamentals-app\node_modules\jest-runner\build\runTest.js:475:34)
    at Object.worker (C:\Users\Zhenechka\react-fundamentals-app\node_modules\jest-runner\build\testWorker.js:133:12)</failure>
    </testcase>
    <testcase classname="CourseInfo-should render &quot;BACK&quot; button as a Link provided by react-router-dom with to=&quot;/courses&quot;" name="CourseInfo-should render &quot;BACK&quot; button as a Link provided by react-router-dom with to=&quot;/courses&quot;" time="0.018">
      <failure>TypeError: Cannot read properties of undefined (reading &apos;find&apos;)
    at CourseInfo (C:\Users\Zhenechka\react-fundamentals-app\src\components\CourseInfo\CourseInfo.jsx:17:30)
    at renderWithHooks (C:\Users\Zhenechka\react-fundamentals-app\node_modules\react-dom\cjs\react-dom.development.js:16305:18)
    at mountIndeterminateComponent (C:\Users\Zhenechka\react-fundamentals-app\node_modules\react-dom\cjs\react-dom.development.js:20074:13)
    at beginWork (C:\Users\Zhenechka\react-fundamentals-app\node_modules\react-dom\cjs\react-dom.development.js:21587:16)
    at beginWork$1 (C:\Users\Zhenechka\react-fundamentals-app\node_modules\react-dom\cjs\react-dom.development.js:27426:14)
    at performUnitOfWork (C:\Users\Zhenechka\react-fundamentals-app\node_modules\react-dom\cjs\react-dom.development.js:26560:12)
    at workLoopSync (C:\Users\Zhenechka\react-fundamentals-app\node_modules\react-dom\cjs\react-dom.development.js:26466:5)
    at renderRootSync (C:\Users\Zhenechka\react-fundamentals-app\node_modules\react-dom\cjs\react-dom.development.js:26434:7)
    at recoverFromConcurrentError (C:\Users\Zhenechka\react-fundamentals-app\node_modules\react-dom\cjs\react-dom.development.js:25850:20)
    at performConcurrentWorkOnRoot (C:\Users\Zhenechka\react-fundamentals-app\node_modules\react-dom\cjs\react-dom.development.js:25750:22)
    at flushActQueue (C:\Users\Zhenechka\react-fundamentals-app\node_modules\react\cjs\react.development.js:2667:24)
    at act (C:\Users\Zhenechka\react-fundamentals-app\node_modules\react\cjs\react.development.js:2582:11)
    at C:\Users\Zhenechka\react-fundamentals-app\node_modules\@testing-library\react\dist\act-compat.js:46:25
    at renderRoot (C:\Users\Zhenechka\react-fundamentals-app\node_modules\@testing-library\react\dist\pure.js:161:26)
    at render (C:\Users\Zhenechka\react-fundamentals-app\node_modules\@testing-library\react\dist\pure.js:247:10)
    at Object.&lt;anonymous&gt; (C:\Users\Zhenechka\react-fundamentals-app\src\__tests__\module-3\CourseInfo.test.js:137:11)
    at Promise.then.completed (C:\Users\Zhenechka\react-fundamentals-app\node_modules\jest-circus\build\utils.js:391:28)
    at new Promise (&lt;anonymous&gt;)
    at callAsyncCircusFn (C:\Users\Zhenechka\react-fundamentals-app\node_modules\jest-circus\build\utils.js:316:10)
    at _callCircusTest (C:\Users\Zhenechka\react-fundamentals-app\node_modules\jest-circus\build\run.js:218:40)
    at processTicksAndRejections (node:internal/process/task_queues:105:5)
    at _runTest (C:\Users\Zhenechka\react-fundamentals-app\node_modules\jest-circus\build\run.js:155:3)
    at _runTestsForDescribeBlock (C:\Users\Zhenechka\react-fundamentals-app\node_modules\jest-circus\build\run.js:66:9)
    at _runTestsForDescribeBlock (C:\Users\Zhenechka\react-fundamentals-app\node_modules\jest-circus\build\run.js:60:9)
    at run (C:\Users\Zhenechka\react-fundamentals-app\node_modules\jest-circus\build\run.js:25:3)
    at runAndTransformResultsToJestFormat (C:\Users\Zhenechka\react-fundamentals-app\node_modules\jest-circus\build\legacy-code-todo-rewrite\jestAdapterInit.js:170:21)
    at jestAdapter (C:\Users\Zhenechka\react-fundamentals-app\node_modules\jest-circus\build\legacy-code-todo-rewrite\jestAdapter.js:82:19)
    at runTestInternal (C:\Users\Zhenechka\react-fundamentals-app\node_modules\jest-runner\build\runTest.js:389:16)
    at runTest (C:\Users\Zhenechka\react-fundamentals-app\node_modules\jest-runner\build\runTest.js:475:34)
    at Object.worker (C:\Users\Zhenechka\react-fundamentals-app\node_modules\jest-runner\build\testWorker.js:133:12)</failure>
    </testcase>
  </testsuite>
  <testsuite name="src\__tests__\module-2\Login.test.js" errors="0" failures="3" skipped="0" timestamp="2025-05-21T23:21:57" time="1.518" tests="5">
    <testcase classname="Login-should render login form with 2 inputs, registration info text and link" name="Login-should render login form with 2 inputs, registration info text and link" time="0.054">
      <failure>Error: expect(received).toBeInTheDocument()

received value must be an HTMLElement or an SVGElement.
Received has value: null
    at __EXTERNAL_MATCHER_TRAP__ (C:\Users\Zhenechka\react-fundamentals-app\node_modules\expect\build\index.js:386:30)
    at Object.toBeInTheDocument (C:\Users\Zhenechka\react-fundamentals-app\node_modules\expect\build\index.js:387:15)
    at Object.&lt;anonymous&gt; (C:\Users\Zhenechka\react-fundamentals-app\src\__tests__\module-2\Login.test.js:46:51)
    at Promise.then.completed (C:\Users\Zhenechka\react-fundamentals-app\node_modules\jest-circus\build\utils.js:391:28)
    at new Promise (&lt;anonymous&gt;)
    at callAsyncCircusFn (C:\Users\Zhenechka\react-fundamentals-app\node_modules\jest-circus\build\utils.js:316:10)
    at _callCircusTest (C:\Users\Zhenechka\react-fundamentals-app\node_modules\jest-circus\build\run.js:218:40)
    at processTicksAndRejections (node:internal/process/task_queues:105:5)
    at _runTest (C:\Users\Zhenechka\react-fundamentals-app\node_modules\jest-circus\build\run.js:155:3)
    at _runTestsForDescribeBlock (C:\Users\Zhenechka\react-fundamentals-app\node_modules\jest-circus\build\run.js:66:9)
    at _runTestsForDescribeBlock (C:\Users\Zhenechka\react-fundamentals-app\node_modules\jest-circus\build\run.js:60:9)
    at run (C:\Users\Zhenechka\react-fundamentals-app\node_modules\jest-circus\build\run.js:25:3)
    at runAndTransformResultsToJestFormat (C:\Users\Zhenechka\react-fundamentals-app\node_modules\jest-circus\build\legacy-code-todo-rewrite\jestAdapterInit.js:170:21)
    at jestAdapter (C:\Users\Zhenechka\react-fundamentals-app\node_modules\jest-circus\build\legacy-code-todo-rewrite\jestAdapter.js:82:19)
    at runTestInternal (C:\Users\Zhenechka\react-fundamentals-app\node_modules\jest-runner\build\runTest.js:389:16)
    at runTest (C:\Users\Zhenechka\react-fundamentals-app\node_modules\jest-runner\build\runTest.js:475:34)
    at Object.worker (C:\Users\Zhenechka\react-fundamentals-app\node_modules\jest-runner\build\testWorker.js:133:12)</failure>
    </testcase>
    <testcase classname="Login-should submits login form calls login service with entered email and password" name="Login-should submits login form calls login service with entered email and password" time="0.202">
    </testcase>
    <testcase classname="Login-should set &quot;token&quot; to localstorage after login submit" name="Login-should set &quot;token&quot; to localstorage after login submit" time="0.055">
    </testcase>
    <testcase classname="Login-should render the &quot;Password is required&quot; validation message and NOT call login service" name="Login-should render the &quot;Password is required&quot; validation message and NOT call login service" time="0.063">
      <failure>Error: expect(received).toBeInTheDocument()

received value must be an HTMLElement or an SVGElement.
Received has value: null
    at __EXTERNAL_MATCHER_TRAP__ (C:\Users\Zhenechka\react-fundamentals-app\node_modules\expect\build\index.js:386:30)
    at Object.toBeInTheDocument (C:\Users\Zhenechka\react-fundamentals-app\node_modules\expect\build\index.js:387:15)
    at Object.&lt;anonymous&gt; (C:\Users\Zhenechka\react-fundamentals-app\src\__tests__\module-2\Login.test.js:109:57)
    at Promise.then.completed (C:\Users\Zhenechka\react-fundamentals-app\node_modules\jest-circus\build\utils.js:391:28)
    at new Promise (&lt;anonymous&gt;)
    at callAsyncCircusFn (C:\Users\Zhenechka\react-fundamentals-app\node_modules\jest-circus\build\utils.js:316:10)
    at _callCircusTest (C:\Users\Zhenechka\react-fundamentals-app\node_modules\jest-circus\build\run.js:218:40)
    at _runTest (C:\Users\Zhenechka\react-fundamentals-app\node_modules\jest-circus\build\run.js:155:3)
    at _runTestsForDescribeBlock (C:\Users\Zhenechka\react-fundamentals-app\node_modules\jest-circus\build\run.js:66:9)
    at _runTestsForDescribeBlock (C:\Users\Zhenechka\react-fundamentals-app\node_modules\jest-circus\build\run.js:60:9)
    at run (C:\Users\Zhenechka\react-fundamentals-app\node_modules\jest-circus\build\run.js:25:3)
    at runAndTransformResultsToJestFormat (C:\Users\Zhenechka\react-fundamentals-app\node_modules\jest-circus\build\legacy-code-todo-rewrite\jestAdapterInit.js:170:21)
    at jestAdapter (C:\Users\Zhenechka\react-fundamentals-app\node_modules\jest-circus\build\legacy-code-todo-rewrite\jestAdapter.js:82:19)
    at runTestInternal (C:\Users\Zhenechka\react-fundamentals-app\node_modules\jest-runner\build\runTest.js:389:16)
    at runTest (C:\Users\Zhenechka\react-fundamentals-app\node_modules\jest-runner\build\runTest.js:475:34)
    at Object.worker (C:\Users\Zhenechka\react-fundamentals-app\node_modules\jest-runner\build\testWorker.js:133:12)</failure>
    </testcase>
    <testcase classname="Login-should render the &quot;Email is required&quot; validation message and NOT call login service" name="Login-should render the &quot;Email is required&quot; validation message and NOT call login service" time="0.021">
      <failure>Error: expect(received).toBeInTheDocument()

received value must be an HTMLElement or an SVGElement.
Received has value: null
    at __EXTERNAL_MATCHER_TRAP__ (C:\Users\Zhenechka\react-fundamentals-app\node_modules\expect\build\index.js:386:30)
    at Object.toBeInTheDocument (C:\Users\Zhenechka\react-fundamentals-app\node_modules\expect\build\index.js:387:15)
    at Object.&lt;anonymous&gt; (C:\Users\Zhenechka\react-fundamentals-app\src\__tests__\module-2\Login.test.js:125:54)
    at Promise.then.completed (C:\Users\Zhenechka\react-fundamentals-app\node_modules\jest-circus\build\utils.js:391:28)
    at new Promise (&lt;anonymous&gt;)
    at callAsyncCircusFn (C:\Users\Zhenechka\react-fundamentals-app\node_modules\jest-circus\build\utils.js:316:10)
    at _callCircusTest (C:\Users\Zhenechka\react-fundamentals-app\node_modules\jest-circus\build\run.js:218:40)
    at _runTest (C:\Users\Zhenechka\react-fundamentals-app\node_modules\jest-circus\build\run.js:155:3)
    at _runTestsForDescribeBlock (C:\Users\Zhenechka\react-fundamentals-app\node_modules\jest-circus\build\run.js:66:9)
    at _runTestsForDescribeBlock (C:\Users\Zhenechka\react-fundamentals-app\node_modules\jest-circus\build\run.js:60:9)
    at run (C:\Users\Zhenechka\react-fundamentals-app\node_modules\jest-circus\build\run.js:25:3)
    at runAndTransformResultsToJestFormat (C:\Users\Zhenechka\react-fundamentals-app\node_modules\jest-circus\build\legacy-code-todo-rewrite\jestAdapterInit.js:170:21)
    at jestAdapter (C:\Users\Zhenechka\react-fundamentals-app\node_modules\jest-circus\build\legacy-code-todo-rewrite\jestAdapter.js:82:19)
    at runTestInternal (C:\Users\Zhenechka\react-fundamentals-app\node_modules\jest-runner\build\runTest.js:389:16)
    at runTest (C:\Users\Zhenechka\react-fundamentals-app\node_modules\jest-runner\build\runTest.js:475:34)
    at Object.worker (C:\Users\Zhenechka\react-fundamentals-app\node_modules\jest-runner\build\testWorker.js:133:12)</failure>
    </testcase>
  </testsuite>
  <testsuite name="src\__tests__\module-2\App.test.js" errors="0" failures="2" skipped="0" timestamp="2025-05-21T23:21:57" time="1.542" tests="9">
    <testcase classname="App-should render Login component when &quot;token&quot; is not present in localStorage and route &quot;/&quot;" name="App-should render Login component when &quot;token&quot; is not present in localStorage and route &quot;/&quot;" time="0.088">
      <failure>TestingLibraryElementError: Unable to find an element with the text: /If you don&apos;t have an account you/i. This could be because the text is broken up by multiple elements. In this case, you can provide a function for your text matcher to make your matcher more flexible.

Ignored nodes: comments, script, style
&lt;body&gt;
  &lt;div&gt;
    &lt;div
      class=&quot;wrapper&quot;
    &gt;
      &lt;div
        class=&quot;container&quot;
      &gt;
        &lt;div
          class=&quot;container&quot;
        &gt;
          &lt;h1&gt;
            Login
          &lt;/h1&gt;
          &lt;div
            class=&quot;formContainer&quot;
          &gt;
            &lt;form
              data-testid=&quot;loginForm&quot;
            &gt;
              &lt;label
                class=&quot;label&quot;
                for=&quot;email&quot;
              &gt;
                Email
                &lt;input
                  class=&quot;input&quot;
                  data-testid=&quot;emailInput&quot;
                  id=&quot;email&quot;
                  name=&quot;email&quot;
                  type=&quot;text&quot;
                  value=&quot;&quot;
                /&gt;
              &lt;/label&gt;
              &lt;label
                class=&quot;label&quot;
                for=&quot;password&quot;
              &gt;
                Password
                &lt;input
                  class=&quot;input&quot;
                  data-testid=&quot;passwordInput&quot;
                  id=&quot;password&quot;
                  name=&quot;password&quot;
                  type=&quot;password&quot;
                  value=&quot;&quot;
                /&gt;
              &lt;/label&gt;
              &lt;button
                class=&quot;button&quot;
                data-testid=&quot;loginButton&quot;
                type=&quot;submit&quot;
              &gt;
                Login
              &lt;/button&gt;
            &lt;/form&gt;
            &lt;p&gt;
              &lt;span&gt;
                if u dont have an account, use 
              &lt;/span&gt;
              &lt;a
                data-testid=&quot;registrationLink&quot;
                href=&quot;/registration&quot;
              &gt;
                registration
              &lt;/a&gt;
            &lt;/p&gt;
          &lt;/div&gt;
        &lt;/div&gt;
      &lt;/div&gt;
    &lt;/div&gt;
  &lt;/div&gt;
&lt;/body&gt;
    at Object.getElementError (C:\Users\Zhenechka\react-fundamentals-app\node_modules\@testing-library\dom\dist\config.js:37:19)
    at C:\Users\Zhenechka\react-fundamentals-app\node_modules\@testing-library\dom\dist\query-helpers.js:76:38
    at C:\Users\Zhenechka\react-fundamentals-app\node_modules\@testing-library\dom\dist\query-helpers.js:52:17
    at getByText (C:\Users\Zhenechka\react-fundamentals-app\node_modules\@testing-library\dom\dist\query-helpers.js:95:19)
    at Object.&lt;anonymous&gt; (C:\Users\Zhenechka\react-fundamentals-app\src\__tests__\module-2\App.test.js:16:14)
    at Promise.then.completed (C:\Users\Zhenechka\react-fundamentals-app\node_modules\jest-circus\build\utils.js:391:28)
    at new Promise (&lt;anonymous&gt;)
    at callAsyncCircusFn (C:\Users\Zhenechka\react-fundamentals-app\node_modules\jest-circus\build\utils.js:316:10)
    at _callCircusTest (C:\Users\Zhenechka\react-fundamentals-app\node_modules\jest-circus\build\run.js:218:40)
    at processTicksAndRejections (node:internal/process/task_queues:105:5)
    at _runTest (C:\Users\Zhenechka\react-fundamentals-app\node_modules\jest-circus\build\run.js:155:3)
    at _runTestsForDescribeBlock (C:\Users\Zhenechka\react-fundamentals-app\node_modules\jest-circus\build\run.js:66:9)
    at _runTestsForDescribeBlock (C:\Users\Zhenechka\react-fundamentals-app\node_modules\jest-circus\build\run.js:60:9)
    at run (C:\Users\Zhenechka\react-fundamentals-app\node_modules\jest-circus\build\run.js:25:3)
    at runAndTransformResultsToJestFormat (C:\Users\Zhenechka\react-fundamentals-app\node_modules\jest-circus\build\legacy-code-todo-rewrite\jestAdapterInit.js:170:21)
    at jestAdapter (C:\Users\Zhenechka\react-fundamentals-app\node_modules\jest-circus\build\legacy-code-todo-rewrite\jestAdapter.js:82:19)
    at runTestInternal (C:\Users\Zhenechka\react-fundamentals-app\node_modules\jest-runner\build\runTest.js:389:16)
    at runTest (C:\Users\Zhenechka\react-fundamentals-app\node_modules\jest-runner\build\runTest.js:475:34)
    at Object.worker (C:\Users\Zhenechka\react-fundamentals-app\node_modules\jest-runner\build\testWorker.js:133:12)</failure>
    </testcase>
    <testcase classname="App-should switch to registration page from login page on &quot;Registration&quot; link click" name="App-should switch to registration page from login page on &quot;Registration&quot; link click" time="0.018">
      <failure>TestingLibraryElementError: Unable to find an element with the text: /If you don&apos;t have an account you/i. This could be because the text is broken up by multiple elements. In this case, you can provide a function for your text matcher to make your matcher more flexible.

Ignored nodes: comments, script, style
&lt;body&gt;
  &lt;div&gt;
    &lt;div
      class=&quot;wrapper&quot;
    &gt;
      &lt;div
        class=&quot;container&quot;
      &gt;
        &lt;div
          class=&quot;container&quot;
        &gt;
          &lt;h1&gt;
            Login
          &lt;/h1&gt;
          &lt;div
            class=&quot;formContainer&quot;
          &gt;
            &lt;form
              data-testid=&quot;loginForm&quot;
            &gt;
              &lt;label
                class=&quot;label&quot;
                for=&quot;email&quot;
              &gt;
                Email
                &lt;input
                  class=&quot;input&quot;
                  data-testid=&quot;emailInput&quot;
                  id=&quot;email&quot;
                  name=&quot;email&quot;
                  type=&quot;text&quot;
                  value=&quot;&quot;
                /&gt;
              &lt;/label&gt;
              &lt;label
                class=&quot;label&quot;
                for=&quot;password&quot;
              &gt;
                Password
                &lt;input
                  class=&quot;input&quot;
                  data-testid=&quot;passwordInput&quot;
                  id=&quot;password&quot;
                  name=&quot;password&quot;
                  type=&quot;password&quot;
                  value=&quot;&quot;
                /&gt;
              &lt;/label&gt;
              &lt;button
                class=&quot;button&quot;
                data-testid=&quot;loginButton&quot;
                type=&quot;submit&quot;
              &gt;
                Login
              &lt;/button&gt;
            &lt;/form&gt;
            &lt;p&gt;
              &lt;span&gt;
                if u dont have an account, use 
              &lt;/span&gt;
              &lt;a
                data-testid=&quot;registrationLink&quot;
                href=&quot;/registration&quot;
              &gt;
                registration
              &lt;/a&gt;
            &lt;/p&gt;
          &lt;/div&gt;
        &lt;/div&gt;
      &lt;/div&gt;
    &lt;/div&gt;
  &lt;/div&gt;
&lt;/body&gt;
    at Object.getElementError (C:\Users\Zhenechka\react-fundamentals-app\node_modules\@testing-library\dom\dist\config.js:37:19)
    at C:\Users\Zhenechka\react-fundamentals-app\node_modules\@testing-library\dom\dist\query-helpers.js:76:38
    at C:\Users\Zhenechka\react-fundamentals-app\node_modules\@testing-library\dom\dist\query-helpers.js:52:17
    at getByText (C:\Users\Zhenechka\react-fundamentals-app\node_modules\@testing-library\dom\dist\query-helpers.js:95:19)
    at Object.&lt;anonymous&gt; (C:\Users\Zhenechka\react-fundamentals-app\src\__tests__\module-2\App.test.js:30:14)
    at Promise.then.completed (C:\Users\Zhenechka\react-fundamentals-app\node_modules\jest-circus\build\utils.js:391:28)
    at new Promise (&lt;anonymous&gt;)
    at callAsyncCircusFn (C:\Users\Zhenechka\react-fundamentals-app\node_modules\jest-circus\build\utils.js:316:10)
    at _callCircusTest (C:\Users\Zhenechka\react-fundamentals-app\node_modules\jest-circus\build\run.js:218:40)
    at processTicksAndRejections (node:internal/process/task_queues:105:5)
    at _runTest (C:\Users\Zhenechka\react-fundamentals-app\node_modules\jest-circus\build\run.js:155:3)
    at _runTestsForDescribeBlock (C:\Users\Zhenechka\react-fundamentals-app\node_modules\jest-circus\build\run.js:66:9)
    at _runTestsForDescribeBlock (C:\Users\Zhenechka\react-fundamentals-app\node_modules\jest-circus\build\run.js:60:9)
    at run (C:\Users\Zhenechka\react-fundamentals-app\node_modules\jest-circus\build\run.js:25:3)
    at runAndTransformResultsToJestFormat (C:\Users\Zhenechka\react-fundamentals-app\node_modules\jest-circus\build\legacy-code-todo-rewrite\jestAdapterInit.js:170:21)
    at jestAdapter (C:\Users\Zhenechka\react-fundamentals-app\node_modules\jest-circus\build\legacy-code-todo-rewrite\jestAdapter.js:82:19)
    at runTestInternal (C:\Users\Zhenechka\react-fundamentals-app\node_modules\jest-runner\build\runTest.js:389:16)
    at runTest (C:\Users\Zhenechka\react-fundamentals-app\node_modules\jest-runner\build\runTest.js:475:34)
    at Object.worker (C:\Users\Zhenechka\react-fundamentals-app\node_modules\jest-runner\build\testWorker.js:133:12)</failure>
    </testcase>
    <testcase classname="App-should render Registration component when route &quot;/registration&quot;" name="App-should render Registration component when route &quot;/registration&quot;" time="0.02">
    </testcase>
    <testcase classname="App-should switch to login page from registration page on &quot;Login&quot; link click" name="App-should switch to login page from registration page on &quot;Login&quot; link click" time="0.11">
    </testcase>
    <testcase classname="App-should render CourseCard components with data-testid=&quot;courseCard&quot; when token is present in localStorage and route &quot;/&quot;" name="App-should render CourseCard components with data-testid=&quot;courseCard&quot; when token is present in localStorage and route &quot;/&quot;" time="0.021">
    </testcase>
    <testcase classname="App-should render CourseForm component with &quot;CREATE COURSE&quot; button with data-testid=&quot;createCourseButton&quot; if route &quot;/courses/add&quot;" name="App-should render CourseForm component with &quot;CREATE COURSE&quot; button with data-testid=&quot;createCourseButton&quot; if route &quot;/courses/add&quot;" time="0.032">
    </testcase>
    <testcase classname="App-should render CourseInfo component with data-testid=&quot;courseInfo&quot; when route &quot;/courses/:courseId&quot;" name="App-should render CourseInfo component with data-testid=&quot;courseInfo&quot; when route &quot;/courses/:courseId&quot;" time="0.006">
    </testcase>
    <testcase classname="App-should render CourseInfo with data-testid=&quot;courseInfo&quot; component after &quot;SHOW COURSE&quot; button click" name="App-should render CourseInfo with data-testid=&quot;courseInfo&quot; component after &quot;SHOW COURSE&quot; button click" time="0.011">
    </testcase>
    <testcase classname="App-should render list of courses with data-testid=&quot;courseCard&quot; after &quot;BACK&quot; button click on CourseInfo page" name="App-should render list of courses with data-testid=&quot;courseCard&quot; after &quot;BACK&quot; button click on CourseInfo page" time="0.039">
    </testcase>
  </testsuite>
  <testsuite name="src\__tests__\module-4\App.test.js" errors="0" failures="6" skipped="0" timestamp="2025-05-21T23:21:57" time="1.616" tests="12">
    <testcase classname="App-should render Login component when &quot;token&quot; is not present in localStorage and route &quot;/&quot;" name="App-should render Login component when &quot;token&quot; is not present in localStorage and route &quot;/&quot;" time="0.085">
      <failure>TestingLibraryElementError: Unable to find an element with the text: /If you don&apos;t have an account you/i. This could be because the text is broken up by multiple elements. In this case, you can provide a function for your text matcher to make your matcher more flexible.

Ignored nodes: comments, script, style
&lt;body&gt;
  &lt;div&gt;
    &lt;div
      class=&quot;wrapper&quot;
    &gt;
      &lt;div
        class=&quot;container&quot;
      &gt;
        &lt;div
          class=&quot;container&quot;
        &gt;
          &lt;h1&gt;
            Login
          &lt;/h1&gt;
          &lt;div
            class=&quot;formContainer&quot;
          &gt;
            &lt;form
              data-testid=&quot;loginForm&quot;
            &gt;
              &lt;label
                class=&quot;label&quot;
                for=&quot;email&quot;
              &gt;
                Email
                &lt;input
                  class=&quot;input&quot;
                  data-testid=&quot;emailInput&quot;
                  id=&quot;email&quot;
                  name=&quot;email&quot;
                  type=&quot;text&quot;
                  value=&quot;&quot;
                /&gt;
              &lt;/label&gt;
              &lt;label
                class=&quot;label&quot;
                for=&quot;password&quot;
              &gt;
                Password
                &lt;input
                  class=&quot;input&quot;
                  data-testid=&quot;passwordInput&quot;
                  id=&quot;password&quot;
                  name=&quot;password&quot;
                  type=&quot;password&quot;
                  value=&quot;&quot;
                /&gt;
              &lt;/label&gt;
              &lt;button
                class=&quot;button&quot;
                data-testid=&quot;loginButton&quot;
                type=&quot;submit&quot;
              &gt;
                Login
              &lt;/button&gt;
            &lt;/form&gt;
            &lt;p&gt;
              &lt;span&gt;
                if u dont have an account, use 
              &lt;/span&gt;
              &lt;a
                data-testid=&quot;registrationLink&quot;
                href=&quot;/registration&quot;
              &gt;
                registration
              &lt;/a&gt;
            &lt;/p&gt;
          &lt;/div&gt;
        &lt;/div&gt;
      &lt;/div&gt;
    &lt;/div&gt;
  &lt;/div&gt;
&lt;/body&gt;
    at Object.getElementError (C:\Users\Zhenechka\react-fundamentals-app\node_modules\@testing-library\dom\dist\config.js:37:19)
    at C:\Users\Zhenechka\react-fundamentals-app\node_modules\@testing-library\dom\dist\query-helpers.js:76:38
    at C:\Users\Zhenechka\react-fundamentals-app\node_modules\@testing-library\dom\dist\query-helpers.js:52:17
    at getByText (C:\Users\Zhenechka\react-fundamentals-app\node_modules\@testing-library\dom\dist\query-helpers.js:95:19)
    at Object.&lt;anonymous&gt; (C:\Users\Zhenechka\react-fundamentals-app\src\__tests__\module-4\App.test.js:106:14)
    at Promise.then.completed (C:\Users\Zhenechka\react-fundamentals-app\node_modules\jest-circus\build\utils.js:391:28)
    at new Promise (&lt;anonymous&gt;)
    at callAsyncCircusFn (C:\Users\Zhenechka\react-fundamentals-app\node_modules\jest-circus\build\utils.js:316:10)
    at _callCircusTest (C:\Users\Zhenechka\react-fundamentals-app\node_modules\jest-circus\build\run.js:218:40)
    at processTicksAndRejections (node:internal/process/task_queues:105:5)
    at _runTest (C:\Users\Zhenechka\react-fundamentals-app\node_modules\jest-circus\build\run.js:155:3)
    at _runTestsForDescribeBlock (C:\Users\Zhenechka\react-fundamentals-app\node_modules\jest-circus\build\run.js:66:9)
    at _runTestsForDescribeBlock (C:\Users\Zhenechka\react-fundamentals-app\node_modules\jest-circus\build\run.js:60:9)
    at run (C:\Users\Zhenechka\react-fundamentals-app\node_modules\jest-circus\build\run.js:25:3)
    at runAndTransformResultsToJestFormat (C:\Users\Zhenechka\react-fundamentals-app\node_modules\jest-circus\build\legacy-code-todo-rewrite\jestAdapterInit.js:170:21)
    at jestAdapter (C:\Users\Zhenechka\react-fundamentals-app\node_modules\jest-circus\build\legacy-code-todo-rewrite\jestAdapter.js:82:19)
    at runTestInternal (C:\Users\Zhenechka\react-fundamentals-app\node_modules\jest-runner\build\runTest.js:389:16)
    at runTest (C:\Users\Zhenechka\react-fundamentals-app\node_modules\jest-runner\build\runTest.js:475:34)
    at Object.worker (C:\Users\Zhenechka\react-fundamentals-app\node_modules\jest-runner\build\testWorker.js:133:12)</failure>
    </testcase>
    <testcase classname="App-should switch to registration page from login page on registration link click" name="App-should switch to registration page from login page on registration link click" time="0.012">
      <failure>TestingLibraryElementError: Unable to find an element with the text: /If you don&apos;t have an account you/i. This could be because the text is broken up by multiple elements. In this case, you can provide a function for your text matcher to make your matcher more flexible.

Ignored nodes: comments, script, style
&lt;body&gt;
  &lt;div&gt;
    &lt;div
      class=&quot;wrapper&quot;
    &gt;
      &lt;div
        class=&quot;container&quot;
      &gt;
        &lt;div
          class=&quot;container&quot;
        &gt;
          &lt;h1&gt;
            Login
          &lt;/h1&gt;
          &lt;div
            class=&quot;formContainer&quot;
          &gt;
            &lt;form
              data-testid=&quot;loginForm&quot;
            &gt;
              &lt;label
                class=&quot;label&quot;
                for=&quot;email&quot;
              &gt;
                Email
                &lt;input
                  class=&quot;input&quot;
                  data-testid=&quot;emailInput&quot;
                  id=&quot;email&quot;
                  name=&quot;email&quot;
                  type=&quot;text&quot;
                  value=&quot;&quot;
                /&gt;
              &lt;/label&gt;
              &lt;label
                class=&quot;label&quot;
                for=&quot;password&quot;
              &gt;
                Password
                &lt;input
                  class=&quot;input&quot;
                  data-testid=&quot;passwordInput&quot;
                  id=&quot;password&quot;
                  name=&quot;password&quot;
                  type=&quot;password&quot;
                  value=&quot;&quot;
                /&gt;
              &lt;/label&gt;
              &lt;button
                class=&quot;button&quot;
                data-testid=&quot;loginButton&quot;
                type=&quot;submit&quot;
              &gt;
                Login
              &lt;/button&gt;
            &lt;/form&gt;
            &lt;p&gt;
              &lt;span&gt;
                if u dont have an account, use 
              &lt;/span&gt;
              &lt;a
                data-testid=&quot;registrationLink&quot;
                href=&quot;/registration&quot;
              &gt;
                registration
              &lt;/a&gt;
            &lt;/p&gt;
          &lt;/div&gt;
        &lt;/div&gt;
      &lt;/div&gt;
    &lt;/div&gt;
  &lt;/div&gt;
&lt;/body&gt;
    at Object.getElementError (C:\Users\Zhenechka\react-fundamentals-app\node_modules\@testing-library\dom\dist\config.js:37:19)
    at C:\Users\Zhenechka\react-fundamentals-app\node_modules\@testing-library\dom\dist\query-helpers.js:76:38
    at C:\Users\Zhenechka\react-fundamentals-app\node_modules\@testing-library\dom\dist\query-helpers.js:52:17
    at getByText (C:\Users\Zhenechka\react-fundamentals-app\node_modules\@testing-library\dom\dist\query-helpers.js:95:19)
    at Object.&lt;anonymous&gt; (C:\Users\Zhenechka\react-fundamentals-app\src\__tests__\module-4\App.test.js:121:14)
    at Promise.then.completed (C:\Users\Zhenechka\react-fundamentals-app\node_modules\jest-circus\build\utils.js:391:28)
    at new Promise (&lt;anonymous&gt;)
    at callAsyncCircusFn (C:\Users\Zhenechka\react-fundamentals-app\node_modules\jest-circus\build\utils.js:316:10)
    at _callCircusTest (C:\Users\Zhenechka\react-fundamentals-app\node_modules\jest-circus\build\run.js:218:40)
    at processTicksAndRejections (node:internal/process/task_queues:105:5)
    at _runTest (C:\Users\Zhenechka\react-fundamentals-app\node_modules\jest-circus\build\run.js:155:3)
    at _runTestsForDescribeBlock (C:\Users\Zhenechka\react-fundamentals-app\node_modules\jest-circus\build\run.js:66:9)
    at _runTestsForDescribeBlock (C:\Users\Zhenechka\react-fundamentals-app\node_modules\jest-circus\build\run.js:60:9)
    at run (C:\Users\Zhenechka\react-fundamentals-app\node_modules\jest-circus\build\run.js:25:3)
    at runAndTransformResultsToJestFormat (C:\Users\Zhenechka\react-fundamentals-app\node_modules\jest-circus\build\legacy-code-todo-rewrite\jestAdapterInit.js:170:21)
    at jestAdapter (C:\Users\Zhenechka\react-fundamentals-app\node_modules\jest-circus\build\legacy-code-todo-rewrite\jestAdapter.js:82:19)
    at runTestInternal (C:\Users\Zhenechka\react-fundamentals-app\node_modules\jest-runner\build\runTest.js:389:16)
    at runTest (C:\Users\Zhenechka\react-fundamentals-app\node_modules\jest-runner\build\runTest.js:475:34)
    at Object.worker (C:\Users\Zhenechka\react-fundamentals-app\node_modules\jest-runner\build\testWorker.js:133:12)</failure>
    </testcase>
    <testcase classname="App-should render Registration component if route &quot;/registration&quot;" name="App-should render Registration component if route &quot;/registration&quot;" time="0.032">
    </testcase>
    <testcase classname="App-should switch to login page from registration page on login link click" name="App-should switch to login page from registration page on login link click" time="0.089">
    </testcase>
    <testcase classname="App-should render Courses component when token is present in localStorage and if url &quot;/&quot;" name="App-should render Courses component when token is present in localStorage and if url &quot;/&quot;" time="0.035">
    </testcase>
    <testcase classname="App-should render CourseForm component if role admin and url &quot;/courses/add&quot;" name="App-should render CourseForm component if role admin and url &quot;/courses/add&quot;" time="0.022">
    </testcase>
    <testcase classname="App-should not renders CourseForm component if role non-admin and navigate to courses page &quot;/&quot;" name="App-should not renders CourseForm component if role non-admin and navigate to courses page &quot;/&quot;" time="0.026">
      <failure>Error: expect(element).not.toBeInTheDocument()

expected document not to contain element, found &lt;button class=&quot;button&quot; data-testid=&quot;createCourseButton&quot; type=&quot;submit&quot;&gt;Create Course&lt;/button&gt; instead
    at Object.&lt;anonymous&gt; (C:\Users\Zhenechka\react-fundamentals-app\src\__tests__\module-4\App.test.js:220:60)
    at Promise.then.completed (C:\Users\Zhenechka\react-fundamentals-app\node_modules\jest-circus\build\utils.js:391:28)
    at new Promise (&lt;anonymous&gt;)
    at callAsyncCircusFn (C:\Users\Zhenechka\react-fundamentals-app\node_modules\jest-circus\build\utils.js:316:10)
    at _callCircusTest (C:\Users\Zhenechka\react-fundamentals-app\node_modules\jest-circus\build\run.js:218:40)
    at processTicksAndRejections (node:internal/process/task_queues:105:5)
    at _runTest (C:\Users\Zhenechka\react-fundamentals-app\node_modules\jest-circus\build\run.js:155:3)
    at _runTestsForDescribeBlock (C:\Users\Zhenechka\react-fundamentals-app\node_modules\jest-circus\build\run.js:66:9)
    at _runTestsForDescribeBlock (C:\Users\Zhenechka\react-fundamentals-app\node_modules\jest-circus\build\run.js:60:9)
    at run (C:\Users\Zhenechka\react-fundamentals-app\node_modules\jest-circus\build\run.js:25:3)
    at runAndTransformResultsToJestFormat (C:\Users\Zhenechka\react-fundamentals-app\node_modules\jest-circus\build\legacy-code-todo-rewrite\jestAdapterInit.js:170:21)
    at jestAdapter (C:\Users\Zhenechka\react-fundamentals-app\node_modules\jest-circus\build\legacy-code-todo-rewrite\jestAdapter.js:82:19)
    at runTestInternal (C:\Users\Zhenechka\react-fundamentals-app\node_modules\jest-runner\build\runTest.js:389:16)
    at runTest (C:\Users\Zhenechka\react-fundamentals-app\node_modules\jest-runner\build\runTest.js:475:34)
    at Object.worker (C:\Users\Zhenechka\react-fundamentals-app\node_modules\jest-runner\build\testWorker.js:133:12)</failure>
    </testcase>
    <testcase classname="App-should render &quot;CourseForm&quot; (update mode) component if role admin and url &quot;/courses/update/:courseId&quot;" name="App-should render &quot;CourseForm&quot; (update mode) component if role admin and url &quot;/courses/update/:courseId&quot;" time="0.013">
      <failure>Error: expect(received).toBeInTheDocument()

received value must be an HTMLElement or an SVGElement.
Received has value: null
    at __EXTERNAL_MATCHER_TRAP__ (C:\Users\Zhenechka\react-fundamentals-app\node_modules\expect\build\index.js:386:30)
    at Object.toBeInTheDocument (C:\Users\Zhenechka\react-fundamentals-app\node_modules\expect\build\index.js:387:15)
    at Object.&lt;anonymous&gt; (C:\Users\Zhenechka\react-fundamentals-app\src\__tests__\module-4\App.test.js:234:57)
    at Promise.then.completed (C:\Users\Zhenechka\react-fundamentals-app\node_modules\jest-circus\build\utils.js:391:28)
    at new Promise (&lt;anonymous&gt;)
    at callAsyncCircusFn (C:\Users\Zhenechka\react-fundamentals-app\node_modules\jest-circus\build\utils.js:316:10)
    at _callCircusTest (C:\Users\Zhenechka\react-fundamentals-app\node_modules\jest-circus\build\run.js:218:40)
    at processTicksAndRejections (node:internal/process/task_queues:105:5)
    at _runTest (C:\Users\Zhenechka\react-fundamentals-app\node_modules\jest-circus\build\run.js:155:3)
    at _runTestsForDescribeBlock (C:\Users\Zhenechka\react-fundamentals-app\node_modules\jest-circus\build\run.js:66:9)
    at _runTestsForDescribeBlock (C:\Users\Zhenechka\react-fundamentals-app\node_modules\jest-circus\build\run.js:60:9)
    at run (C:\Users\Zhenechka\react-fundamentals-app\node_modules\jest-circus\build\run.js:25:3)
    at runAndTransformResultsToJestFormat (C:\Users\Zhenechka\react-fundamentals-app\node_modules\jest-circus\build\legacy-code-todo-rewrite\jestAdapterInit.js:170:21)
    at jestAdapter (C:\Users\Zhenechka\react-fundamentals-app\node_modules\jest-circus\build\legacy-code-todo-rewrite\jestAdapter.js:82:19)
    at runTestInternal (C:\Users\Zhenechka\react-fundamentals-app\node_modules\jest-runner\build\runTest.js:389:16)
    at runTest (C:\Users\Zhenechka\react-fundamentals-app\node_modules\jest-runner\build\runTest.js:475:34)
    at Object.worker (C:\Users\Zhenechka\react-fundamentals-app\node_modules\jest-runner\build\testWorker.js:133:12)</failure>
    </testcase>
    <testcase classname="App-should NOT renders &quot;CourseForm&quot; (update mode) component if role non-admin and navigate to courses page &quot;/&quot;" name="App-should NOT renders &quot;CourseForm&quot; (update mode) component if role non-admin and navigate to courses page &quot;/&quot;" time="0.009">
    </testcase>
    <testcase classname="App-should render CourseInfo component with data-testid=&quot;courseInfo&quot; when route &quot;/courses/:courseId&quot;" name="App-should render CourseInfo component with data-testid=&quot;courseInfo&quot; when route &quot;/courses/:courseId&quot;" time="0.006">
    </testcase>
    <testcase classname="App-should remove course on Delete button with data-testid=&quot;delete&quot; click (deleteCourseThunk should be called with course id)" name="App-should remove course on Delete button with data-testid=&quot;delete&quot; click (deleteCourseThunk should be called with course id)" time="0.008">
      <failure>Error: Unable to fire a &quot;click&quot; event - please provide a DOM element.
    at createEvent (C:\Users\Zhenechka\react-fundamentals-app\node_modules\@testing-library\dom\dist\events.js:27:11)
    at Function.createEvent.&lt;computed&gt; [as click] (C:\Users\Zhenechka\react-fundamentals-app\node_modules\@testing-library\dom\dist\events.js:106:38)
    at Function.fireEvent.&lt;computed&gt; [as click] (C:\Users\Zhenechka\react-fundamentals-app\node_modules\@testing-library\dom\dist\events.js:110:68)
    at Function.click (C:\Users\Zhenechka\react-fundamentals-app\node_modules\@testing-library\react\dist\fire-event.js:15:52)
    at Object.&lt;anonymous&gt; (C:\Users\Zhenechka\react-fundamentals-app\src\__tests__\module-4\App.test.js:283:15)
    at Promise.then.completed (C:\Users\Zhenechka\react-fundamentals-app\node_modules\jest-circus\build\utils.js:391:28)
    at new Promise (&lt;anonymous&gt;)
    at callAsyncCircusFn (C:\Users\Zhenechka\react-fundamentals-app\node_modules\jest-circus\build\utils.js:316:10)
    at _callCircusTest (C:\Users\Zhenechka\react-fundamentals-app\node_modules\jest-circus\build\run.js:218:40)
    at processTicksAndRejections (node:internal/process/task_queues:105:5)
    at _runTest (C:\Users\Zhenechka\react-fundamentals-app\node_modules\jest-circus\build\run.js:155:3)
    at _runTestsForDescribeBlock (C:\Users\Zhenechka\react-fundamentals-app\node_modules\jest-circus\build\run.js:66:9)
    at _runTestsForDescribeBlock (C:\Users\Zhenechka\react-fundamentals-app\node_modules\jest-circus\build\run.js:60:9)
    at run (C:\Users\Zhenechka\react-fundamentals-app\node_modules\jest-circus\build\run.js:25:3)
    at runAndTransformResultsToJestFormat (C:\Users\Zhenechka\react-fundamentals-app\node_modules\jest-circus\build\legacy-code-todo-rewrite\jestAdapterInit.js:170:21)
    at jestAdapter (C:\Users\Zhenechka\react-fundamentals-app\node_modules\jest-circus\build\legacy-code-todo-rewrite\jestAdapter.js:82:19)
    at runTestInternal (C:\Users\Zhenechka\react-fundamentals-app\node_modules\jest-runner\build\runTest.js:389:16)
    at runTest (C:\Users\Zhenechka\react-fundamentals-app\node_modules\jest-runner\build\runTest.js:475:34)
    at Object.worker (C:\Users\Zhenechka\react-fundamentals-app\node_modules\jest-runner\build\testWorker.js:133:12)</failure>
    </testcase>
    <testcase classname="App-should call getUserThunk on main page with token in localStorage" name="App-should call getUserThunk on main page with token in localStorage" time="0.026">
      <failure>Error: expect(jest.fn()).toHaveBeenCalled()

Expected number of calls: &gt;= 1
Received number of calls:    0
    at Object.&lt;anonymous&gt; (C:\Users\Zhenechka\react-fundamentals-app\src\__tests__\module-4\App.test.js:307:26)
    at Promise.then.completed (C:\Users\Zhenechka\react-fundamentals-app\node_modules\jest-circus\build\utils.js:391:28)
    at new Promise (&lt;anonymous&gt;)
    at callAsyncCircusFn (C:\Users\Zhenechka\react-fundamentals-app\node_modules\jest-circus\build\utils.js:316:10)
    at _callCircusTest (C:\Users\Zhenechka\react-fundamentals-app\node_modules\jest-circus\build\run.js:218:40)
    at processTicksAndRejections (node:internal/process/task_queues:105:5)
    at _runTest (C:\Users\Zhenechka\react-fundamentals-app\node_modules\jest-circus\build\run.js:155:3)
    at _runTestsForDescribeBlock (C:\Users\Zhenechka\react-fundamentals-app\node_modules\jest-circus\build\run.js:66:9)
    at _runTestsForDescribeBlock (C:\Users\Zhenechka\react-fundamentals-app\node_modules\jest-circus\build\run.js:60:9)
    at run (C:\Users\Zhenechka\react-fundamentals-app\node_modules\jest-circus\build\run.js:25:3)
    at runAndTransformResultsToJestFormat (C:\Users\Zhenechka\react-fundamentals-app\node_modules\jest-circus\build\legacy-code-todo-rewrite\jestAdapterInit.js:170:21)
    at jestAdapter (C:\Users\Zhenechka\react-fundamentals-app\node_modules\jest-circus\build\legacy-code-todo-rewrite\jestAdapter.js:82:19)
    at runTestInternal (C:\Users\Zhenechka\react-fundamentals-app\node_modules\jest-runner\build\runTest.js:389:16)
    at runTest (C:\Users\Zhenechka\react-fundamentals-app\node_modules\jest-runner\build\runTest.js:475:34)
    at Object.worker (C:\Users\Zhenechka\react-fundamentals-app\node_modules\jest-runner\build\testWorker.js:133:12)</failure>
    </testcase>
  </testsuite>
  <testsuite name="src\__tests__\module-3\App.test.js" errors="0" failures="6" skipped="0" timestamp="2025-05-21T23:21:57" time="1.59" tests="8">
    <testcase classname="App-should render Login component when &quot;token&quot; is not present in localStorage and route &quot;/&quot;" name="App-should render Login component when &quot;token&quot; is not present in localStorage and route &quot;/&quot;" time="0.073">
      <failure>TestingLibraryElementError: Unable to find an element with the text: /If you don&apos;t have an account you/i. This could be because the text is broken up by multiple elements. In this case, you can provide a function for your text matcher to make your matcher more flexible.

Ignored nodes: comments, script, style
&lt;body&gt;
  &lt;div&gt;
    &lt;div
      class=&quot;wrapper&quot;
    &gt;
      &lt;div
        class=&quot;container&quot;
      &gt;
        &lt;div
          class=&quot;container&quot;
        &gt;
          &lt;h1&gt;
            Login
          &lt;/h1&gt;
          &lt;div
            class=&quot;formContainer&quot;
          &gt;
            &lt;form
              data-testid=&quot;loginForm&quot;
            &gt;
              &lt;label
                class=&quot;label&quot;
                for=&quot;email&quot;
              &gt;
                Email
                &lt;input
                  class=&quot;input&quot;
                  data-testid=&quot;emailInput&quot;
                  id=&quot;email&quot;
                  name=&quot;email&quot;
                  type=&quot;text&quot;
                  value=&quot;&quot;
                /&gt;
              &lt;/label&gt;
              &lt;label
                class=&quot;label&quot;
                for=&quot;password&quot;
              &gt;
                Password
                &lt;input
                  class=&quot;input&quot;
                  data-testid=&quot;passwordInput&quot;
                  id=&quot;password&quot;
                  name=&quot;password&quot;
                  type=&quot;password&quot;
                  value=&quot;&quot;
                /&gt;
              &lt;/label&gt;
              &lt;button
                class=&quot;button&quot;
                data-testid=&quot;loginButton&quot;
                type=&quot;submit&quot;
              &gt;
                Login
              &lt;/button&gt;
            &lt;/form&gt;
            &lt;p&gt;
              &lt;span&gt;
                if u dont have an account, use 
              &lt;/span&gt;
              &lt;a
                data-testid=&quot;registrationLink&quot;
                href=&quot;/registration&quot;
              &gt;
                registration
              &lt;/a&gt;
            &lt;/p&gt;
          &lt;/div&gt;
        &lt;/div&gt;
      &lt;/div&gt;
    &lt;/div&gt;
  &lt;/div&gt;
&lt;/body&gt;
    at Object.getElementError (C:\Users\Zhenechka\react-fundamentals-app\node_modules\@testing-library\dom\dist\config.js:37:19)
    at C:\Users\Zhenechka\react-fundamentals-app\node_modules\@testing-library\dom\dist\query-helpers.js:76:38
    at C:\Users\Zhenechka\react-fundamentals-app\node_modules\@testing-library\dom\dist\query-helpers.js:52:17
    at getByText (C:\Users\Zhenechka\react-fundamentals-app\node_modules\@testing-library\dom\dist\query-helpers.js:95:19)
    at Object.&lt;anonymous&gt; (C:\Users\Zhenechka\react-fundamentals-app\src\__tests__\module-3\App.test.js:76:14)
    at Promise.then.completed (C:\Users\Zhenechka\react-fundamentals-app\node_modules\jest-circus\build\utils.js:391:28)
    at new Promise (&lt;anonymous&gt;)
    at callAsyncCircusFn (C:\Users\Zhenechka\react-fundamentals-app\node_modules\jest-circus\build\utils.js:316:10)
    at _callCircusTest (C:\Users\Zhenechka\react-fundamentals-app\node_modules\jest-circus\build\run.js:218:40)
    at processTicksAndRejections (node:internal/process/task_queues:105:5)
    at _runTest (C:\Users\Zhenechka\react-fundamentals-app\node_modules\jest-circus\build\run.js:155:3)
    at _runTestsForDescribeBlock (C:\Users\Zhenechka\react-fundamentals-app\node_modules\jest-circus\build\run.js:66:9)
    at _runTestsForDescribeBlock (C:\Users\Zhenechka\react-fundamentals-app\node_modules\jest-circus\build\run.js:60:9)
    at run (C:\Users\Zhenechka\react-fundamentals-app\node_modules\jest-circus\build\run.js:25:3)
    at runAndTransformResultsToJestFormat (C:\Users\Zhenechka\react-fundamentals-app\node_modules\jest-circus\build\legacy-code-todo-rewrite\jestAdapterInit.js:170:21)
    at jestAdapter (C:\Users\Zhenechka\react-fundamentals-app\node_modules\jest-circus\build\legacy-code-todo-rewrite\jestAdapter.js:82:19)
    at runTestInternal (C:\Users\Zhenechka\react-fundamentals-app\node_modules\jest-runner\build\runTest.js:389:16)
    at runTest (C:\Users\Zhenechka\react-fundamentals-app\node_modules\jest-runner\build\runTest.js:475:34)
    at Object.worker (C:\Users\Zhenechka\react-fundamentals-app\node_modules\jest-runner\build\testWorker.js:133:12)</failure>
    </testcase>
    <testcase classname="App-should switch to registration page from login page on &quot;Registration&quot; link click" name="App-should switch to registration page from login page on &quot;Registration&quot; link click" time="0.028">
      <failure>TestingLibraryElementError: Unable to find an element with the text: /If you don&apos;t have an account you/i. This could be because the text is broken up by multiple elements. In this case, you can provide a function for your text matcher to make your matcher more flexible.

Ignored nodes: comments, script, style
&lt;body&gt;
  &lt;div&gt;
    &lt;div
      class=&quot;wrapper&quot;
    &gt;
      &lt;div
        class=&quot;container&quot;
      &gt;
        &lt;div
          class=&quot;container&quot;
        &gt;
          &lt;h1&gt;
            Login
          &lt;/h1&gt;
          &lt;div
            class=&quot;formContainer&quot;
          &gt;
            &lt;form
              data-testid=&quot;loginForm&quot;
            &gt;
              &lt;label
                class=&quot;label&quot;
                for=&quot;email&quot;
              &gt;
                Email
                &lt;input
                  class=&quot;input&quot;
                  data-testid=&quot;emailInput&quot;
                  id=&quot;email&quot;
                  name=&quot;email&quot;
                  type=&quot;text&quot;
                  value=&quot;&quot;
                /&gt;
              &lt;/label&gt;
              &lt;label
                class=&quot;label&quot;
                for=&quot;password&quot;
              &gt;
                Password
                &lt;input
                  class=&quot;input&quot;
                  data-testid=&quot;passwordInput&quot;
                  id=&quot;password&quot;
                  name=&quot;password&quot;
                  type=&quot;password&quot;
                  value=&quot;&quot;
                /&gt;
              &lt;/label&gt;
              &lt;button
                class=&quot;button&quot;
                data-testid=&quot;loginButton&quot;
                type=&quot;submit&quot;
              &gt;
                Login
              &lt;/button&gt;
            &lt;/form&gt;
            &lt;p&gt;
              &lt;span&gt;
                if u dont have an account, use 
              &lt;/span&gt;
              &lt;a
                data-testid=&quot;registrationLink&quot;
                href=&quot;/registration&quot;
              &gt;
                registration
              &lt;/a&gt;
            &lt;/p&gt;
          &lt;/div&gt;
        &lt;/div&gt;
      &lt;/div&gt;
    &lt;/div&gt;
  &lt;/div&gt;
&lt;/body&gt;
    at Object.getElementError (C:\Users\Zhenechka\react-fundamentals-app\node_modules\@testing-library\dom\dist\config.js:37:19)
    at C:\Users\Zhenechka\react-fundamentals-app\node_modules\@testing-library\dom\dist\query-helpers.js:76:38
    at C:\Users\Zhenechka\react-fundamentals-app\node_modules\@testing-library\dom\dist\query-helpers.js:52:17
    at getByText (C:\Users\Zhenechka\react-fundamentals-app\node_modules\@testing-library\dom\dist\query-helpers.js:95:19)
    at Object.&lt;anonymous&gt; (C:\Users\Zhenechka\react-fundamentals-app\src\__tests__\module-3\App.test.js:91:14)
    at Promise.then.completed (C:\Users\Zhenechka\react-fundamentals-app\node_modules\jest-circus\build\utils.js:391:28)
    at new Promise (&lt;anonymous&gt;)
    at callAsyncCircusFn (C:\Users\Zhenechka\react-fundamentals-app\node_modules\jest-circus\build\utils.js:316:10)
    at _callCircusTest (C:\Users\Zhenechka\react-fundamentals-app\node_modules\jest-circus\build\run.js:218:40)
    at processTicksAndRejections (node:internal/process/task_queues:105:5)
    at _runTest (C:\Users\Zhenechka\react-fundamentals-app\node_modules\jest-circus\build\run.js:155:3)
    at _runTestsForDescribeBlock (C:\Users\Zhenechka\react-fundamentals-app\node_modules\jest-circus\build\run.js:66:9)
    at _runTestsForDescribeBlock (C:\Users\Zhenechka\react-fundamentals-app\node_modules\jest-circus\build\run.js:60:9)
    at run (C:\Users\Zhenechka\react-fundamentals-app\node_modules\jest-circus\build\run.js:25:3)
    at runAndTransformResultsToJestFormat (C:\Users\Zhenechka\react-fundamentals-app\node_modules\jest-circus\build\legacy-code-todo-rewrite\jestAdapterInit.js:170:21)
    at jestAdapter (C:\Users\Zhenechka\react-fundamentals-app\node_modules\jest-circus\build\legacy-code-todo-rewrite\jestAdapter.js:82:19)
    at runTestInternal (C:\Users\Zhenechka\react-fundamentals-app\node_modules\jest-runner\build\runTest.js:389:16)
    at runTest (C:\Users\Zhenechka\react-fundamentals-app\node_modules\jest-runner\build\runTest.js:475:34)
    at Object.worker (C:\Users\Zhenechka\react-fundamentals-app\node_modules\jest-runner\build\testWorker.js:133:12)</failure>
    </testcase>
    <testcase classname="App-should render Registration component when route &quot;/registration&quot; and &quot;token&quot; not present" name="App-should render Registration component when route &quot;/registration&quot; and &quot;token&quot; not present" time="0.011">
    </testcase>
    <testcase classname="App-should switch to login page from registration page on &quot;Login&quot; link click" name="App-should switch to login page from registration page on &quot;Login&quot; link click" time="0.088">
    </testcase>
    <testcase classname="App-should render CourseCard components with data-testid=&quot;courseCard&quot; from store when &quot;token&quot; is present in localStorage and route &quot;/&quot;" name="App-should render CourseCard components with data-testid=&quot;courseCard&quot; from store when &quot;token&quot; is present in localStorage and route &quot;/&quot;" time="0.01">
      <failure>TestingLibraryElementError: Unable to find an element by: [data-testid=&quot;courseCard&quot;]

Ignored nodes: comments, script, style
&lt;body&gt;
  &lt;div&gt;
    &lt;div
      class=&quot;wrapper&quot;
    &gt;
      &lt;div
        class=&quot;container&quot;
      &gt;
        &lt;div
          class=&quot;container&quot;
        &gt;
          &lt;h1&gt;
            Login
          &lt;/h1&gt;
          &lt;div
            class=&quot;formContainer&quot;
          &gt;
            &lt;form
              data-testid=&quot;loginForm&quot;
            &gt;
              &lt;label
                class=&quot;label&quot;
                for=&quot;email&quot;
              &gt;
                Email
                &lt;input
                  class=&quot;input&quot;
                  data-testid=&quot;emailInput&quot;
                  id=&quot;email&quot;
                  name=&quot;email&quot;
                  type=&quot;text&quot;
                  value=&quot;&quot;
                /&gt;
              &lt;/label&gt;
              &lt;label
                class=&quot;label&quot;
                for=&quot;password&quot;
              &gt;
                Password
                &lt;input
                  class=&quot;input&quot;
                  data-testid=&quot;passwordInput&quot;
                  id=&quot;password&quot;
                  name=&quot;password&quot;
                  type=&quot;password&quot;
                  value=&quot;&quot;
                /&gt;
              &lt;/label&gt;
              &lt;button
                class=&quot;button&quot;
                data-testid=&quot;loginButton&quot;
                type=&quot;submit&quot;
              &gt;
                Login
              &lt;/button&gt;
            &lt;/form&gt;
            &lt;p&gt;
              &lt;span&gt;
                if u dont have an account, use 
              &lt;/span&gt;
              &lt;a
                data-testid=&quot;registrationLink&quot;
                href=&quot;/registration&quot;
              &gt;
                registration
              &lt;/a&gt;
            &lt;/p&gt;
          &lt;/div&gt;
        &lt;/div&gt;
      &lt;/div&gt;
    &lt;/div&gt;
  &lt;/div&gt;
&lt;/body&gt;
    at Object.getElementError (C:\Users\Zhenechka\react-fundamentals-app\node_modules\@testing-library\dom\dist\config.js:37:19)
    at C:\Users\Zhenechka\react-fundamentals-app\node_modules\@testing-library\dom\dist\query-helpers.js:76:38
    at getAllByTestId (C:\Users\Zhenechka\react-fundamentals-app\node_modules\@testing-library\dom\dist\query-helpers.js:109:15)
    at Object.&lt;anonymous&gt; (C:\Users\Zhenechka\react-fundamentals-app\src\__tests__\module-3\App.test.js:143:35)
    at Promise.then.completed (C:\Users\Zhenechka\react-fundamentals-app\node_modules\jest-circus\build\utils.js:391:28)
    at new Promise (&lt;anonymous&gt;)
    at callAsyncCircusFn (C:\Users\Zhenechka\react-fundamentals-app\node_modules\jest-circus\build\utils.js:316:10)
    at _callCircusTest (C:\Users\Zhenechka\react-fundamentals-app\node_modules\jest-circus\build\run.js:218:40)
    at processTicksAndRejections (node:internal/process/task_queues:105:5)
    at _runTest (C:\Users\Zhenechka\react-fundamentals-app\node_modules\jest-circus\build\run.js:155:3)
    at _runTestsForDescribeBlock (C:\Users\Zhenechka\react-fundamentals-app\node_modules\jest-circus\build\run.js:66:9)
    at _runTestsForDescribeBlock (C:\Users\Zhenechka\react-fundamentals-app\node_modules\jest-circus\build\run.js:60:9)
    at run (C:\Users\Zhenechka\react-fundamentals-app\node_modules\jest-circus\build\run.js:25:3)
    at runAndTransformResultsToJestFormat (C:\Users\Zhenechka\react-fundamentals-app\node_modules\jest-circus\build\legacy-code-todo-rewrite\jestAdapterInit.js:170:21)
    at jestAdapter (C:\Users\Zhenechka\react-fundamentals-app\node_modules\jest-circus\build\legacy-code-todo-rewrite\jestAdapter.js:82:19)
    at runTestInternal (C:\Users\Zhenechka\react-fundamentals-app\node_modules\jest-runner\build\runTest.js:389:16)
    at runTest (C:\Users\Zhenechka\react-fundamentals-app\node_modules\jest-runner\build\runTest.js:475:34)
    at Object.worker (C:\Users\Zhenechka\react-fundamentals-app\node_modules\jest-runner\build\testWorker.js:133:12)</failure>
    </testcase>
    <testcase classname="App-should render CourseForm component with &quot;CREATE COURSE&quot; button with data-testid=&quot;createCourseButton&quot; if route &quot;/courses/add&quot;" name="App-should render CourseForm component with &quot;CREATE COURSE&quot; button with data-testid=&quot;createCourseButton&quot; if route &quot;/courses/add&quot;" time="0.005">
      <failure>TestingLibraryElementError: Unable to find an element by: [data-testid=&quot;createCourseButton&quot;]

Ignored nodes: comments, script, style
&lt;body&gt;
  &lt;div&gt;
    &lt;div
      class=&quot;wrapper&quot;
    &gt;
      &lt;div
        class=&quot;container&quot;
      &gt;
        &lt;div
          class=&quot;container&quot;
        &gt;
          &lt;h1&gt;
            Login
          &lt;/h1&gt;
          &lt;div
            class=&quot;formContainer&quot;
          &gt;
            &lt;form
              data-testid=&quot;loginForm&quot;
            &gt;
              &lt;label
                class=&quot;label&quot;
                for=&quot;email&quot;
              &gt;
                Email
                &lt;input
                  class=&quot;input&quot;
                  data-testid=&quot;emailInput&quot;
                  id=&quot;email&quot;
                  name=&quot;email&quot;
                  type=&quot;text&quot;
                  value=&quot;&quot;
                /&gt;
              &lt;/label&gt;
              &lt;label
                class=&quot;label&quot;
                for=&quot;password&quot;
              &gt;
                Password
                &lt;input
                  class=&quot;input&quot;
                  data-testid=&quot;passwordInput&quot;
                  id=&quot;password&quot;
                  name=&quot;password&quot;
                  type=&quot;password&quot;
                  value=&quot;&quot;
                /&gt;
              &lt;/label&gt;
              &lt;button
                class=&quot;button&quot;
                data-testid=&quot;loginButton&quot;
                type=&quot;submit&quot;
              &gt;
                Login
              &lt;/button&gt;
            &lt;/form&gt;
            &lt;p&gt;
              &lt;span&gt;
                if u dont have an account, use 
              &lt;/span&gt;
              &lt;a
                data-testid=&quot;registrationLink&quot;
                href=&quot;/registration&quot;
              &gt;
                registration
              &lt;/a&gt;
            &lt;/p&gt;
          &lt;/div&gt;
        &lt;/div&gt;
      &lt;/div&gt;
    &lt;/div&gt;
  &lt;/div&gt;
&lt;/body&gt;
    at Object.getElementError (C:\Users\Zhenechka\react-fundamentals-app\node_modules\@testing-library\dom\dist\config.js:37:19)
    at C:\Users\Zhenechka\react-fundamentals-app\node_modules\@testing-library\dom\dist\query-helpers.js:76:38
    at C:\Users\Zhenechka\react-fundamentals-app\node_modules\@testing-library\dom\dist\query-helpers.js:52:17
    at getByTestId (C:\Users\Zhenechka\react-fundamentals-app\node_modules\@testing-library\dom\dist\query-helpers.js:95:19)
    at Object.&lt;anonymous&gt; (C:\Users\Zhenechka\react-fundamentals-app\src\__tests__\module-3\App.test.js:159:19)
    at Promise.then.completed (C:\Users\Zhenechka\react-fundamentals-app\node_modules\jest-circus\build\utils.js:391:28)
    at new Promise (&lt;anonymous&gt;)
    at callAsyncCircusFn (C:\Users\Zhenechka\react-fundamentals-app\node_modules\jest-circus\build\utils.js:316:10)
    at _callCircusTest (C:\Users\Zhenechka\react-fundamentals-app\node_modules\jest-circus\build\run.js:218:40)
    at processTicksAndRejections (node:internal/process/task_queues:105:5)
    at _runTest (C:\Users\Zhenechka\react-fundamentals-app\node_modules\jest-circus\build\run.js:155:3)
    at _runTestsForDescribeBlock (C:\Users\Zhenechka\react-fundamentals-app\node_modules\jest-circus\build\run.js:66:9)
    at _runTestsForDescribeBlock (C:\Users\Zhenechka\react-fundamentals-app\node_modules\jest-circus\build\run.js:60:9)
    at run (C:\Users\Zhenechka\react-fundamentals-app\node_modules\jest-circus\build\run.js:25:3)
    at runAndTransformResultsToJestFormat (C:\Users\Zhenechka\react-fundamentals-app\node_modules\jest-circus\build\legacy-code-todo-rewrite\jestAdapterInit.js:170:21)
    at jestAdapter (C:\Users\Zhenechka\react-fundamentals-app\node_modules\jest-circus\build\legacy-code-todo-rewrite\jestAdapter.js:82:19)
    at runTestInternal (C:\Users\Zhenechka\react-fundamentals-app\node_modules\jest-runner\build\runTest.js:389:16)
    at runTest (C:\Users\Zhenechka\react-fundamentals-app\node_modules\jest-runner\build\runTest.js:475:34)
    at Object.worker (C:\Users\Zhenechka\react-fundamentals-app\node_modules\jest-runner\build\testWorker.js:133:12)</failure>
    </testcase>
    <testcase classname="App-should render CourseInfo component with data-testid=&quot;courseInfo&quot; when route &quot;/courses/:courseId&quot;" name="App-should render CourseInfo component with data-testid=&quot;courseInfo&quot; when route &quot;/courses/:courseId&quot;" time="0.005">
      <failure>TestingLibraryElementError: Unable to find an element by: [data-testid=&quot;courseInfo&quot;]

Ignored nodes: comments, script, style
&lt;body&gt;
  &lt;div&gt;
    &lt;div
      class=&quot;wrapper&quot;
    &gt;
      &lt;div
        class=&quot;container&quot;
      &gt;
        &lt;div
          class=&quot;container&quot;
        &gt;
          &lt;h1&gt;
            Login
          &lt;/h1&gt;
          &lt;div
            class=&quot;formContainer&quot;
          &gt;
            &lt;form
              data-testid=&quot;loginForm&quot;
            &gt;
              &lt;label
                class=&quot;label&quot;
                for=&quot;email&quot;
              &gt;
                Email
                &lt;input
                  class=&quot;input&quot;
                  data-testid=&quot;emailInput&quot;
                  id=&quot;email&quot;
                  name=&quot;email&quot;
                  type=&quot;text&quot;
                  value=&quot;&quot;
                /&gt;
              &lt;/label&gt;
              &lt;label
                class=&quot;label&quot;
                for=&quot;password&quot;
              &gt;
                Password
                &lt;input
                  class=&quot;input&quot;
                  data-testid=&quot;passwordInput&quot;
                  id=&quot;password&quot;
                  name=&quot;password&quot;
                  type=&quot;password&quot;
                  value=&quot;&quot;
                /&gt;
              &lt;/label&gt;
              &lt;button
                class=&quot;button&quot;
                data-testid=&quot;loginButton&quot;
                type=&quot;submit&quot;
              &gt;
                Login
              &lt;/button&gt;
            &lt;/form&gt;
            &lt;p&gt;
              &lt;span&gt;
                if u dont have an account, use 
              &lt;/span&gt;
              &lt;a
                data-testid=&quot;registrationLink&quot;
                href=&quot;/registration&quot;
              &gt;
                registration
              &lt;/a&gt;
            &lt;/p&gt;
          &lt;/div&gt;
        &lt;/div&gt;
      &lt;/div&gt;
    &lt;/div&gt;
  &lt;/div&gt;
&lt;/body&gt;
    at Object.getElementError (C:\Users\Zhenechka\react-fundamentals-app\node_modules\@testing-library\dom\dist\config.js:37:19)
    at C:\Users\Zhenechka\react-fundamentals-app\node_modules\@testing-library\dom\dist\query-helpers.js:76:38
    at C:\Users\Zhenechka\react-fundamentals-app\node_modules\@testing-library\dom\dist\query-helpers.js:52:17
    at getByTestId (C:\Users\Zhenechka\react-fundamentals-app\node_modules\@testing-library\dom\dist\query-helpers.js:95:19)
    at Object.&lt;anonymous&gt; (C:\Users\Zhenechka\react-fundamentals-app\src\__tests__\module-3\App.test.js:173:19)
    at Promise.then.completed (C:\Users\Zhenechka\react-fundamentals-app\node_modules\jest-circus\build\utils.js:391:28)
    at new Promise (&lt;anonymous&gt;)
    at callAsyncCircusFn (C:\Users\Zhenechka\react-fundamentals-app\node_modules\jest-circus\build\utils.js:316:10)
    at _callCircusTest (C:\Users\Zhenechka\react-fundamentals-app\node_modules\jest-circus\build\run.js:218:40)
    at processTicksAndRejections (node:internal/process/task_queues:105:5)
    at _runTest (C:\Users\Zhenechka\react-fundamentals-app\node_modules\jest-circus\build\run.js:155:3)
    at _runTestsForDescribeBlock (C:\Users\Zhenechka\react-fundamentals-app\node_modules\jest-circus\build\run.js:66:9)
    at _runTestsForDescribeBlock (C:\Users\Zhenechka\react-fundamentals-app\node_modules\jest-circus\build\run.js:60:9)
    at run (C:\Users\Zhenechka\react-fundamentals-app\node_modules\jest-circus\build\run.js:25:3)
    at runAndTransformResultsToJestFormat (C:\Users\Zhenechka\react-fundamentals-app\node_modules\jest-circus\build\legacy-code-todo-rewrite\jestAdapterInit.js:170:21)
    at jestAdapter (C:\Users\Zhenechka\react-fundamentals-app\node_modules\jest-circus\build\legacy-code-todo-rewrite\jestAdapter.js:82:19)
    at runTestInternal (C:\Users\Zhenechka\react-fundamentals-app\node_modules\jest-runner\build\runTest.js:389:16)
    at runTest (C:\Users\Zhenechka\react-fundamentals-app\node_modules\jest-runner\build\runTest.js:475:34)
    at Object.worker (C:\Users\Zhenechka\react-fundamentals-app\node_modules\jest-runner\build\testWorker.js:133:12)</failure>
    </testcase>
    <testcase classname="App-should remove course on Delete button with data-testid=&quot;delete&quot; click (deleteCourse action form coursesSlice should be called with course id)" name="App-should remove course on Delete button with data-testid=&quot;delete&quot; click (deleteCourse action form coursesSlice should be called with course id)" time="0.005">
      <failure>Error: Unable to fire a &quot;click&quot; event - please provide a DOM element.
    at createEvent (C:\Users\Zhenechka\react-fundamentals-app\node_modules\@testing-library\dom\dist\events.js:27:11)
    at Function.createEvent.&lt;computed&gt; [as click] (C:\Users\Zhenechka\react-fundamentals-app\node_modules\@testing-library\dom\dist\events.js:106:38)
    at Function.fireEvent.&lt;computed&gt; [as click] (C:\Users\Zhenechka\react-fundamentals-app\node_modules\@testing-library\dom\dist\events.js:110:68)
    at Function.click (C:\Users\Zhenechka\react-fundamentals-app\node_modules\@testing-library\react\dist\fire-event.js:15:52)
    at Object.&lt;anonymous&gt; (C:\Users\Zhenechka\react-fundamentals-app\src\__tests__\module-3\App.test.js:187:15)
    at Promise.then.completed (C:\Users\Zhenechka\react-fundamentals-app\node_modules\jest-circus\build\utils.js:391:28)
    at new Promise (&lt;anonymous&gt;)
    at callAsyncCircusFn (C:\Users\Zhenechka\react-fundamentals-app\node_modules\jest-circus\build\utils.js:316:10)
    at _callCircusTest (C:\Users\Zhenechka\react-fundamentals-app\node_modules\jest-circus\build\run.js:218:40)
    at processTicksAndRejections (node:internal/process/task_queues:105:5)
    at _runTest (C:\Users\Zhenechka\react-fundamentals-app\node_modules\jest-circus\build\run.js:155:3)
    at _runTestsForDescribeBlock (C:\Users\Zhenechka\react-fundamentals-app\node_modules\jest-circus\build\run.js:66:9)
    at _runTestsForDescribeBlock (C:\Users\Zhenechka\react-fundamentals-app\node_modules\jest-circus\build\run.js:60:9)
    at run (C:\Users\Zhenechka\react-fundamentals-app\node_modules\jest-circus\build\run.js:25:3)
    at runAndTransformResultsToJestFormat (C:\Users\Zhenechka\react-fundamentals-app\node_modules\jest-circus\build\legacy-code-todo-rewrite\jestAdapterInit.js:170:21)
    at jestAdapter (C:\Users\Zhenechka\react-fundamentals-app\node_modules\jest-circus\build\legacy-code-todo-rewrite\jestAdapter.js:82:19)
    at runTestInternal (C:\Users\Zhenechka\react-fundamentals-app\node_modules\jest-runner\build\runTest.js:389:16)
    at runTest (C:\Users\Zhenechka\react-fundamentals-app\node_modules\jest-runner\build\runTest.js:475:34)
    at Object.worker (C:\Users\Zhenechka\react-fundamentals-app\node_modules\jest-runner\build\testWorker.js:133:12)</failure>
    </testcase>
  </testsuite>
  <testsuite name="src\__tests__\module-3\CreateCourse.test.js" errors="0" failures="1" skipped="0" timestamp="2025-05-21T23:21:58" time="0.591" tests="1">
    <testcase classname="CourseForm-should add new course to the store on &quot;CREATE COURSE&quot; button with data-testid=&quot;createCourseButton&quot; click (saveCourse action from coursesSlice should be called with payload {title,description,duration,authors}" name="CourseForm-should add new course to the store on &quot;CREATE COURSE&quot; button with data-testid=&quot;createCourseButton&quot; click (saveCourse action from coursesSlice should be called with payload {title,description,duration,authors}" time="0.111">
      <failure>TypeError: Cannot read properties of undefined (reading &apos;map&apos;)
    at CourseForm (C:\Users\Zhenechka\react-fundamentals-app\src\components\CourseForm\CourseForm.jsx:123:33)
    at renderWithHooks (C:\Users\Zhenechka\react-fundamentals-app\node_modules\react-dom\cjs\react-dom.development.js:16305:18)
    at mountIndeterminateComponent (C:\Users\Zhenechka\react-fundamentals-app\node_modules\react-dom\cjs\react-dom.development.js:20074:13)
    at beginWork (C:\Users\Zhenechka\react-fundamentals-app\node_modules\react-dom\cjs\react-dom.development.js:21587:16)
    at beginWork$1 (C:\Users\Zhenechka\react-fundamentals-app\node_modules\react-dom\cjs\react-dom.development.js:27426:14)
    at performUnitOfWork (C:\Users\Zhenechka\react-fundamentals-app\node_modules\react-dom\cjs\react-dom.development.js:26560:12)
    at workLoopSync (C:\Users\Zhenechka\react-fundamentals-app\node_modules\react-dom\cjs\react-dom.development.js:26466:5)
    at renderRootSync (C:\Users\Zhenechka\react-fundamentals-app\node_modules\react-dom\cjs\react-dom.development.js:26434:7)
    at recoverFromConcurrentError (C:\Users\Zhenechka\react-fundamentals-app\node_modules\react-dom\cjs\react-dom.development.js:25850:20)
    at performConcurrentWorkOnRoot (C:\Users\Zhenechka\react-fundamentals-app\node_modules\react-dom\cjs\react-dom.development.js:25750:22)
    at flushActQueue (C:\Users\Zhenechka\react-fundamentals-app\node_modules\react\cjs\react.development.js:2667:24)
    at act (C:\Users\Zhenechka\react-fundamentals-app\node_modules\react\cjs\react.development.js:2582:11)
    at C:\Users\Zhenechka\react-fundamentals-app\node_modules\@testing-library\react\dist\act-compat.js:46:25
    at renderRoot (C:\Users\Zhenechka\react-fundamentals-app\node_modules\@testing-library\react\dist\pure.js:161:26)
    at render (C:\Users\Zhenechka\react-fundamentals-app\node_modules\@testing-library\react\dist\pure.js:247:10)
    at Object.&lt;anonymous&gt; (C:\Users\Zhenechka\react-fundamentals-app\src\__tests__\module-3\CreateCourse.test.js:25:11)
    at Promise.then.completed (C:\Users\Zhenechka\react-fundamentals-app\node_modules\jest-circus\build\utils.js:391:28)
    at new Promise (&lt;anonymous&gt;)
    at callAsyncCircusFn (C:\Users\Zhenechka\react-fundamentals-app\node_modules\jest-circus\build\utils.js:316:10)
    at _callCircusTest (C:\Users\Zhenechka\react-fundamentals-app\node_modules\jest-circus\build\run.js:218:40)
    at processTicksAndRejections (node:internal/process/task_queues:105:5)
    at _runTest (C:\Users\Zhenechka\react-fundamentals-app\node_modules\jest-circus\build\run.js:155:3)
    at _runTestsForDescribeBlock (C:\Users\Zhenechka\react-fundamentals-app\node_modules\jest-circus\build\run.js:66:9)
    at _runTestsForDescribeBlock (C:\Users\Zhenechka\react-fundamentals-app\node_modules\jest-circus\build\run.js:60:9)
    at run (C:\Users\Zhenechka\react-fundamentals-app\node_modules\jest-circus\build\run.js:25:3)
    at runAndTransformResultsToJestFormat (C:\Users\Zhenechka\react-fundamentals-app\node_modules\jest-circus\build\legacy-code-todo-rewrite\jestAdapterInit.js:170:21)
    at jestAdapter (C:\Users\Zhenechka\react-fundamentals-app\node_modules\jest-circus\build\legacy-code-todo-rewrite\jestAdapter.js:82:19)
    at runTestInternal (C:\Users\Zhenechka\react-fundamentals-app\node_modules\jest-runner\build\runTest.js:389:16)
    at runTest (C:\Users\Zhenechka\react-fundamentals-app\node_modules\jest-runner\build\runTest.js:475:34)
    at Object.worker (C:\Users\Zhenechka\react-fundamentals-app\node_modules\jest-runner\build\testWorker.js:133:12)</failure>
    </testcase>
  </testsuite>
  <testsuite name="src\__tests__\module-3\CourseCard.test.js" errors="0" failures="1" skipped="0" timestamp="2025-05-21T23:21:59" time="0.345" tests="1">
    <testcase classname="CourseCard component-should render the Delete (with data-testid=&quot;deleteCourse&quot;) and Update (with data-testid=&quot;updateCourse&quot;) buttons" name="CourseCard component-should render the Delete (with data-testid=&quot;deleteCourse&quot;) and Update (with data-testid=&quot;updateCourse&quot;) buttons" time="0.049">
      <failure>TypeError: Cannot read properties of undefined (reading &apos;find&apos;)
    at map (C:\Users\Zhenechka\react-fundamentals-app\src\components\Courses\components\CourseCard\CourseCard.jsx:34:42)
    at Array.map (&lt;anonymous&gt;)
    at CourseCard (C:\Users\Zhenechka\react-fundamentals-app\src\components\Courses\components\CourseCard\CourseCard.jsx:33:14)
    at renderWithHooks (C:\Users\Zhenechka\react-fundamentals-app\node_modules\react-dom\cjs\react-dom.development.js:16305:18)
    at mountIndeterminateComponent (C:\Users\Zhenechka\react-fundamentals-app\node_modules\react-dom\cjs\react-dom.development.js:20074:13)
    at beginWork (C:\Users\Zhenechka\react-fundamentals-app\node_modules\react-dom\cjs\react-dom.development.js:21587:16)
    at beginWork$1 (C:\Users\Zhenechka\react-fundamentals-app\node_modules\react-dom\cjs\react-dom.development.js:27426:14)
    at performUnitOfWork (C:\Users\Zhenechka\react-fundamentals-app\node_modules\react-dom\cjs\react-dom.development.js:26560:12)
    at workLoopSync (C:\Users\Zhenechka\react-fundamentals-app\node_modules\react-dom\cjs\react-dom.development.js:26466:5)
    at renderRootSync (C:\Users\Zhenechka\react-fundamentals-app\node_modules\react-dom\cjs\react-dom.development.js:26434:7)
    at recoverFromConcurrentError (C:\Users\Zhenechka\react-fundamentals-app\node_modules\react-dom\cjs\react-dom.development.js:25850:20)
    at performConcurrentWorkOnRoot (C:\Users\Zhenechka\react-fundamentals-app\node_modules\react-dom\cjs\react-dom.development.js:25750:22)
    at flushActQueue (C:\Users\Zhenechka\react-fundamentals-app\node_modules\react\cjs\react.development.js:2667:24)
    at act (C:\Users\Zhenechka\react-fundamentals-app\node_modules\react\cjs\react.development.js:2582:11)
    at C:\Users\Zhenechka\react-fundamentals-app\node_modules\@testing-library\react\dist\act-compat.js:46:25
    at renderRoot (C:\Users\Zhenechka\react-fundamentals-app\node_modules\@testing-library\react\dist\pure.js:161:26)
    at render (C:\Users\Zhenechka\react-fundamentals-app\node_modules\@testing-library\react\dist\pure.js:247:10)
    at Object.&lt;anonymous&gt; (C:\Users\Zhenechka\react-fundamentals-app\src\__tests__\module-3\CourseCard.test.js:34:11)
    at Promise.then.completed (C:\Users\Zhenechka\react-fundamentals-app\node_modules\jest-circus\build\utils.js:391:28)
    at new Promise (&lt;anonymous&gt;)
    at callAsyncCircusFn (C:\Users\Zhenechka\react-fundamentals-app\node_modules\jest-circus\build\utils.js:316:10)
    at _callCircusHook (C:\Users\Zhenechka\react-fundamentals-app\node_modules\jest-circus\build\run.js:181:40)
    at processTicksAndRejections (node:internal/process/task_queues:105:5)
    at _runTest (C:\Users\Zhenechka\react-fundamentals-app\node_modules\jest-circus\build\run.js:148:5)
    at _runTestsForDescribeBlock (C:\Users\Zhenechka\react-fundamentals-app\node_modules\jest-circus\build\run.js:66:9)
    at _runTestsForDescribeBlock (C:\Users\Zhenechka\react-fundamentals-app\node_modules\jest-circus\build\run.js:60:9)
    at run (C:\Users\Zhenechka\react-fundamentals-app\node_modules\jest-circus\build\run.js:25:3)
    at runAndTransformResultsToJestFormat (C:\Users\Zhenechka\react-fundamentals-app\node_modules\jest-circus\build\legacy-code-todo-rewrite\jestAdapterInit.js:170:21)
    at jestAdapter (C:\Users\Zhenechka\react-fundamentals-app\node_modules\jest-circus\build\legacy-code-todo-rewrite\jestAdapter.js:82:19)
    at runTestInternal (C:\Users\Zhenechka\react-fundamentals-app\node_modules\jest-runner\build\runTest.js:389:16)
    at runTest (C:\Users\Zhenechka\react-fundamentals-app\node_modules\jest-runner\build\runTest.js:475:34)
    at Object.worker (C:\Users\Zhenechka\react-fundamentals-app\node_modules\jest-runner\build\testWorker.js:133:12)</failure>
    </testcase>
  </testsuite>
  <testsuite name="src\__tests__\module-1\Courses.test.js" errors="0" failures="3" skipped="0" timestamp="2025-05-21T23:21:59" time="0.437" tests="3">
    <testcase classname="Courses component-should render list of courses from coursesList prop" name="Courses component-should render list of courses from coursesList prop" time="0.099">
      <failure>Error: useNavigate() may be used only in the context of a &lt;Router&gt; component.
    at Object.invariant [as UNSAFE_invariant] (C:\Users\Zhenechka\react-fundamentals-app\node_modules\@remix-run\router\history.ts:491:11)
    at useNavigateUnstable (C:\Users\Zhenechka\react-fundamentals-app\node_modules\react-router\lib\hooks.tsx:186:3)
    at useNavigate (C:\Users\Zhenechka\react-fundamentals-app\node_modules\react-router\lib\hooks.tsx:182:46)
    at Courses (C:\Users\Zhenechka\react-fundamentals-app\src\components\Courses\Courses.jsx:21:31)
    at renderWithHooks (C:\Users\Zhenechka\react-fundamentals-app\node_modules\react-dom\cjs\react-dom.development.js:16305:18)
    at mountIndeterminateComponent (C:\Users\Zhenechka\react-fundamentals-app\node_modules\react-dom\cjs\react-dom.development.js:20074:13)
    at beginWork (C:\Users\Zhenechka\react-fundamentals-app\node_modules\react-dom\cjs\react-dom.development.js:21587:16)
    at beginWork$1 (C:\Users\Zhenechka\react-fundamentals-app\node_modules\react-dom\cjs\react-dom.development.js:27426:14)
    at performUnitOfWork (C:\Users\Zhenechka\react-fundamentals-app\node_modules\react-dom\cjs\react-dom.development.js:26560:12)
    at workLoopSync (C:\Users\Zhenechka\react-fundamentals-app\node_modules\react-dom\cjs\react-dom.development.js:26466:5)
    at renderRootSync (C:\Users\Zhenechka\react-fundamentals-app\node_modules\react-dom\cjs\react-dom.development.js:26434:7)
    at recoverFromConcurrentError (C:\Users\Zhenechka\react-fundamentals-app\node_modules\react-dom\cjs\react-dom.development.js:25850:20)
    at performConcurrentWorkOnRoot (C:\Users\Zhenechka\react-fundamentals-app\node_modules\react-dom\cjs\react-dom.development.js:25750:22)
    at flushActQueue (C:\Users\Zhenechka\react-fundamentals-app\node_modules\react\cjs\react.development.js:2667:24)
    at act (C:\Users\Zhenechka\react-fundamentals-app\node_modules\react\cjs\react.development.js:2582:11)
    at C:\Users\Zhenechka\react-fundamentals-app\node_modules\@testing-library\react\dist\act-compat.js:46:25
    at renderRoot (C:\Users\Zhenechka\react-fundamentals-app\node_modules\@testing-library\react\dist\pure.js:161:26)
    at render (C:\Users\Zhenechka\react-fundamentals-app\node_modules\@testing-library\react\dist\pure.js:247:10)
    at Object.&lt;anonymous&gt; (C:\Users\Zhenechka\react-fundamentals-app\src\__tests__\module-1\Courses.test.js:35:11)
    at Promise.then.completed (C:\Users\Zhenechka\react-fundamentals-app\node_modules\jest-circus\build\utils.js:391:28)
    at new Promise (&lt;anonymous&gt;)
    at callAsyncCircusFn (C:\Users\Zhenechka\react-fundamentals-app\node_modules\jest-circus\build\utils.js:316:10)
    at _callCircusTest (C:\Users\Zhenechka\react-fundamentals-app\node_modules\jest-circus\build\run.js:218:40)
    at processTicksAndRejections (node:internal/process/task_queues:105:5)
    at _runTest (C:\Users\Zhenechka\react-fundamentals-app\node_modules\jest-circus\build\run.js:155:3)
    at _runTestsForDescribeBlock (C:\Users\Zhenechka\react-fundamentals-app\node_modules\jest-circus\build\run.js:66:9)
    at _runTestsForDescribeBlock (C:\Users\Zhenechka\react-fundamentals-app\node_modules\jest-circus\build\run.js:60:9)
    at run (C:\Users\Zhenechka\react-fundamentals-app\node_modules\jest-circus\build\run.js:25:3)
    at runAndTransformResultsToJestFormat (C:\Users\Zhenechka\react-fundamentals-app\node_modules\jest-circus\build\legacy-code-todo-rewrite\jestAdapterInit.js:170:21)
    at jestAdapter (C:\Users\Zhenechka\react-fundamentals-app\node_modules\jest-circus\build\legacy-code-todo-rewrite\jestAdapter.js:82:19)
    at runTestInternal (C:\Users\Zhenechka\react-fundamentals-app\node_modules\jest-runner\build\runTest.js:389:16)
    at runTest (C:\Users\Zhenechka\react-fundamentals-app\node_modules\jest-runner\build\runTest.js:475:34)
    at Object.worker (C:\Users\Zhenechka\react-fundamentals-app\node_modules\jest-runner\build\testWorker.js:133:12)</failure>
    </testcase>
    <testcase classname="Courses component-should render &apos;ADD NEW COURSE&apos; button" name="Courses component-should render &apos;ADD NEW COURSE&apos; button" time="0.005">
      <failure>Error: useNavigate() may be used only in the context of a &lt;Router&gt; component.
    at Object.invariant [as UNSAFE_invariant] (C:\Users\Zhenechka\react-fundamentals-app\node_modules\@remix-run\router\history.ts:491:11)
    at useNavigateUnstable (C:\Users\Zhenechka\react-fundamentals-app\node_modules\react-router\lib\hooks.tsx:186:3)
    at useNavigate (C:\Users\Zhenechka\react-fundamentals-app\node_modules\react-router\lib\hooks.tsx:182:46)
    at Courses (C:\Users\Zhenechka\react-fundamentals-app\src\components\Courses\Courses.jsx:21:31)
    at renderWithHooks (C:\Users\Zhenechka\react-fundamentals-app\node_modules\react-dom\cjs\react-dom.development.js:16305:18)
    at mountIndeterminateComponent (C:\Users\Zhenechka\react-fundamentals-app\node_modules\react-dom\cjs\react-dom.development.js:20074:13)
    at beginWork (C:\Users\Zhenechka\react-fundamentals-app\node_modules\react-dom\cjs\react-dom.development.js:21587:16)
    at beginWork$1 (C:\Users\Zhenechka\react-fundamentals-app\node_modules\react-dom\cjs\react-dom.development.js:27426:14)
    at performUnitOfWork (C:\Users\Zhenechka\react-fundamentals-app\node_modules\react-dom\cjs\react-dom.development.js:26560:12)
    at workLoopSync (C:\Users\Zhenechka\react-fundamentals-app\node_modules\react-dom\cjs\react-dom.development.js:26466:5)
    at renderRootSync (C:\Users\Zhenechka\react-fundamentals-app\node_modules\react-dom\cjs\react-dom.development.js:26434:7)
    at recoverFromConcurrentError (C:\Users\Zhenechka\react-fundamentals-app\node_modules\react-dom\cjs\react-dom.development.js:25850:20)
    at performConcurrentWorkOnRoot (C:\Users\Zhenechka\react-fundamentals-app\node_modules\react-dom\cjs\react-dom.development.js:25750:22)
    at flushActQueue (C:\Users\Zhenechka\react-fundamentals-app\node_modules\react\cjs\react.development.js:2667:24)
    at act (C:\Users\Zhenechka\react-fundamentals-app\node_modules\react\cjs\react.development.js:2582:11)
    at C:\Users\Zhenechka\react-fundamentals-app\node_modules\@testing-library\react\dist\act-compat.js:46:25
    at renderRoot (C:\Users\Zhenechka\react-fundamentals-app\node_modules\@testing-library\react\dist\pure.js:161:26)
    at render (C:\Users\Zhenechka\react-fundamentals-app\node_modules\@testing-library\react\dist\pure.js:247:10)
    at Object.&lt;anonymous&gt; (C:\Users\Zhenechka\react-fundamentals-app\src\__tests__\module-1\Courses.test.js:51:11)
    at Promise.then.completed (C:\Users\Zhenechka\react-fundamentals-app\node_modules\jest-circus\build\utils.js:391:28)
    at new Promise (&lt;anonymous&gt;)
    at callAsyncCircusFn (C:\Users\Zhenechka\react-fundamentals-app\node_modules\jest-circus\build\utils.js:316:10)
    at _callCircusTest (C:\Users\Zhenechka\react-fundamentals-app\node_modules\jest-circus\build\run.js:218:40)
    at processTicksAndRejections (node:internal/process/task_queues:105:5)
    at _runTest (C:\Users\Zhenechka\react-fundamentals-app\node_modules\jest-circus\build\run.js:155:3)
    at _runTestsForDescribeBlock (C:\Users\Zhenechka\react-fundamentals-app\node_modules\jest-circus\build\run.js:66:9)
    at _runTestsForDescribeBlock (C:\Users\Zhenechka\react-fundamentals-app\node_modules\jest-circus\build\run.js:60:9)
    at run (C:\Users\Zhenechka\react-fundamentals-app\node_modules\jest-circus\build\run.js:25:3)
    at runAndTransformResultsToJestFormat (C:\Users\Zhenechka\react-fundamentals-app\node_modules\jest-circus\build\legacy-code-todo-rewrite\jestAdapterInit.js:170:21)
    at jestAdapter (C:\Users\Zhenechka\react-fundamentals-app\node_modules\jest-circus\build\legacy-code-todo-rewrite\jestAdapter.js:82:19)
    at runTestInternal (C:\Users\Zhenechka\react-fundamentals-app\node_modules\jest-runner\build\runTest.js:389:16)
    at runTest (C:\Users\Zhenechka\react-fundamentals-app\node_modules\jest-runner\build\runTest.js:475:34)
    at Object.worker (C:\Users\Zhenechka\react-fundamentals-app\node_modules\jest-runner\build\testWorker.js:133:12)</failure>
    </testcase>
    <testcase classname="Courses component-should render EmptycoursesList component if no courses (with &apos;Your List Is Empty&apos; text and button with data-testid=&apos;addCourse&apos;)" name="Courses component-should render EmptycoursesList component if no courses (with &apos;Your List Is Empty&apos; text and button with data-testid=&apos;addCourse&apos;)" time="0.007">
      <failure>Error: useNavigate() may be used only in the context of a &lt;Router&gt; component.
    at Object.invariant [as UNSAFE_invariant] (C:\Users\Zhenechka\react-fundamentals-app\node_modules\@remix-run\router\history.ts:491:11)
    at useNavigateUnstable (C:\Users\Zhenechka\react-fundamentals-app\node_modules\react-router\lib\hooks.tsx:186:3)
    at useNavigate (C:\Users\Zhenechka\react-fundamentals-app\node_modules\react-router\lib\hooks.tsx:182:46)
    at Courses (C:\Users\Zhenechka\react-fundamentals-app\src\components\Courses\Courses.jsx:21:31)
    at renderWithHooks (C:\Users\Zhenechka\react-fundamentals-app\node_modules\react-dom\cjs\react-dom.development.js:16305:18)
    at mountIndeterminateComponent (C:\Users\Zhenechka\react-fundamentals-app\node_modules\react-dom\cjs\react-dom.development.js:20074:13)
    at beginWork (C:\Users\Zhenechka\react-fundamentals-app\node_modules\react-dom\cjs\react-dom.development.js:21587:16)
    at beginWork$1 (C:\Users\Zhenechka\react-fundamentals-app\node_modules\react-dom\cjs\react-dom.development.js:27426:14)
    at performUnitOfWork (C:\Users\Zhenechka\react-fundamentals-app\node_modules\react-dom\cjs\react-dom.development.js:26560:12)
    at workLoopSync (C:\Users\Zhenechka\react-fundamentals-app\node_modules\react-dom\cjs\react-dom.development.js:26466:5)
    at renderRootSync (C:\Users\Zhenechka\react-fundamentals-app\node_modules\react-dom\cjs\react-dom.development.js:26434:7)
    at recoverFromConcurrentError (C:\Users\Zhenechka\react-fundamentals-app\node_modules\react-dom\cjs\react-dom.development.js:25850:20)
    at performConcurrentWorkOnRoot (C:\Users\Zhenechka\react-fundamentals-app\node_modules\react-dom\cjs\react-dom.development.js:25750:22)
    at flushActQueue (C:\Users\Zhenechka\react-fundamentals-app\node_modules\react\cjs\react.development.js:2667:24)
    at act (C:\Users\Zhenechka\react-fundamentals-app\node_modules\react\cjs\react.development.js:2582:11)
    at C:\Users\Zhenechka\react-fundamentals-app\node_modules\@testing-library\react\dist\act-compat.js:46:25
    at renderRoot (C:\Users\Zhenechka\react-fundamentals-app\node_modules\@testing-library\react\dist\pure.js:161:26)
    at render (C:\Users\Zhenechka\react-fundamentals-app\node_modules\@testing-library\react\dist\pure.js:247:10)
    at Object.&lt;anonymous&gt; (C:\Users\Zhenechka\react-fundamentals-app\src\__tests__\module-1\Courses.test.js:66:11)
    at Promise.then.completed (C:\Users\Zhenechka\react-fundamentals-app\node_modules\jest-circus\build\utils.js:391:28)
    at new Promise (&lt;anonymous&gt;)
    at callAsyncCircusFn (C:\Users\Zhenechka\react-fundamentals-app\node_modules\jest-circus\build\utils.js:316:10)
    at _callCircusTest (C:\Users\Zhenechka\react-fundamentals-app\node_modules\jest-circus\build\run.js:218:40)
    at processTicksAndRejections (node:internal/process/task_queues:105:5)
    at _runTest (C:\Users\Zhenechka\react-fundamentals-app\node_modules\jest-circus\build\run.js:155:3)
    at _runTestsForDescribeBlock (C:\Users\Zhenechka\react-fundamentals-app\node_modules\jest-circus\build\run.js:66:9)
    at _runTestsForDescribeBlock (C:\Users\Zhenechka\react-fundamentals-app\node_modules\jest-circus\build\run.js:60:9)
    at run (C:\Users\Zhenechka\react-fundamentals-app\node_modules\jest-circus\build\run.js:25:3)
    at runAndTransformResultsToJestFormat (C:\Users\Zhenechka\react-fundamentals-app\node_modules\jest-circus\build\legacy-code-todo-rewrite\jestAdapterInit.js:170:21)
    at jestAdapter (C:\Users\Zhenechka\react-fundamentals-app\node_modules\jest-circus\build\legacy-code-todo-rewrite\jestAdapter.js:82:19)
    at runTestInternal (C:\Users\Zhenechka\react-fundamentals-app\node_modules\jest-runner\build\runTest.js:389:16)
    at runTest (C:\Users\Zhenechka\react-fundamentals-app\node_modules\jest-runner\build\runTest.js:475:34)
    at Object.worker (C:\Users\Zhenechka\react-fundamentals-app\node_modules\jest-runner\build\testWorker.js:133:12)</failure>
    </testcase>
  </testsuite>
  <testsuite name="src\__tests__\module-4\CourseCard.test.js" errors="0" failures="4" skipped="0" timestamp="2025-05-21T23:21:59" time="0.456" tests="4">
    <testcase classname="CourseCard component-should render the Delete (with data-testid=&quot;deleteCourse&quot;) and Update (with data-testid=&quot;updateCourse&quot;) buttons for admin" name="CourseCard component-should render the Delete (with data-testid=&quot;deleteCourse&quot;) and Update (with data-testid=&quot;updateCourse&quot;) buttons for admin" time="0.062">
      <failure>TypeError: Cannot read properties of undefined (reading &apos;find&apos;)
    at map (C:\Users\Zhenechka\react-fundamentals-app\src\components\Courses\components\CourseCard\CourseCard.jsx:34:42)
    at Array.map (&lt;anonymous&gt;)
    at CourseCard (C:\Users\Zhenechka\react-fundamentals-app\src\components\Courses\components\CourseCard\CourseCard.jsx:33:14)
    at renderWithHooks (C:\Users\Zhenechka\react-fundamentals-app\node_modules\react-dom\cjs\react-dom.development.js:16305:18)
    at mountIndeterminateComponent (C:\Users\Zhenechka\react-fundamentals-app\node_modules\react-dom\cjs\react-dom.development.js:20074:13)
    at beginWork (C:\Users\Zhenechka\react-fundamentals-app\node_modules\react-dom\cjs\react-dom.development.js:21587:16)
    at beginWork$1 (C:\Users\Zhenechka\react-fundamentals-app\node_modules\react-dom\cjs\react-dom.development.js:27426:14)
    at performUnitOfWork (C:\Users\Zhenechka\react-fundamentals-app\node_modules\react-dom\cjs\react-dom.development.js:26560:12)
    at workLoopSync (C:\Users\Zhenechka\react-fundamentals-app\node_modules\react-dom\cjs\react-dom.development.js:26466:5)
    at renderRootSync (C:\Users\Zhenechka\react-fundamentals-app\node_modules\react-dom\cjs\react-dom.development.js:26434:7)
    at recoverFromConcurrentError (C:\Users\Zhenechka\react-fundamentals-app\node_modules\react-dom\cjs\react-dom.development.js:25850:20)
    at performConcurrentWorkOnRoot (C:\Users\Zhenechka\react-fundamentals-app\node_modules\react-dom\cjs\react-dom.development.js:25750:22)
    at flushActQueue (C:\Users\Zhenechka\react-fundamentals-app\node_modules\react\cjs\react.development.js:2667:24)
    at act (C:\Users\Zhenechka\react-fundamentals-app\node_modules\react\cjs\react.development.js:2582:11)
    at C:\Users\Zhenechka\react-fundamentals-app\node_modules\@testing-library\react\dist\act-compat.js:46:25
    at renderRoot (C:\Users\Zhenechka\react-fundamentals-app\node_modules\@testing-library\react\dist\pure.js:161:26)
    at render (C:\Users\Zhenechka\react-fundamentals-app\node_modules\@testing-library\react\dist\pure.js:247:10)
    at Object.&lt;anonymous&gt; (C:\Users\Zhenechka\react-fundamentals-app\src\__tests__\module-4\CourseCard.test.js:46:11)
    at Promise.then.completed (C:\Users\Zhenechka\react-fundamentals-app\node_modules\jest-circus\build\utils.js:391:28)
    at new Promise (&lt;anonymous&gt;)
    at callAsyncCircusFn (C:\Users\Zhenechka\react-fundamentals-app\node_modules\jest-circus\build\utils.js:316:10)
    at _callCircusTest (C:\Users\Zhenechka\react-fundamentals-app\node_modules\jest-circus\build\run.js:218:40)
    at processTicksAndRejections (node:internal/process/task_queues:105:5)
    at _runTest (C:\Users\Zhenechka\react-fundamentals-app\node_modules\jest-circus\build\run.js:155:3)
    at _runTestsForDescribeBlock (C:\Users\Zhenechka\react-fundamentals-app\node_modules\jest-circus\build\run.js:66:9)
    at _runTestsForDescribeBlock (C:\Users\Zhenechka\react-fundamentals-app\node_modules\jest-circus\build\run.js:60:9)
    at run (C:\Users\Zhenechka\react-fundamentals-app\node_modules\jest-circus\build\run.js:25:3)
    at runAndTransformResultsToJestFormat (C:\Users\Zhenechka\react-fundamentals-app\node_modules\jest-circus\build\legacy-code-todo-rewrite\jestAdapterInit.js:170:21)
    at jestAdapter (C:\Users\Zhenechka\react-fundamentals-app\node_modules\jest-circus\build\legacy-code-todo-rewrite\jestAdapter.js:82:19)
    at runTestInternal (C:\Users\Zhenechka\react-fundamentals-app\node_modules\jest-runner\build\runTest.js:389:16)
    at runTest (C:\Users\Zhenechka\react-fundamentals-app\node_modules\jest-runner\build\runTest.js:475:34)
    at Object.worker (C:\Users\Zhenechka\react-fundamentals-app\node_modules\jest-runner\build\testWorker.js:133:12)</failure>
    </testcase>
    <testcase classname="CourseCard component-should NOT render the Delete (with data-testid=&quot;deleteCourse&quot;) and Update (with data-testid=&quot;updateCourse&quot;) buttons for non-admin" name="CourseCard component-should NOT render the Delete (with data-testid=&quot;deleteCourse&quot;) and Update (with data-testid=&quot;updateCourse&quot;) buttons for non-admin" time="0.007">
      <failure>TypeError: Cannot read properties of undefined (reading &apos;find&apos;)
    at map (C:\Users\Zhenechka\react-fundamentals-app\src\components\Courses\components\CourseCard\CourseCard.jsx:34:42)
    at Array.map (&lt;anonymous&gt;)
    at CourseCard (C:\Users\Zhenechka\react-fundamentals-app\src\components\Courses\components\CourseCard\CourseCard.jsx:33:14)
    at renderWithHooks (C:\Users\Zhenechka\react-fundamentals-app\node_modules\react-dom\cjs\react-dom.development.js:16305:18)
    at mountIndeterminateComponent (C:\Users\Zhenechka\react-fundamentals-app\node_modules\react-dom\cjs\react-dom.development.js:20074:13)
    at beginWork (C:\Users\Zhenechka\react-fundamentals-app\node_modules\react-dom\cjs\react-dom.development.js:21587:16)
    at beginWork$1 (C:\Users\Zhenechka\react-fundamentals-app\node_modules\react-dom\cjs\react-dom.development.js:27426:14)
    at performUnitOfWork (C:\Users\Zhenechka\react-fundamentals-app\node_modules\react-dom\cjs\react-dom.development.js:26560:12)
    at workLoopSync (C:\Users\Zhenechka\react-fundamentals-app\node_modules\react-dom\cjs\react-dom.development.js:26466:5)
    at renderRootSync (C:\Users\Zhenechka\react-fundamentals-app\node_modules\react-dom\cjs\react-dom.development.js:26434:7)
    at recoverFromConcurrentError (C:\Users\Zhenechka\react-fundamentals-app\node_modules\react-dom\cjs\react-dom.development.js:25850:20)
    at performConcurrentWorkOnRoot (C:\Users\Zhenechka\react-fundamentals-app\node_modules\react-dom\cjs\react-dom.development.js:25750:22)
    at flushActQueue (C:\Users\Zhenechka\react-fundamentals-app\node_modules\react\cjs\react.development.js:2667:24)
    at act (C:\Users\Zhenechka\react-fundamentals-app\node_modules\react\cjs\react.development.js:2582:11)
    at C:\Users\Zhenechka\react-fundamentals-app\node_modules\@testing-library\react\dist\act-compat.js:46:25
    at renderRoot (C:\Users\Zhenechka\react-fundamentals-app\node_modules\@testing-library\react\dist\pure.js:161:26)
    at render (C:\Users\Zhenechka\react-fundamentals-app\node_modules\@testing-library\react\dist\pure.js:247:10)
    at Object.&lt;anonymous&gt; (C:\Users\Zhenechka\react-fundamentals-app\src\__tests__\module-4\CourseCard.test.js:66:11)
    at Promise.then.completed (C:\Users\Zhenechka\react-fundamentals-app\node_modules\jest-circus\build\utils.js:391:28)
    at new Promise (&lt;anonymous&gt;)
    at callAsyncCircusFn (C:\Users\Zhenechka\react-fundamentals-app\node_modules\jest-circus\build\utils.js:316:10)
    at _callCircusTest (C:\Users\Zhenechka\react-fundamentals-app\node_modules\jest-circus\build\run.js:218:40)
    at processTicksAndRejections (node:internal/process/task_queues:105:5)
    at _runTest (C:\Users\Zhenechka\react-fundamentals-app\node_modules\jest-circus\build\run.js:155:3)
    at _runTestsForDescribeBlock (C:\Users\Zhenechka\react-fundamentals-app\node_modules\jest-circus\build\run.js:66:9)
    at _runTestsForDescribeBlock (C:\Users\Zhenechka\react-fundamentals-app\node_modules\jest-circus\build\run.js:60:9)
    at run (C:\Users\Zhenechka\react-fundamentals-app\node_modules\jest-circus\build\run.js:25:3)
    at runAndTransformResultsToJestFormat (C:\Users\Zhenechka\react-fundamentals-app\node_modules\jest-circus\build\legacy-code-todo-rewrite\jestAdapterInit.js:170:21)
    at jestAdapter (C:\Users\Zhenechka\react-fundamentals-app\node_modules\jest-circus\build\legacy-code-todo-rewrite\jestAdapter.js:82:19)
    at runTestInternal (C:\Users\Zhenechka\react-fundamentals-app\node_modules\jest-runner\build\runTest.js:389:16)
    at runTest (C:\Users\Zhenechka\react-fundamentals-app\node_modules\jest-runner\build\runTest.js:475:34)
    at Object.worker (C:\Users\Zhenechka\react-fundamentals-app\node_modules\jest-runner\build\testWorker.js:133:12)</failure>
    </testcase>
    <testcase classname="CourseCard component-should render update button with data-testid=&quot;updateCourse&quot; as &lt;Link/&gt;" name="CourseCard component-should render update button with data-testid=&quot;updateCourse&quot; as &lt;Link/&gt;" time="0.005">
      <failure>TypeError: Cannot read properties of undefined (reading &apos;find&apos;)
    at map (C:\Users\Zhenechka\react-fundamentals-app\src\components\Courses\components\CourseCard\CourseCard.jsx:34:42)
    at Array.map (&lt;anonymous&gt;)
    at CourseCard (C:\Users\Zhenechka\react-fundamentals-app\src\components\Courses\components\CourseCard\CourseCard.jsx:33:14)
    at renderWithHooks (C:\Users\Zhenechka\react-fundamentals-app\node_modules\react-dom\cjs\react-dom.development.js:16305:18)
    at mountIndeterminateComponent (C:\Users\Zhenechka\react-fundamentals-app\node_modules\react-dom\cjs\react-dom.development.js:20074:13)
    at beginWork (C:\Users\Zhenechka\react-fundamentals-app\node_modules\react-dom\cjs\react-dom.development.js:21587:16)
    at beginWork$1 (C:\Users\Zhenechka\react-fundamentals-app\node_modules\react-dom\cjs\react-dom.development.js:27426:14)
    at performUnitOfWork (C:\Users\Zhenechka\react-fundamentals-app\node_modules\react-dom\cjs\react-dom.development.js:26560:12)
    at workLoopSync (C:\Users\Zhenechka\react-fundamentals-app\node_modules\react-dom\cjs\react-dom.development.js:26466:5)
    at renderRootSync (C:\Users\Zhenechka\react-fundamentals-app\node_modules\react-dom\cjs\react-dom.development.js:26434:7)
    at recoverFromConcurrentError (C:\Users\Zhenechka\react-fundamentals-app\node_modules\react-dom\cjs\react-dom.development.js:25850:20)
    at performConcurrentWorkOnRoot (C:\Users\Zhenechka\react-fundamentals-app\node_modules\react-dom\cjs\react-dom.development.js:25750:22)
    at flushActQueue (C:\Users\Zhenechka\react-fundamentals-app\node_modules\react\cjs\react.development.js:2667:24)
    at act (C:\Users\Zhenechka\react-fundamentals-app\node_modules\react\cjs\react.development.js:2582:11)
    at C:\Users\Zhenechka\react-fundamentals-app\node_modules\@testing-library\react\dist\act-compat.js:46:25
    at renderRoot (C:\Users\Zhenechka\react-fundamentals-app\node_modules\@testing-library\react\dist\pure.js:161:26)
    at render (C:\Users\Zhenechka\react-fundamentals-app\node_modules\@testing-library\react\dist\pure.js:247:10)
    at Object.&lt;anonymous&gt; (C:\Users\Zhenechka\react-fundamentals-app\src\__tests__\module-4\CourseCard.test.js:81:11)
    at Promise.then.completed (C:\Users\Zhenechka\react-fundamentals-app\node_modules\jest-circus\build\utils.js:391:28)
    at new Promise (&lt;anonymous&gt;)
    at callAsyncCircusFn (C:\Users\Zhenechka\react-fundamentals-app\node_modules\jest-circus\build\utils.js:316:10)
    at _callCircusTest (C:\Users\Zhenechka\react-fundamentals-app\node_modules\jest-circus\build\run.js:218:40)
    at processTicksAndRejections (node:internal/process/task_queues:105:5)
    at _runTest (C:\Users\Zhenechka\react-fundamentals-app\node_modules\jest-circus\build\run.js:155:3)
    at _runTestsForDescribeBlock (C:\Users\Zhenechka\react-fundamentals-app\node_modules\jest-circus\build\run.js:66:9)
    at _runTestsForDescribeBlock (C:\Users\Zhenechka\react-fundamentals-app\node_modules\jest-circus\build\run.js:60:9)
    at run (C:\Users\Zhenechka\react-fundamentals-app\node_modules\jest-circus\build\run.js:25:3)
    at runAndTransformResultsToJestFormat (C:\Users\Zhenechka\react-fundamentals-app\node_modules\jest-circus\build\legacy-code-todo-rewrite\jestAdapterInit.js:170:21)
    at jestAdapter (C:\Users\Zhenechka\react-fundamentals-app\node_modules\jest-circus\build\legacy-code-todo-rewrite\jestAdapter.js:82:19)
    at runTestInternal (C:\Users\Zhenechka\react-fundamentals-app\node_modules\jest-runner\build\runTest.js:389:16)
    at runTest (C:\Users\Zhenechka\react-fundamentals-app\node_modules\jest-runner\build\runTest.js:475:34)
    at Object.worker (C:\Users\Zhenechka\react-fundamentals-app\node_modules\jest-runner\build\testWorker.js:133:12)</failure>
    </testcase>
    <testcase classname="CourseCard component-should dispatch deleteCourseThunk on delete button click" name="CourseCard component-should dispatch deleteCourseThunk on delete button click" time="0.005">
      <failure>TypeError: Cannot read properties of undefined (reading &apos;find&apos;)
    at map (C:\Users\Zhenechka\react-fundamentals-app\src\components\Courses\components\CourseCard\CourseCard.jsx:34:42)
    at Array.map (&lt;anonymous&gt;)
    at CourseCard (C:\Users\Zhenechka\react-fundamentals-app\src\components\Courses\components\CourseCard\CourseCard.jsx:33:14)
    at renderWithHooks (C:\Users\Zhenechka\react-fundamentals-app\node_modules\react-dom\cjs\react-dom.development.js:16305:18)
    at mountIndeterminateComponent (C:\Users\Zhenechka\react-fundamentals-app\node_modules\react-dom\cjs\react-dom.development.js:20074:13)
    at beginWork (C:\Users\Zhenechka\react-fundamentals-app\node_modules\react-dom\cjs\react-dom.development.js:21587:16)
    at beginWork$1 (C:\Users\Zhenechka\react-fundamentals-app\node_modules\react-dom\cjs\react-dom.development.js:27426:14)
    at performUnitOfWork (C:\Users\Zhenechka\react-fundamentals-app\node_modules\react-dom\cjs\react-dom.development.js:26560:12)
    at workLoopSync (C:\Users\Zhenechka\react-fundamentals-app\node_modules\react-dom\cjs\react-dom.development.js:26466:5)
    at renderRootSync (C:\Users\Zhenechka\react-fundamentals-app\node_modules\react-dom\cjs\react-dom.development.js:26434:7)
    at recoverFromConcurrentError (C:\Users\Zhenechka\react-fundamentals-app\node_modules\react-dom\cjs\react-dom.development.js:25850:20)
    at performConcurrentWorkOnRoot (C:\Users\Zhenechka\react-fundamentals-app\node_modules\react-dom\cjs\react-dom.development.js:25750:22)
    at flushActQueue (C:\Users\Zhenechka\react-fundamentals-app\node_modules\react\cjs\react.development.js:2667:24)
    at act (C:\Users\Zhenechka\react-fundamentals-app\node_modules\react\cjs\react.development.js:2582:11)
    at C:\Users\Zhenechka\react-fundamentals-app\node_modules\@testing-library\react\dist\act-compat.js:46:25
    at renderRoot (C:\Users\Zhenechka\react-fundamentals-app\node_modules\@testing-library\react\dist\pure.js:161:26)
    at render (C:\Users\Zhenechka\react-fundamentals-app\node_modules\@testing-library\react\dist\pure.js:247:10)
    at Object.&lt;anonymous&gt; (C:\Users\Zhenechka\react-fundamentals-app\src\__tests__\module-4\CourseCard.test.js:99:11)
    at Promise.then.completed (C:\Users\Zhenechka\react-fundamentals-app\node_modules\jest-circus\build\utils.js:391:28)
    at new Promise (&lt;anonymous&gt;)
    at callAsyncCircusFn (C:\Users\Zhenechka\react-fundamentals-app\node_modules\jest-circus\build\utils.js:316:10)
    at _callCircusTest (C:\Users\Zhenechka\react-fundamentals-app\node_modules\jest-circus\build\run.js:218:40)
    at processTicksAndRejections (node:internal/process/task_queues:105:5)
    at _runTest (C:\Users\Zhenechka\react-fundamentals-app\node_modules\jest-circus\build\run.js:155:3)
    at _runTestsForDescribeBlock (C:\Users\Zhenechka\react-fundamentals-app\node_modules\jest-circus\build\run.js:66:9)
    at _runTestsForDescribeBlock (C:\Users\Zhenechka\react-fundamentals-app\node_modules\jest-circus\build\run.js:60:9)
    at run (C:\Users\Zhenechka\react-fundamentals-app\node_modules\jest-circus\build\run.js:25:3)
    at runAndTransformResultsToJestFormat (C:\Users\Zhenechka\react-fundamentals-app\node_modules\jest-circus\build\legacy-code-todo-rewrite\jestAdapterInit.js:170:21)
    at jestAdapter (C:\Users\Zhenechka\react-fundamentals-app\node_modules\jest-circus\build\legacy-code-todo-rewrite\jestAdapter.js:82:19)
    at runTestInternal (C:\Users\Zhenechka\react-fundamentals-app\node_modules\jest-runner\build\runTest.js:389:16)
    at runTest (C:\Users\Zhenechka\react-fundamentals-app\node_modules\jest-runner\build\runTest.js:475:34)
    at Object.worker (C:\Users\Zhenechka\react-fundamentals-app\node_modules\jest-runner\build\testWorker.js:133:12)</failure>
    </testcase>
  </testsuite>
  <testsuite name="src\__tests__\module-4\Courses.test.js" errors="0" failures="3" skipped="0" timestamp="2025-05-21T23:21:59" time="0.493" tests="4">
    <testcase classname="Courses component-should render list of courses with data-testid=&quot;courseCard&quot; from store (use getCoursesSelector inside &lt;Courses /&gt;)" name="Courses component-should render list of courses with data-testid=&quot;courseCard&quot; from store (use getCoursesSelector inside &lt;Courses /&gt;)" time="0.076">
      <failure>TypeError: Cannot read properties of undefined (reading &apos;length&apos;)
    at Courses (C:\Users\Zhenechka\react-fundamentals-app\src\components\Courses\Courses.jsx:30:19)
    at renderWithHooks (C:\Users\Zhenechka\react-fundamentals-app\node_modules\react-dom\cjs\react-dom.development.js:16305:18)
    at mountIndeterminateComponent (C:\Users\Zhenechka\react-fundamentals-app\node_modules\react-dom\cjs\react-dom.development.js:20074:13)
    at beginWork (C:\Users\Zhenechka\react-fundamentals-app\node_modules\react-dom\cjs\react-dom.development.js:21587:16)
    at beginWork$1 (C:\Users\Zhenechka\react-fundamentals-app\node_modules\react-dom\cjs\react-dom.development.js:27426:14)
    at performUnitOfWork (C:\Users\Zhenechka\react-fundamentals-app\node_modules\react-dom\cjs\react-dom.development.js:26560:12)
    at workLoopSync (C:\Users\Zhenechka\react-fundamentals-app\node_modules\react-dom\cjs\react-dom.development.js:26466:5)
    at renderRootSync (C:\Users\Zhenechka\react-fundamentals-app\node_modules\react-dom\cjs\react-dom.development.js:26434:7)
    at recoverFromConcurrentError (C:\Users\Zhenechka\react-fundamentals-app\node_modules\react-dom\cjs\react-dom.development.js:25850:20)
    at performConcurrentWorkOnRoot (C:\Users\Zhenechka\react-fundamentals-app\node_modules\react-dom\cjs\react-dom.development.js:25750:22)
    at flushActQueue (C:\Users\Zhenechka\react-fundamentals-app\node_modules\react\cjs\react.development.js:2667:24)
    at act (C:\Users\Zhenechka\react-fundamentals-app\node_modules\react\cjs\react.development.js:2582:11)
    at C:\Users\Zhenechka\react-fundamentals-app\node_modules\@testing-library\react\dist\act-compat.js:46:25
    at renderRoot (C:\Users\Zhenechka\react-fundamentals-app\node_modules\@testing-library\react\dist\pure.js:161:26)
    at render (C:\Users\Zhenechka\react-fundamentals-app\node_modules\@testing-library\react\dist\pure.js:247:10)
    at Object.&lt;anonymous&gt; (C:\Users\Zhenechka\react-fundamentals-app\src\__tests__\module-4\Courses.test.js:55:11)
    at Promise.then.completed (C:\Users\Zhenechka\react-fundamentals-app\node_modules\jest-circus\build\utils.js:391:28)
    at new Promise (&lt;anonymous&gt;)
    at callAsyncCircusFn (C:\Users\Zhenechka\react-fundamentals-app\node_modules\jest-circus\build\utils.js:316:10)
    at _callCircusTest (C:\Users\Zhenechka\react-fundamentals-app\node_modules\jest-circus\build\run.js:218:40)
    at processTicksAndRejections (node:internal/process/task_queues:105:5)
    at _runTest (C:\Users\Zhenechka\react-fundamentals-app\node_modules\jest-circus\build\run.js:155:3)
    at _runTestsForDescribeBlock (C:\Users\Zhenechka\react-fundamentals-app\node_modules\jest-circus\build\run.js:66:9)
    at _runTestsForDescribeBlock (C:\Users\Zhenechka\react-fundamentals-app\node_modules\jest-circus\build\run.js:60:9)
    at run (C:\Users\Zhenechka\react-fundamentals-app\node_modules\jest-circus\build\run.js:25:3)
    at runAndTransformResultsToJestFormat (C:\Users\Zhenechka\react-fundamentals-app\node_modules\jest-circus\build\legacy-code-todo-rewrite\jestAdapterInit.js:170:21)
    at jestAdapter (C:\Users\Zhenechka\react-fundamentals-app\node_modules\jest-circus\build\legacy-code-todo-rewrite\jestAdapter.js:82:19)
    at runTestInternal (C:\Users\Zhenechka\react-fundamentals-app\node_modules\jest-runner\build\runTest.js:389:16)
    at runTest (C:\Users\Zhenechka\react-fundamentals-app\node_modules\jest-runner\build\runTest.js:475:34)
    at Object.worker (C:\Users\Zhenechka\react-fundamentals-app\node_modules\jest-runner\build\testWorker.js:133:12)</failure>
    </testcase>
    <testcase classname="Courses component-should render &quot;ADD NEW COURSE&quot; button as a &lt;Link /&gt; to=&quot;/courses/add&quot;" name="Courses component-should render &quot;ADD NEW COURSE&quot; button as a &lt;Link /&gt; to=&quot;/courses/add&quot;" time="0.006">
      <failure>TypeError: Cannot read properties of undefined (reading &apos;length&apos;)
    at Courses (C:\Users\Zhenechka\react-fundamentals-app\src\components\Courses\Courses.jsx:30:19)
    at renderWithHooks (C:\Users\Zhenechka\react-fundamentals-app\node_modules\react-dom\cjs\react-dom.development.js:16305:18)
    at mountIndeterminateComponent (C:\Users\Zhenechka\react-fundamentals-app\node_modules\react-dom\cjs\react-dom.development.js:20074:13)
    at beginWork (C:\Users\Zhenechka\react-fundamentals-app\node_modules\react-dom\cjs\react-dom.development.js:21587:16)
    at beginWork$1 (C:\Users\Zhenechka\react-fundamentals-app\node_modules\react-dom\cjs\react-dom.development.js:27426:14)
    at performUnitOfWork (C:\Users\Zhenechka\react-fundamentals-app\node_modules\react-dom\cjs\react-dom.development.js:26560:12)
    at workLoopSync (C:\Users\Zhenechka\react-fundamentals-app\node_modules\react-dom\cjs\react-dom.development.js:26466:5)
    at renderRootSync (C:\Users\Zhenechka\react-fundamentals-app\node_modules\react-dom\cjs\react-dom.development.js:26434:7)
    at recoverFromConcurrentError (C:\Users\Zhenechka\react-fundamentals-app\node_modules\react-dom\cjs\react-dom.development.js:25850:20)
    at performConcurrentWorkOnRoot (C:\Users\Zhenechka\react-fundamentals-app\node_modules\react-dom\cjs\react-dom.development.js:25750:22)
    at flushActQueue (C:\Users\Zhenechka\react-fundamentals-app\node_modules\react\cjs\react.development.js:2667:24)
    at act (C:\Users\Zhenechka\react-fundamentals-app\node_modules\react\cjs\react.development.js:2582:11)
    at C:\Users\Zhenechka\react-fundamentals-app\node_modules\@testing-library\react\dist\act-compat.js:46:25
    at renderRoot (C:\Users\Zhenechka\react-fundamentals-app\node_modules\@testing-library\react\dist\pure.js:161:26)
    at render (C:\Users\Zhenechka\react-fundamentals-app\node_modules\@testing-library\react\dist\pure.js:247:10)
    at Object.&lt;anonymous&gt; (C:\Users\Zhenechka\react-fundamentals-app\src\__tests__\module-4\Courses.test.js:70:11)
    at Promise.then.completed (C:\Users\Zhenechka\react-fundamentals-app\node_modules\jest-circus\build\utils.js:391:28)
    at new Promise (&lt;anonymous&gt;)
    at callAsyncCircusFn (C:\Users\Zhenechka\react-fundamentals-app\node_modules\jest-circus\build\utils.js:316:10)
    at _callCircusTest (C:\Users\Zhenechka\react-fundamentals-app\node_modules\jest-circus\build\run.js:218:40)
    at processTicksAndRejections (node:internal/process/task_queues:105:5)
    at _runTest (C:\Users\Zhenechka\react-fundamentals-app\node_modules\jest-circus\build\run.js:155:3)
    at _runTestsForDescribeBlock (C:\Users\Zhenechka\react-fundamentals-app\node_modules\jest-circus\build\run.js:66:9)
    at _runTestsForDescribeBlock (C:\Users\Zhenechka\react-fundamentals-app\node_modules\jest-circus\build\run.js:60:9)
    at run (C:\Users\Zhenechka\react-fundamentals-app\node_modules\jest-circus\build\run.js:25:3)
    at runAndTransformResultsToJestFormat (C:\Users\Zhenechka\react-fundamentals-app\node_modules\jest-circus\build\legacy-code-todo-rewrite\jestAdapterInit.js:170:21)
    at jestAdapter (C:\Users\Zhenechka\react-fundamentals-app\node_modules\jest-circus\build\legacy-code-todo-rewrite\jestAdapter.js:82:19)
    at runTestInternal (C:\Users\Zhenechka\react-fundamentals-app\node_modules\jest-runner\build\runTest.js:389:16)
    at runTest (C:\Users\Zhenechka\react-fundamentals-app\node_modules\jest-runner\build\runTest.js:475:34)
    at Object.worker (C:\Users\Zhenechka\react-fundamentals-app\node_modules\jest-runner\build\testWorker.js:133:12)</failure>
    </testcase>
    <testcase classname="Courses component-should render EmptyCoursesList component if no courses with &quot;ADD NEW COURSE&quot; button with data-testid=&quot;addCourse&quot; for admin" name="Courses component-should render EmptyCoursesList component if no courses with &quot;ADD NEW COURSE&quot; button with data-testid=&quot;addCourse&quot; for admin" time="0.018">
    </testcase>
    <testcase classname="Courses component-should render EmptyCoursesList component if no courses with info about &quot;permissions&quot; and NOT render button with data-testid=&quot;addCourse&quot;" name="Courses component-should render EmptyCoursesList component if no courses with info about &quot;permissions&quot; and NOT render button with data-testid=&quot;addCourse&quot;" time="0.007">
      <failure>Error: expect(received).toBeInTheDocument()

received value must be an HTMLElement or an SVGElement.
Received has value: null
    at __EXTERNAL_MATCHER_TRAP__ (C:\Users\Zhenechka\react-fundamentals-app\node_modules\expect\build\index.js:386:30)
    at Object.toBeInTheDocument (C:\Users\Zhenechka\react-fundamentals-app\node_modules\expect\build\index.js:387:15)
    at Object.&lt;anonymous&gt; (C:\Users\Zhenechka\react-fundamentals-app\src\__tests__\module-4\Courses.test.js:126:23)
    at Promise.then.completed (C:\Users\Zhenechka\react-fundamentals-app\node_modules\jest-circus\build\utils.js:391:28)
    at new Promise (&lt;anonymous&gt;)
    at callAsyncCircusFn (C:\Users\Zhenechka\react-fundamentals-app\node_modules\jest-circus\build\utils.js:316:10)
    at _callCircusTest (C:\Users\Zhenechka\react-fundamentals-app\node_modules\jest-circus\build\run.js:218:40)
    at processTicksAndRejections (node:internal/process/task_queues:105:5)
    at _runTest (C:\Users\Zhenechka\react-fundamentals-app\node_modules\jest-circus\build\run.js:155:3)
    at _runTestsForDescribeBlock (C:\Users\Zhenechka\react-fundamentals-app\node_modules\jest-circus\build\run.js:66:9)
    at _runTestsForDescribeBlock (C:\Users\Zhenechka\react-fundamentals-app\node_modules\jest-circus\build\run.js:60:9)
    at run (C:\Users\Zhenechka\react-fundamentals-app\node_modules\jest-circus\build\run.js:25:3)
    at runAndTransformResultsToJestFormat (C:\Users\Zhenechka\react-fundamentals-app\node_modules\jest-circus\build\legacy-code-todo-rewrite\jestAdapterInit.js:170:21)
    at jestAdapter (C:\Users\Zhenechka\react-fundamentals-app\node_modules\jest-circus\build\legacy-code-todo-rewrite\jestAdapter.js:82:19)
    at runTestInternal (C:\Users\Zhenechka\react-fundamentals-app\node_modules\jest-runner\build\runTest.js:389:16)
    at runTest (C:\Users\Zhenechka\react-fundamentals-app\node_modules\jest-runner\build\runTest.js:475:34)
    at Object.worker (C:\Users\Zhenechka\react-fundamentals-app\node_modules\jest-runner\build\testWorker.js:133:12)</failure>
    </testcase>
  </testsuite>
  <testsuite name="src\__tests__\module-4\thunk.test.js" errors="0" failures="8" skipped="0" timestamp="2025-05-21T23:21:59" time="0.249" tests="8">
    <testcase classname="thunks › authorThunks › createAuthorThunk-should dispatch saveAuthor action with the created author data" name="thunks › authorThunks › createAuthorThunk-should dispatch saveAuthor action with the created author data" time="0">
      <failure>TypeError: (0 , _authorsThunk.createAuthorThunk) is not a function
    at Object.&lt;anonymous&gt; (C:\Users\Zhenechka\react-fundamentals-app\src\__tests__\module-4\thunk.test.js:48:32)
    at Promise.then.completed (C:\Users\Zhenechka\react-fundamentals-app\node_modules\jest-circus\build\utils.js:391:28)
    at new Promise (&lt;anonymous&gt;)
    at callAsyncCircusFn (C:\Users\Zhenechka\react-fundamentals-app\node_modules\jest-circus\build\utils.js:316:10)
    at _callCircusTest (C:\Users\Zhenechka\react-fundamentals-app\node_modules\jest-circus\build\run.js:218:40)
    at processTicksAndRejections (node:internal/process/task_queues:105:5)
    at _runTest (C:\Users\Zhenechka\react-fundamentals-app\node_modules\jest-circus\build\run.js:155:3)
    at _runTestsForDescribeBlock (C:\Users\Zhenechka\react-fundamentals-app\node_modules\jest-circus\build\run.js:66:9)
    at _runTestsForDescribeBlock (C:\Users\Zhenechka\react-fundamentals-app\node_modules\jest-circus\build\run.js:60:9)
    at _runTestsForDescribeBlock (C:\Users\Zhenechka\react-fundamentals-app\node_modules\jest-circus\build\run.js:60:9)
    at _runTestsForDescribeBlock (C:\Users\Zhenechka\react-fundamentals-app\node_modules\jest-circus\build\run.js:60:9)
    at run (C:\Users\Zhenechka\react-fundamentals-app\node_modules\jest-circus\build\run.js:25:3)
    at runAndTransformResultsToJestFormat (C:\Users\Zhenechka\react-fundamentals-app\node_modules\jest-circus\build\legacy-code-todo-rewrite\jestAdapterInit.js:170:21)
    at jestAdapter (C:\Users\Zhenechka\react-fundamentals-app\node_modules\jest-circus\build\legacy-code-todo-rewrite\jestAdapter.js:82:19)
    at runTestInternal (C:\Users\Zhenechka\react-fundamentals-app\node_modules\jest-runner\build\runTest.js:389:16)
    at runTest (C:\Users\Zhenechka\react-fundamentals-app\node_modules\jest-runner\build\runTest.js:475:34)
    at Object.worker (C:\Users\Zhenechka\react-fundamentals-app\node_modules\jest-runner\build\testWorker.js:133:12)</failure>
    </testcase>
    <testcase classname="thunks › authorThunks › getAuthorsThunk-should dispatch setAuthors action with the authors data" name="thunks › authorThunks › getAuthorsThunk-should dispatch setAuthors action with the authors data" time="0">
      <failure>TypeError: (0 , _authorsThunk.getAuthorsThunk) is not a function
    at Object.&lt;anonymous&gt; (C:\Users\Zhenechka\react-fundamentals-app\src\__tests__\module-4\thunk.test.js:76:30)
    at Promise.then.completed (C:\Users\Zhenechka\react-fundamentals-app\node_modules\jest-circus\build\utils.js:391:28)
    at new Promise (&lt;anonymous&gt;)
    at callAsyncCircusFn (C:\Users\Zhenechka\react-fundamentals-app\node_modules\jest-circus\build\utils.js:316:10)
    at _callCircusTest (C:\Users\Zhenechka\react-fundamentals-app\node_modules\jest-circus\build\run.js:218:40)
    at processTicksAndRejections (node:internal/process/task_queues:105:5)
    at _runTest (C:\Users\Zhenechka\react-fundamentals-app\node_modules\jest-circus\build\run.js:155:3)
    at _runTestsForDescribeBlock (C:\Users\Zhenechka\react-fundamentals-app\node_modules\jest-circus\build\run.js:66:9)
    at _runTestsForDescribeBlock (C:\Users\Zhenechka\react-fundamentals-app\node_modules\jest-circus\build\run.js:60:9)
    at _runTestsForDescribeBlock (C:\Users\Zhenechka\react-fundamentals-app\node_modules\jest-circus\build\run.js:60:9)
    at _runTestsForDescribeBlock (C:\Users\Zhenechka\react-fundamentals-app\node_modules\jest-circus\build\run.js:60:9)
    at run (C:\Users\Zhenechka\react-fundamentals-app\node_modules\jest-circus\build\run.js:25:3)
    at runAndTransformResultsToJestFormat (C:\Users\Zhenechka\react-fundamentals-app\node_modules\jest-circus\build\legacy-code-todo-rewrite\jestAdapterInit.js:170:21)
    at jestAdapter (C:\Users\Zhenechka\react-fundamentals-app\node_modules\jest-circus\build\legacy-code-todo-rewrite\jestAdapter.js:82:19)
    at runTestInternal (C:\Users\Zhenechka\react-fundamentals-app\node_modules\jest-runner\build\runTest.js:389:16)
    at runTest (C:\Users\Zhenechka\react-fundamentals-app\node_modules\jest-runner\build\runTest.js:475:34)
    at Object.worker (C:\Users\Zhenechka\react-fundamentals-app\node_modules\jest-runner\build\testWorker.js:133:12)</failure>
    </testcase>
    <testcase classname="thunks › coursesThunks › updateCourseThunk-should dispatch updateCourse action with the updated course data" name="thunks › coursesThunks › updateCourseThunk-should dispatch updateCourse action with the updated course data" time="0.001">
      <failure>TypeError: (0 , _coursesThunk.updateCourseThunk) is not a function
    at Object.&lt;anonymous&gt; (C:\Users\Zhenechka\react-fundamentals-app\src\__tests__\module-4\thunk.test.js:100:32)
    at Promise.then.completed (C:\Users\Zhenechka\react-fundamentals-app\node_modules\jest-circus\build\utils.js:391:28)
    at new Promise (&lt;anonymous&gt;)
    at callAsyncCircusFn (C:\Users\Zhenechka\react-fundamentals-app\node_modules\jest-circus\build\utils.js:316:10)
    at _callCircusTest (C:\Users\Zhenechka\react-fundamentals-app\node_modules\jest-circus\build\run.js:218:40)
    at processTicksAndRejections (node:internal/process/task_queues:105:5)
    at _runTest (C:\Users\Zhenechka\react-fundamentals-app\node_modules\jest-circus\build\run.js:155:3)
    at _runTestsForDescribeBlock (C:\Users\Zhenechka\react-fundamentals-app\node_modules\jest-circus\build\run.js:66:9)
    at _runTestsForDescribeBlock (C:\Users\Zhenechka\react-fundamentals-app\node_modules\jest-circus\build\run.js:60:9)
    at _runTestsForDescribeBlock (C:\Users\Zhenechka\react-fundamentals-app\node_modules\jest-circus\build\run.js:60:9)
    at _runTestsForDescribeBlock (C:\Users\Zhenechka\react-fundamentals-app\node_modules\jest-circus\build\run.js:60:9)
    at run (C:\Users\Zhenechka\react-fundamentals-app\node_modules\jest-circus\build\run.js:25:3)
    at runAndTransformResultsToJestFormat (C:\Users\Zhenechka\react-fundamentals-app\node_modules\jest-circus\build\legacy-code-todo-rewrite\jestAdapterInit.js:170:21)
    at jestAdapter (C:\Users\Zhenechka\react-fundamentals-app\node_modules\jest-circus\build\legacy-code-todo-rewrite\jestAdapter.js:82:19)
    at runTestInternal (C:\Users\Zhenechka\react-fundamentals-app\node_modules\jest-runner\build\runTest.js:389:16)
    at runTest (C:\Users\Zhenechka\react-fundamentals-app\node_modules\jest-runner\build\runTest.js:475:34)
    at Object.worker (C:\Users\Zhenechka\react-fundamentals-app\node_modules\jest-runner\build\testWorker.js:133:12)</failure>
    </testcase>
    <testcase classname="thunks › coursesThunks › deleteCourseThunk-should dispatch deleteCourse action with the course id" name="thunks › coursesThunks › deleteCourseThunk-should dispatch deleteCourse action with the course id" time="0">
      <failure>TypeError: (0 , _coursesThunk.deleteCourseThunk) is not a function
    at Object.&lt;anonymous&gt; (C:\Users\Zhenechka\react-fundamentals-app\src\__tests__\module-4\thunk.test.js:121:32)
    at Promise.then.completed (C:\Users\Zhenechka\react-fundamentals-app\node_modules\jest-circus\build\utils.js:391:28)
    at new Promise (&lt;anonymous&gt;)
    at callAsyncCircusFn (C:\Users\Zhenechka\react-fundamentals-app\node_modules\jest-circus\build\utils.js:316:10)
    at _callCircusTest (C:\Users\Zhenechka\react-fundamentals-app\node_modules\jest-circus\build\run.js:218:40)
    at processTicksAndRejections (node:internal/process/task_queues:105:5)
    at _runTest (C:\Users\Zhenechka\react-fundamentals-app\node_modules\jest-circus\build\run.js:155:3)
    at _runTestsForDescribeBlock (C:\Users\Zhenechka\react-fundamentals-app\node_modules\jest-circus\build\run.js:66:9)
    at _runTestsForDescribeBlock (C:\Users\Zhenechka\react-fundamentals-app\node_modules\jest-circus\build\run.js:60:9)
    at _runTestsForDescribeBlock (C:\Users\Zhenechka\react-fundamentals-app\node_modules\jest-circus\build\run.js:60:9)
    at _runTestsForDescribeBlock (C:\Users\Zhenechka\react-fundamentals-app\node_modules\jest-circus\build\run.js:60:9)
    at run (C:\Users\Zhenechka\react-fundamentals-app\node_modules\jest-circus\build\run.js:25:3)
    at runAndTransformResultsToJestFormat (C:\Users\Zhenechka\react-fundamentals-app\node_modules\jest-circus\build\legacy-code-todo-rewrite\jestAdapterInit.js:170:21)
    at jestAdapter (C:\Users\Zhenechka\react-fundamentals-app\node_modules\jest-circus\build\legacy-code-todo-rewrite\jestAdapter.js:82:19)
    at runTestInternal (C:\Users\Zhenechka\react-fundamentals-app\node_modules\jest-runner\build\runTest.js:389:16)
    at runTest (C:\Users\Zhenechka\react-fundamentals-app\node_modules\jest-runner\build\runTest.js:475:34)
    at Object.worker (C:\Users\Zhenechka\react-fundamentals-app\node_modules\jest-runner\build\testWorker.js:133:12)</failure>
    </testcase>
    <testcase classname="thunks › coursesThunks › createCourseThunk-should dispatch saveCourse action with the course data" name="thunks › coursesThunks › createCourseThunk-should dispatch saveCourse action with the course data" time="0">
      <failure>TypeError: (0 , _coursesThunk.createCourseThunk) is not a function
    at Object.&lt;anonymous&gt; (C:\Users\Zhenechka\react-fundamentals-app\src\__tests__\module-4\thunk.test.js:142:32)
    at Promise.then.completed (C:\Users\Zhenechka\react-fundamentals-app\node_modules\jest-circus\build\utils.js:391:28)
    at new Promise (&lt;anonymous&gt;)
    at callAsyncCircusFn (C:\Users\Zhenechka\react-fundamentals-app\node_modules\jest-circus\build\utils.js:316:10)
    at _callCircusTest (C:\Users\Zhenechka\react-fundamentals-app\node_modules\jest-circus\build\run.js:218:40)
    at processTicksAndRejections (node:internal/process/task_queues:105:5)
    at _runTest (C:\Users\Zhenechka\react-fundamentals-app\node_modules\jest-circus\build\run.js:155:3)
    at _runTestsForDescribeBlock (C:\Users\Zhenechka\react-fundamentals-app\node_modules\jest-circus\build\run.js:66:9)
    at _runTestsForDescribeBlock (C:\Users\Zhenechka\react-fundamentals-app\node_modules\jest-circus\build\run.js:60:9)
    at _runTestsForDescribeBlock (C:\Users\Zhenechka\react-fundamentals-app\node_modules\jest-circus\build\run.js:60:9)
    at _runTestsForDescribeBlock (C:\Users\Zhenechka\react-fundamentals-app\node_modules\jest-circus\build\run.js:60:9)
    at run (C:\Users\Zhenechka\react-fundamentals-app\node_modules\jest-circus\build\run.js:25:3)
    at runAndTransformResultsToJestFormat (C:\Users\Zhenechka\react-fundamentals-app\node_modules\jest-circus\build\legacy-code-todo-rewrite\jestAdapterInit.js:170:21)
    at jestAdapter (C:\Users\Zhenechka\react-fundamentals-app\node_modules\jest-circus\build\legacy-code-todo-rewrite\jestAdapter.js:82:19)
    at runTestInternal (C:\Users\Zhenechka\react-fundamentals-app\node_modules\jest-runner\build\runTest.js:389:16)
    at runTest (C:\Users\Zhenechka\react-fundamentals-app\node_modules\jest-runner\build\runTest.js:475:34)
    at Object.worker (C:\Users\Zhenechka\react-fundamentals-app\node_modules\jest-runner\build\testWorker.js:133:12)</failure>
    </testcase>
    <testcase classname="thunks › coursesThunks › getCoursesThunk-should dispatch setCourses action with the courses data" name="thunks › coursesThunks › getCoursesThunk-should dispatch setCourses action with the courses data" time="0">
      <failure>TypeError: (0 , _coursesThunk.getCoursesThunk) is not a function
    at Object.&lt;anonymous&gt; (C:\Users\Zhenechka\react-fundamentals-app\src\__tests__\module-4\thunk.test.js:163:30)
    at Promise.then.completed (C:\Users\Zhenechka\react-fundamentals-app\node_modules\jest-circus\build\utils.js:391:28)
    at new Promise (&lt;anonymous&gt;)
    at callAsyncCircusFn (C:\Users\Zhenechka\react-fundamentals-app\node_modules\jest-circus\build\utils.js:316:10)
    at _callCircusTest (C:\Users\Zhenechka\react-fundamentals-app\node_modules\jest-circus\build\run.js:218:40)
    at processTicksAndRejections (node:internal/process/task_queues:105:5)
    at _runTest (C:\Users\Zhenechka\react-fundamentals-app\node_modules\jest-circus\build\run.js:155:3)
    at _runTestsForDescribeBlock (C:\Users\Zhenechka\react-fundamentals-app\node_modules\jest-circus\build\run.js:66:9)
    at _runTestsForDescribeBlock (C:\Users\Zhenechka\react-fundamentals-app\node_modules\jest-circus\build\run.js:60:9)
    at _runTestsForDescribeBlock (C:\Users\Zhenechka\react-fundamentals-app\node_modules\jest-circus\build\run.js:60:9)
    at _runTestsForDescribeBlock (C:\Users\Zhenechka\react-fundamentals-app\node_modules\jest-circus\build\run.js:60:9)
    at run (C:\Users\Zhenechka\react-fundamentals-app\node_modules\jest-circus\build\run.js:25:3)
    at runAndTransformResultsToJestFormat (C:\Users\Zhenechka\react-fundamentals-app\node_modules\jest-circus\build\legacy-code-todo-rewrite\jestAdapterInit.js:170:21)
    at jestAdapter (C:\Users\Zhenechka\react-fundamentals-app\node_modules\jest-circus\build\legacy-code-todo-rewrite\jestAdapter.js:82:19)
    at runTestInternal (C:\Users\Zhenechka\react-fundamentals-app\node_modules\jest-runner\build\runTest.js:389:16)
    at runTest (C:\Users\Zhenechka\react-fundamentals-app\node_modules\jest-runner\build\runTest.js:475:34)
    at Object.worker (C:\Users\Zhenechka\react-fundamentals-app\node_modules\jest-runner\build\testWorker.js:133:12)</failure>
    </testcase>
    <testcase classname="thunks › userThunks › getUserThunk-should dispatch setUserData action with the user data" name="thunks › userThunks › getUserThunk-should dispatch setUserData action with the user data" time="0.001">
      <failure>TypeError: (0 , _userThunk.getUserThunk) is not a function
    at Object.&lt;anonymous&gt; (C:\Users\Zhenechka\react-fundamentals-app\src\__tests__\module-4\thunk.test.js:199:27)
    at Promise.then.completed (C:\Users\Zhenechka\react-fundamentals-app\node_modules\jest-circus\build\utils.js:391:28)
    at new Promise (&lt;anonymous&gt;)
    at callAsyncCircusFn (C:\Users\Zhenechka\react-fundamentals-app\node_modules\jest-circus\build\utils.js:316:10)
    at _callCircusTest (C:\Users\Zhenechka\react-fundamentals-app\node_modules\jest-circus\build\run.js:218:40)
    at processTicksAndRejections (node:internal/process/task_queues:105:5)
    at _runTest (C:\Users\Zhenechka\react-fundamentals-app\node_modules\jest-circus\build\run.js:155:3)
    at _runTestsForDescribeBlock (C:\Users\Zhenechka\react-fundamentals-app\node_modules\jest-circus\build\run.js:66:9)
    at _runTestsForDescribeBlock (C:\Users\Zhenechka\react-fundamentals-app\node_modules\jest-circus\build\run.js:60:9)
    at _runTestsForDescribeBlock (C:\Users\Zhenechka\react-fundamentals-app\node_modules\jest-circus\build\run.js:60:9)
    at _runTestsForDescribeBlock (C:\Users\Zhenechka\react-fundamentals-app\node_modules\jest-circus\build\run.js:60:9)
    at run (C:\Users\Zhenechka\react-fundamentals-app\node_modules\jest-circus\build\run.js:25:3)
    at runAndTransformResultsToJestFormat (C:\Users\Zhenechka\react-fundamentals-app\node_modules\jest-circus\build\legacy-code-todo-rewrite\jestAdapterInit.js:170:21)
    at jestAdapter (C:\Users\Zhenechka\react-fundamentals-app\node_modules\jest-circus\build\legacy-code-todo-rewrite\jestAdapter.js:82:19)
    at runTestInternal (C:\Users\Zhenechka\react-fundamentals-app\node_modules\jest-runner\build\runTest.js:389:16)
    at runTest (C:\Users\Zhenechka\react-fundamentals-app\node_modules\jest-runner\build\runTest.js:475:34)
    at Object.worker (C:\Users\Zhenechka\react-fundamentals-app\node_modules\jest-runner\build\testWorker.js:133:12)</failure>
    </testcase>
    <testcase classname="thunks › userThunks › logoutThunk-should dispatch removeUserData action" name="thunks › userThunks › logoutThunk-should dispatch removeUserData action" time="0">
      <failure>TypeError: (0 , _userThunk.logoutThunk) is not a function
    at Object.&lt;anonymous&gt; (C:\Users\Zhenechka\react-fundamentals-app\src\__tests__\module-4\thunk.test.js:227:26)
    at Promise.then.completed (C:\Users\Zhenechka\react-fundamentals-app\node_modules\jest-circus\build\utils.js:391:28)
    at new Promise (&lt;anonymous&gt;)
    at callAsyncCircusFn (C:\Users\Zhenechka\react-fundamentals-app\node_modules\jest-circus\build\utils.js:316:10)
    at _callCircusTest (C:\Users\Zhenechka\react-fundamentals-app\node_modules\jest-circus\build\run.js:218:40)
    at processTicksAndRejections (node:internal/process/task_queues:105:5)
    at _runTest (C:\Users\Zhenechka\react-fundamentals-app\node_modules\jest-circus\build\run.js:155:3)
    at _runTestsForDescribeBlock (C:\Users\Zhenechka\react-fundamentals-app\node_modules\jest-circus\build\run.js:66:9)
    at _runTestsForDescribeBlock (C:\Users\Zhenechka\react-fundamentals-app\node_modules\jest-circus\build\run.js:60:9)
    at _runTestsForDescribeBlock (C:\Users\Zhenechka\react-fundamentals-app\node_modules\jest-circus\build\run.js:60:9)
    at _runTestsForDescribeBlock (C:\Users\Zhenechka\react-fundamentals-app\node_modules\jest-circus\build\run.js:60:9)
    at run (C:\Users\Zhenechka\react-fundamentals-app\node_modules\jest-circus\build\run.js:25:3)
    at runAndTransformResultsToJestFormat (C:\Users\Zhenechka\react-fundamentals-app\node_modules\jest-circus\build\legacy-code-todo-rewrite\jestAdapterInit.js:170:21)
    at jestAdapter (C:\Users\Zhenechka\react-fundamentals-app\node_modules\jest-circus\build\legacy-code-todo-rewrite\jestAdapter.js:82:19)
    at runTestInternal (C:\Users\Zhenechka\react-fundamentals-app\node_modules\jest-runner\build\runTest.js:389:16)
    at runTest (C:\Users\Zhenechka\react-fundamentals-app\node_modules\jest-runner\build\runTest.js:475:34)
    at Object.worker (C:\Users\Zhenechka\react-fundamentals-app\node_modules\jest-runner\build\testWorker.js:133:12)</failure>
    </testcase>
  </testsuite>
  <testsuite name="src\__tests__\module-4\Header.test.js" errors="0" failures="2" skipped="0" timestamp="2025-05-21T23:21:59" time="0.395" tests="3">
    <testcase classname="Header-should display user name from store (use getUserNameSelector)" name="Header-should display user name from store (use getUserNameSelector)" time="0.036">
      <failure>TestingLibraryElementError: Unable to find an element with the text: User Name. This could be because the text is broken up by multiple elements. In this case, you can provide a function for your text matcher to make your matcher more flexible.

Ignored nodes: comments, script, style
&lt;body&gt;
  &lt;div&gt;
    &lt;div
      class=&quot;headerContainer&quot;
    &gt;
      &lt;img
        alt=&quot;logo&quot;
        class=&quot;logo&quot;
        src=&quot;logo.svg&quot;
      /&gt;
      &lt;div
        class=&quot;userContainer&quot;
      &gt;
        &lt;p
          class=&quot;userName&quot;
        &gt;
          Harry Potter
        &lt;/p&gt;
        &lt;button
          class=&quot;button&quot;
          type=&quot;button&quot;
        &gt;
          LOGOUT
        &lt;/button&gt;
      &lt;/div&gt;
    &lt;/div&gt;
  &lt;/div&gt;
&lt;/body&gt;
    at Object.getElementError (C:\Users\Zhenechka\react-fundamentals-app\node_modules\@testing-library\dom\dist\config.js:37:19)
    at C:\Users\Zhenechka\react-fundamentals-app\node_modules\@testing-library\dom\dist\query-helpers.js:76:38
    at C:\Users\Zhenechka\react-fundamentals-app\node_modules\@testing-library\dom\dist\query-helpers.js:52:17
    at getByText (C:\Users\Zhenechka\react-fundamentals-app\node_modules\@testing-library\dom\dist\query-helpers.js:95:19)
    at Object.&lt;anonymous&gt; (C:\Users\Zhenechka\react-fundamentals-app\src\__tests__\module-4\Header.test.js:44:18)
    at Promise.then.completed (C:\Users\Zhenechka\react-fundamentals-app\node_modules\jest-circus\build\utils.js:391:28)
    at new Promise (&lt;anonymous&gt;)
    at callAsyncCircusFn (C:\Users\Zhenechka\react-fundamentals-app\node_modules\jest-circus\build\utils.js:316:10)
    at _callCircusTest (C:\Users\Zhenechka\react-fundamentals-app\node_modules\jest-circus\build\run.js:218:40)
    at processTicksAndRejections (node:internal/process/task_queues:105:5)
    at _runTest (C:\Users\Zhenechka\react-fundamentals-app\node_modules\jest-circus\build\run.js:155:3)
    at _runTestsForDescribeBlock (C:\Users\Zhenechka\react-fundamentals-app\node_modules\jest-circus\build\run.js:66:9)
    at _runTestsForDescribeBlock (C:\Users\Zhenechka\react-fundamentals-app\node_modules\jest-circus\build\run.js:60:9)
    at run (C:\Users\Zhenechka\react-fundamentals-app\node_modules\jest-circus\build\run.js:25:3)
    at runAndTransformResultsToJestFormat (C:\Users\Zhenechka\react-fundamentals-app\node_modules\jest-circus\build\legacy-code-todo-rewrite\jestAdapterInit.js:170:21)
    at jestAdapter (C:\Users\Zhenechka\react-fundamentals-app\node_modules\jest-circus\build\legacy-code-todo-rewrite\jestAdapter.js:82:19)
    at runTestInternal (C:\Users\Zhenechka\react-fundamentals-app\node_modules\jest-runner\build\runTest.js:389:16)
    at runTest (C:\Users\Zhenechka\react-fundamentals-app\node_modules\jest-runner\build\runTest.js:475:34)
    at Object.worker (C:\Users\Zhenechka\react-fundamentals-app\node_modules\jest-runner\build\testWorker.js:133:12)</failure>
    </testcase>
    <testcase classname="Header-should remove user data from store on &quot;LOGOUT&quot; button click (logoutThunk should be dispatched)" name="Header-should remove user data from store on &quot;LOGOUT&quot; button click (logoutThunk should be dispatched)" time="0.055">
      <failure>Error: expect(jest.fn()).toHaveBeenCalled()

Expected number of calls: &gt;= 1
Received number of calls:    0
    at Object.&lt;anonymous&gt; (C:\Users\Zhenechka\react-fundamentals-app\src\__tests__\module-4\Header.test.js:61:25)
    at Promise.then.completed (C:\Users\Zhenechka\react-fundamentals-app\node_modules\jest-circus\build\utils.js:391:28)
    at new Promise (&lt;anonymous&gt;)
    at callAsyncCircusFn (C:\Users\Zhenechka\react-fundamentals-app\node_modules\jest-circus\build\utils.js:316:10)
    at _callCircusTest (C:\Users\Zhenechka\react-fundamentals-app\node_modules\jest-circus\build\run.js:218:40)
    at processTicksAndRejections (node:internal/process/task_queues:105:5)
    at _runTest (C:\Users\Zhenechka\react-fundamentals-app\node_modules\jest-circus\build\run.js:155:3)
    at _runTestsForDescribeBlock (C:\Users\Zhenechka\react-fundamentals-app\node_modules\jest-circus\build\run.js:66:9)
    at _runTestsForDescribeBlock (C:\Users\Zhenechka\react-fundamentals-app\node_modules\jest-circus\build\run.js:60:9)
    at run (C:\Users\Zhenechka\react-fundamentals-app\node_modules\jest-circus\build\run.js:25:3)
    at runAndTransformResultsToJestFormat (C:\Users\Zhenechka\react-fundamentals-app\node_modules\jest-circus\build\legacy-code-todo-rewrite\jestAdapterInit.js:170:21)
    at jestAdapter (C:\Users\Zhenechka\react-fundamentals-app\node_modules\jest-circus\build\legacy-code-todo-rewrite\jestAdapter.js:82:19)
    at runTestInternal (C:\Users\Zhenechka\react-fundamentals-app\node_modules\jest-runner\build\runTest.js:389:16)
    at runTest (C:\Users\Zhenechka\react-fundamentals-app\node_modules\jest-runner\build\runTest.js:475:34)
    at Object.worker (C:\Users\Zhenechka\react-fundamentals-app\node_modules\jest-runner\build\testWorker.js:133:12)</failure>
    </testcase>
    <testcase classname="Header-should delete token from the localStorage (immediately in logout button clickHandler)" name="Header-should delete token from the localStorage (immediately in logout button clickHandler)" time="0.015">
    </testcase>
  </testsuite>
  <testsuite name="src\__tests__\module-2\Registration.test.js" errors="0" failures="1" skipped="0" timestamp="2025-05-21T23:21:59" time="0.549" tests="5">
    <testcase classname="Registration-should render the registration form with 3 inputs, login info text and link" name="Registration-should render the registration form with 3 inputs, login info text and link" time="0.113">
    </testcase>
    <testcase classname="Registration-should submit the registration form, call the &quot;createUser&quot; service with the entered name, email and password" name="Registration-should submit the registration form, call the &quot;createUser&quot; service with the entered name, email and password" time="0.075">
    </testcase>
    <testcase classname="Registration-should render the &quot;Password is required&quot; validation message and NOT call registration service" name="Registration-should render the &quot;Password is required&quot; validation message and NOT call registration service" time="0.037">
      <failure>Error: expect(received).toBeInTheDocument()

received value must be an HTMLElement or an SVGElement.
Received has value: null
    at __EXTERNAL_MATCHER_TRAP__ (C:\Users\Zhenechka\react-fundamentals-app\node_modules\expect\build\index.js:386:30)
    at Object.toBeInTheDocument (C:\Users\Zhenechka\react-fundamentals-app\node_modules\expect\build\index.js:387:15)
    at Object.&lt;anonymous&gt; (C:\Users\Zhenechka\react-fundamentals-app\src\__tests__\module-2\Registration.test.js:84:57)
    at Promise.then.completed (C:\Users\Zhenechka\react-fundamentals-app\node_modules\jest-circus\build\utils.js:391:28)
    at new Promise (&lt;anonymous&gt;)
    at callAsyncCircusFn (C:\Users\Zhenechka\react-fundamentals-app\node_modules\jest-circus\build\utils.js:316:10)
    at _callCircusTest (C:\Users\Zhenechka\react-fundamentals-app\node_modules\jest-circus\build\run.js:218:40)
    at processTicksAndRejections (node:internal/process/task_queues:105:5)
    at _runTest (C:\Users\Zhenechka\react-fundamentals-app\node_modules\jest-circus\build\run.js:155:3)
    at _runTestsForDescribeBlock (C:\Users\Zhenechka\react-fundamentals-app\node_modules\jest-circus\build\run.js:66:9)
    at _runTestsForDescribeBlock (C:\Users\Zhenechka\react-fundamentals-app\node_modules\jest-circus\build\run.js:60:9)
    at run (C:\Users\Zhenechka\react-fundamentals-app\node_modules\jest-circus\build\run.js:25:3)
    at runAndTransformResultsToJestFormat (C:\Users\Zhenechka\react-fundamentals-app\node_modules\jest-circus\build\legacy-code-todo-rewrite\jestAdapterInit.js:170:21)
    at jestAdapter (C:\Users\Zhenechka\react-fundamentals-app\node_modules\jest-circus\build\legacy-code-todo-rewrite\jestAdapter.js:82:19)
    at runTestInternal (C:\Users\Zhenechka\react-fundamentals-app\node_modules\jest-runner\build\runTest.js:389:16)
    at runTest (C:\Users\Zhenechka\react-fundamentals-app\node_modules\jest-runner\build\runTest.js:475:34)
    at Object.worker (C:\Users\Zhenechka\react-fundamentals-app\node_modules\jest-runner\build\testWorker.js:133:12)</failure>
    </testcase>
    <testcase classname="Registration-should render the &quot;Email is required&quot; validation message and NOT call registration service" name="Registration-should render the &quot;Email is required&quot; validation message and NOT call registration service" time="0.025">
    </testcase>
    <testcase classname="Registration-should render the &quot;Name is required&quot; validation message and NOT call registration service" name="Registration-should render the &quot;Name is required&quot; validation message and NOT call registration service" time="0.013">
    </testcase>
  </testsuite>
  <testsuite name="src\__tests__\module-3\CreateAuthor.test.js" errors="0" failures="1" skipped="0" timestamp="2025-05-21T23:21:59" time="0.356" tests="1">
    <testcase classname="CreateAuthor component-should add a new author to the store when &quot;CREATE AUTHOR&quot; button is clicked (saveAuthor action from authorsSlice should be called with payload {id,name})" name="CreateAuthor component-should add a new author to the store when &quot;CREATE AUTHOR&quot; button is clicked (saveAuthor action from authorsSlice should be called with payload {id,name})" time="0.042">
      <failure>TypeError: onCreateAuthor is not a function
    at handleCreate (C:\Users\Zhenechka\react-fundamentals-app\src\components\CourseForm\components\CreateAuthor\CreateAuthor.jsx:26:5)
    at HTMLUnknownElement.callCallback (C:\Users\Zhenechka\react-fundamentals-app\node_modules\react-dom\cjs\react-dom.development.js:4164:14)
    at HTMLUnknownElement.callTheUserObjectsOperation (C:\Users\Zhenechka\react-fundamentals-app\node_modules\jsdom\lib\jsdom\living\generated\EventListener.js:26:30)
    at innerInvokeEventListeners (C:\Users\Zhenechka\react-fundamentals-app\node_modules\jsdom\lib\jsdom\living\events\EventTarget-impl.js:338:25)
    at invokeEventListeners (C:\Users\Zhenechka\react-fundamentals-app\node_modules\jsdom\lib\jsdom\living\events\EventTarget-impl.js:274:3)
    at HTMLUnknownElementImpl._dispatch (C:\Users\Zhenechka\react-fundamentals-app\node_modules\jsdom\lib\jsdom\living\events\EventTarget-impl.js:221:9)
    at HTMLUnknownElementImpl.dispatchEvent (C:\Users\Zhenechka\react-fundamentals-app\node_modules\jsdom\lib\jsdom\living\events\EventTarget-impl.js:94:17)
    at HTMLUnknownElement.dispatchEvent (C:\Users\Zhenechka\react-fundamentals-app\node_modules\jsdom\lib\jsdom\living\generated\EventTarget.js:231:34)
    at Object.invokeGuardedCallbackDev (C:\Users\Zhenechka\react-fundamentals-app\node_modules\react-dom\cjs\react-dom.development.js:4213:16)
    at invokeGuardedCallback (C:\Users\Zhenechka\react-fundamentals-app\node_modules\react-dom\cjs\react-dom.development.js:4277:31)
    at invokeGuardedCallbackAndCatchFirstError (C:\Users\Zhenechka\react-fundamentals-app\node_modules\react-dom\cjs\react-dom.development.js:4291:25)
    at executeDispatch (C:\Users\Zhenechka\react-fundamentals-app\node_modules\react-dom\cjs\react-dom.development.js:9041:3)
    at processDispatchQueueItemsInOrder (C:\Users\Zhenechka\react-fundamentals-app\node_modules\react-dom\cjs\react-dom.development.js:9073:7)
    at processDispatchQueue (C:\Users\Zhenechka\react-fundamentals-app\node_modules\react-dom\cjs\react-dom.development.js:9086:5)
    at dispatchEventsForPlugins (C:\Users\Zhenechka\react-fundamentals-app\node_modules\react-dom\cjs\react-dom.development.js:9097:3)
    at C:\Users\Zhenechka\react-fundamentals-app\node_modules\react-dom\cjs\react-dom.development.js:9288:12
    at batchedUpdates$1 (C:\Users\Zhenechka\react-fundamentals-app\node_modules\react-dom\cjs\react-dom.development.js:26140:12)
    at batchedUpdates (C:\Users\Zhenechka\react-fundamentals-app\node_modules\react-dom\cjs\react-dom.development.js:3991:12)
    at dispatchEventForPluginEventSystem (C:\Users\Zhenechka\react-fundamentals-app\node_modules\react-dom\cjs\react-dom.development.js:9287:3)
    at dispatchEventWithEnableCapturePhaseSelectiveHydrationWithoutDiscreteEventReplay (C:\Users\Zhenechka\react-fundamentals-app\node_modules\react-dom\cjs\react-dom.development.js:6465:5)
    at dispatchEvent (C:\Users\Zhenechka\react-fundamentals-app\node_modules\react-dom\cjs\react-dom.development.js:6457:5)
    at dispatchDiscreteEvent (C:\Users\Zhenechka\react-fundamentals-app\node_modules\react-dom\cjs\react-dom.development.js:6430:5)
    at HTMLDivElement.callTheUserObjectsOperation (C:\Users\Zhenechka\react-fundamentals-app\node_modules\jsdom\lib\jsdom\living\generated\EventListener.js:26:30)
    at innerInvokeEventListeners (C:\Users\Zhenechka\react-fundamentals-app\node_modules\jsdom\lib\jsdom\living\events\EventTarget-impl.js:338:25)
    at invokeEventListeners (C:\Users\Zhenechka\react-fundamentals-app\node_modules\jsdom\lib\jsdom\living\events\EventTarget-impl.js:274:3)
    at HTMLButtonElementImpl._dispatch (C:\Users\Zhenechka\react-fundamentals-app\node_modules\jsdom\lib\jsdom\living\events\EventTarget-impl.js:221:9)
    at HTMLButtonElementImpl.dispatchEvent (C:\Users\Zhenechka\react-fundamentals-app\node_modules\jsdom\lib\jsdom\living\events\EventTarget-impl.js:94:17)
    at HTMLButtonElement.dispatchEvent (C:\Users\Zhenechka\react-fundamentals-app\node_modules\jsdom\lib\jsdom\living\generated\EventTarget.js:231:34)
    at C:\Users\Zhenechka\react-fundamentals-app\node_modules\@testing-library\dom\dist\events.js:19:20
    at C:\Users\Zhenechka\react-fundamentals-app\node_modules\@testing-library\react\dist\pure.js:93:16
    at C:\Users\Zhenechka\react-fundamentals-app\node_modules\@testing-library\react\dist\act-compat.js:47:24
    at act (C:\Users\Zhenechka\react-fundamentals-app\node_modules\react\cjs\react.development.js:2512:16)
    at C:\Users\Zhenechka\react-fundamentals-app\node_modules\@testing-library\react\dist\act-compat.js:46:25
    at Object.eventWrapper (C:\Users\Zhenechka\react-fundamentals-app\node_modules\@testing-library\react\dist\pure.js:92:28)
    at fireEvent (C:\Users\Zhenechka\react-fundamentals-app\node_modules\@testing-library\dom\dist\events.js:12:35)
    at Function.fireEvent.&lt;computed&gt; [as click] (C:\Users\Zhenechka\react-fundamentals-app\node_modules\@testing-library\dom\dist\events.js:110:36)
    at Function.click (C:\Users\Zhenechka\react-fundamentals-app\node_modules\@testing-library\react\dist\fire-event.js:15:52)
    at Object.&lt;anonymous&gt; (C:\Users\Zhenechka\react-fundamentals-app\src\__tests__\module-3\CreateAuthor.test.js:24:15)
    at Promise.then.completed (C:\Users\Zhenechka\react-fundamentals-app\node_modules\jest-circus\build\utils.js:391:28)
    at new Promise (&lt;anonymous&gt;)
    at callAsyncCircusFn (C:\Users\Zhenechka\react-fundamentals-app\node_modules\jest-circus\build\utils.js:316:10)
    at _callCircusTest (C:\Users\Zhenechka\react-fundamentals-app\node_modules\jest-circus\build\run.js:218:40)
    at processTicksAndRejections (node:internal/process/task_queues:105:5)
    at _runTest (C:\Users\Zhenechka\react-fundamentals-app\node_modules\jest-circus\build\run.js:155:3)
    at _runTestsForDescribeBlock (C:\Users\Zhenechka\react-fundamentals-app\node_modules\jest-circus\build\run.js:66:9)
    at _runTestsForDescribeBlock (C:\Users\Zhenechka\react-fundamentals-app\node_modules\jest-circus\build\run.js:60:9)
    at run (C:\Users\Zhenechka\react-fundamentals-app\node_modules\jest-circus\build\run.js:25:3)
    at runAndTransformResultsToJestFormat (C:\Users\Zhenechka\react-fundamentals-app\node_modules\jest-circus\build\legacy-code-todo-rewrite\jestAdapterInit.js:170:21)
    at jestAdapter (C:\Users\Zhenechka\react-fundamentals-app\node_modules\jest-circus\build\legacy-code-todo-rewrite\jestAdapter.js:82:19)
    at runTestInternal (C:\Users\Zhenechka\react-fundamentals-app\node_modules\jest-runner\build\runTest.js:389:16)
    at runTest (C:\Users\Zhenechka\react-fundamentals-app\node_modules\jest-runner\build\runTest.js:475:34)
    at Object.worker (C:\Users\Zhenechka\react-fundamentals-app\node_modules\jest-runner\build\testWorker.js:133:12)</failure>
      <failure>TypeError: (0 , _authorsSlice.saveAuthor) is not a function
    at Object.&lt;anonymous&gt; (C:\Users\Zhenechka\react-fundamentals-app\src\__tests__\module-3\CreateAuthor.test.js:30:36)
    at Promise.then.completed (C:\Users\Zhenechka\react-fundamentals-app\node_modules\jest-circus\build\utils.js:391:28)
    at new Promise (&lt;anonymous&gt;)
    at callAsyncCircusFn (C:\Users\Zhenechka\react-fundamentals-app\node_modules\jest-circus\build\utils.js:316:10)
    at _callCircusTest (C:\Users\Zhenechka\react-fundamentals-app\node_modules\jest-circus\build\run.js:218:40)
    at processTicksAndRejections (node:internal/process/task_queues:105:5)
    at _runTest (C:\Users\Zhenechka\react-fundamentals-app\node_modules\jest-circus\build\run.js:155:3)
    at _runTestsForDescribeBlock (C:\Users\Zhenechka\react-fundamentals-app\node_modules\jest-circus\build\run.js:66:9)
    at _runTestsForDescribeBlock (C:\Users\Zhenechka\react-fundamentals-app\node_modules\jest-circus\build\run.js:60:9)
    at run (C:\Users\Zhenechka\react-fundamentals-app\node_modules\jest-circus\build\run.js:25:3)
    at runAndTransformResultsToJestFormat (C:\Users\Zhenechka\react-fundamentals-app\node_modules\jest-circus\build\legacy-code-todo-rewrite\jestAdapterInit.js:170:21)
    at jestAdapter (C:\Users\Zhenechka\react-fundamentals-app\node_modules\jest-circus\build\legacy-code-todo-rewrite\jestAdapter.js:82:19)
    at runTestInternal (C:\Users\Zhenechka\react-fundamentals-app\node_modules\jest-runner\build\runTest.js:389:16)
    at runTest (C:\Users\Zhenechka\react-fundamentals-app\node_modules\jest-runner\build\runTest.js:475:34)
    at Object.worker (C:\Users\Zhenechka\react-fundamentals-app\node_modules\jest-runner\build\testWorker.js:133:12)</failure>
    </testcase>
  </testsuite>
  <testsuite name="src\__tests__\module-1\CourseCard.test.js" errors="0" failures="6" skipped="0" timestamp="2025-05-21T23:21:59" time="0.432" tests="6">
    <testcase classname="CourseCard component-should render correct title from course prop" name="CourseCard component-should render correct title from course prop" time="0.093">
      <failure>TypeError: Cannot destructure property &apos;basename&apos; of &apos;React__namespace.useContext(...)&apos; as it is null.
    at LinkWithRef (C:\Users\Zhenechka\react-fundamentals-app\node_modules\react-router-dom\index.tsx:529:11)
    at renderWithHooks (C:\Users\Zhenechka\react-fundamentals-app\node_modules\react-dom\cjs\react-dom.development.js:16305:18)
    at updateForwardRef (C:\Users\Zhenechka\react-fundamentals-app\node_modules\react-dom\cjs\react-dom.development.js:19226:20)
    at beginWork (C:\Users\Zhenechka\react-fundamentals-app\node_modules\react-dom\cjs\react-dom.development.js:21636:16)
    at beginWork$1 (C:\Users\Zhenechka\react-fundamentals-app\node_modules\react-dom\cjs\react-dom.development.js:27426:14)
    at performUnitOfWork (C:\Users\Zhenechka\react-fundamentals-app\node_modules\react-dom\cjs\react-dom.development.js:26560:12)
    at workLoopSync (C:\Users\Zhenechka\react-fundamentals-app\node_modules\react-dom\cjs\react-dom.development.js:26466:5)
    at renderRootSync (C:\Users\Zhenechka\react-fundamentals-app\node_modules\react-dom\cjs\react-dom.development.js:26434:7)
    at recoverFromConcurrentError (C:\Users\Zhenechka\react-fundamentals-app\node_modules\react-dom\cjs\react-dom.development.js:25850:20)
    at performConcurrentWorkOnRoot (C:\Users\Zhenechka\react-fundamentals-app\node_modules\react-dom\cjs\react-dom.development.js:25750:22)
    at flushActQueue (C:\Users\Zhenechka\react-fundamentals-app\node_modules\react\cjs\react.development.js:2667:24)
    at act (C:\Users\Zhenechka\react-fundamentals-app\node_modules\react\cjs\react.development.js:2582:11)
    at C:\Users\Zhenechka\react-fundamentals-app\node_modules\@testing-library\react\dist\act-compat.js:46:25
    at renderRoot (C:\Users\Zhenechka\react-fundamentals-app\node_modules\@testing-library\react\dist\pure.js:161:26)
    at render (C:\Users\Zhenechka\react-fundamentals-app\node_modules\@testing-library\react\dist\pure.js:247:10)
    at Object.&lt;anonymous&gt; (C:\Users\Zhenechka\react-fundamentals-app\src\__tests__\module-1\CourseCard.test.js:24:11)
    at Promise.then.completed (C:\Users\Zhenechka\react-fundamentals-app\node_modules\jest-circus\build\utils.js:391:28)
    at new Promise (&lt;anonymous&gt;)
    at callAsyncCircusFn (C:\Users\Zhenechka\react-fundamentals-app\node_modules\jest-circus\build\utils.js:316:10)
    at _callCircusTest (C:\Users\Zhenechka\react-fundamentals-app\node_modules\jest-circus\build\run.js:218:40)
    at processTicksAndRejections (node:internal/process/task_queues:105:5)
    at _runTest (C:\Users\Zhenechka\react-fundamentals-app\node_modules\jest-circus\build\run.js:155:3)
    at _runTestsForDescribeBlock (C:\Users\Zhenechka\react-fundamentals-app\node_modules\jest-circus\build\run.js:66:9)
    at _runTestsForDescribeBlock (C:\Users\Zhenechka\react-fundamentals-app\node_modules\jest-circus\build\run.js:60:9)
    at run (C:\Users\Zhenechka\react-fundamentals-app\node_modules\jest-circus\build\run.js:25:3)
    at runAndTransformResultsToJestFormat (C:\Users\Zhenechka\react-fundamentals-app\node_modules\jest-circus\build\legacy-code-todo-rewrite\jestAdapterInit.js:170:21)
    at jestAdapter (C:\Users\Zhenechka\react-fundamentals-app\node_modules\jest-circus\build\legacy-code-todo-rewrite\jestAdapter.js:82:19)
    at runTestInternal (C:\Users\Zhenechka\react-fundamentals-app\node_modules\jest-runner\build\runTest.js:389:16)
    at runTest (C:\Users\Zhenechka\react-fundamentals-app\node_modules\jest-runner\build\runTest.js:475:34)
    at Object.worker (C:\Users\Zhenechka\react-fundamentals-app\node_modules\jest-runner\build\testWorker.js:133:12)</failure>
    </testcase>
    <testcase classname="CourseCard component-should render correct description from course prop" name="CourseCard component-should render correct description from course prop" time="0.005">
      <failure>TypeError: Cannot destructure property &apos;basename&apos; of &apos;React__namespace.useContext(...)&apos; as it is null.
    at LinkWithRef (C:\Users\Zhenechka\react-fundamentals-app\node_modules\react-router-dom\index.tsx:529:11)
    at renderWithHooks (C:\Users\Zhenechka\react-fundamentals-app\node_modules\react-dom\cjs\react-dom.development.js:16305:18)
    at updateForwardRef (C:\Users\Zhenechka\react-fundamentals-app\node_modules\react-dom\cjs\react-dom.development.js:19226:20)
    at beginWork (C:\Users\Zhenechka\react-fundamentals-app\node_modules\react-dom\cjs\react-dom.development.js:21636:16)
    at beginWork$1 (C:\Users\Zhenechka\react-fundamentals-app\node_modules\react-dom\cjs\react-dom.development.js:27426:14)
    at performUnitOfWork (C:\Users\Zhenechka\react-fundamentals-app\node_modules\react-dom\cjs\react-dom.development.js:26560:12)
    at workLoopSync (C:\Users\Zhenechka\react-fundamentals-app\node_modules\react-dom\cjs\react-dom.development.js:26466:5)
    at renderRootSync (C:\Users\Zhenechka\react-fundamentals-app\node_modules\react-dom\cjs\react-dom.development.js:26434:7)
    at recoverFromConcurrentError (C:\Users\Zhenechka\react-fundamentals-app\node_modules\react-dom\cjs\react-dom.development.js:25850:20)
    at performConcurrentWorkOnRoot (C:\Users\Zhenechka\react-fundamentals-app\node_modules\react-dom\cjs\react-dom.development.js:25750:22)
    at flushActQueue (C:\Users\Zhenechka\react-fundamentals-app\node_modules\react\cjs\react.development.js:2667:24)
    at act (C:\Users\Zhenechka\react-fundamentals-app\node_modules\react\cjs\react.development.js:2582:11)
    at C:\Users\Zhenechka\react-fundamentals-app\node_modules\@testing-library\react\dist\act-compat.js:46:25
    at renderRoot (C:\Users\Zhenechka\react-fundamentals-app\node_modules\@testing-library\react\dist\pure.js:161:26)
    at render (C:\Users\Zhenechka\react-fundamentals-app\node_modules\@testing-library\react\dist\pure.js:247:10)
    at Object.&lt;anonymous&gt; (C:\Users\Zhenechka\react-fundamentals-app\src\__tests__\module-1\CourseCard.test.js:32:11)
    at Promise.then.completed (C:\Users\Zhenechka\react-fundamentals-app\node_modules\jest-circus\build\utils.js:391:28)
    at new Promise (&lt;anonymous&gt;)
    at callAsyncCircusFn (C:\Users\Zhenechka\react-fundamentals-app\node_modules\jest-circus\build\utils.js:316:10)
    at _callCircusTest (C:\Users\Zhenechka\react-fundamentals-app\node_modules\jest-circus\build\run.js:218:40)
    at processTicksAndRejections (node:internal/process/task_queues:105:5)
    at _runTest (C:\Users\Zhenechka\react-fundamentals-app\node_modules\jest-circus\build\run.js:155:3)
    at _runTestsForDescribeBlock (C:\Users\Zhenechka\react-fundamentals-app\node_modules\jest-circus\build\run.js:66:9)
    at _runTestsForDescribeBlock (C:\Users\Zhenechka\react-fundamentals-app\node_modules\jest-circus\build\run.js:60:9)
    at run (C:\Users\Zhenechka\react-fundamentals-app\node_modules\jest-circus\build\run.js:25:3)
    at runAndTransformResultsToJestFormat (C:\Users\Zhenechka\react-fundamentals-app\node_modules\jest-circus\build\legacy-code-todo-rewrite\jestAdapterInit.js:170:21)
    at jestAdapter (C:\Users\Zhenechka\react-fundamentals-app\node_modules\jest-circus\build\legacy-code-todo-rewrite\jestAdapter.js:82:19)
    at runTestInternal (C:\Users\Zhenechka\react-fundamentals-app\node_modules\jest-runner\build\runTest.js:389:16)
    at runTest (C:\Users\Zhenechka\react-fundamentals-app\node_modules\jest-runner\build\runTest.js:475:34)
    at Object.worker (C:\Users\Zhenechka\react-fundamentals-app\node_modules\jest-runner\build\testWorker.js:133:12)</failure>
    </testcase>
    <testcase classname="CourseCard component-should render correct duration (use getCourseDuration e.g. duration: 60 =&gt; 01:00 hour)" name="CourseCard component-should render correct duration (use getCourseDuration e.g. duration: 60 =&gt; 01:00 hour)" time="0.015">
      <failure>TypeError: Cannot destructure property &apos;basename&apos; of &apos;React__namespace.useContext(...)&apos; as it is null.
    at LinkWithRef (C:\Users\Zhenechka\react-fundamentals-app\node_modules\react-router-dom\index.tsx:529:11)
    at renderWithHooks (C:\Users\Zhenechka\react-fundamentals-app\node_modules\react-dom\cjs\react-dom.development.js:16305:18)
    at updateForwardRef (C:\Users\Zhenechka\react-fundamentals-app\node_modules\react-dom\cjs\react-dom.development.js:19226:20)
    at beginWork (C:\Users\Zhenechka\react-fundamentals-app\node_modules\react-dom\cjs\react-dom.development.js:21636:16)
    at beginWork$1 (C:\Users\Zhenechka\react-fundamentals-app\node_modules\react-dom\cjs\react-dom.development.js:27426:14)
    at performUnitOfWork (C:\Users\Zhenechka\react-fundamentals-app\node_modules\react-dom\cjs\react-dom.development.js:26560:12)
    at workLoopSync (C:\Users\Zhenechka\react-fundamentals-app\node_modules\react-dom\cjs\react-dom.development.js:26466:5)
    at renderRootSync (C:\Users\Zhenechka\react-fundamentals-app\node_modules\react-dom\cjs\react-dom.development.js:26434:7)
    at recoverFromConcurrentError (C:\Users\Zhenechka\react-fundamentals-app\node_modules\react-dom\cjs\react-dom.development.js:25850:20)
    at performConcurrentWorkOnRoot (C:\Users\Zhenechka\react-fundamentals-app\node_modules\react-dom\cjs\react-dom.development.js:25750:22)
    at flushActQueue (C:\Users\Zhenechka\react-fundamentals-app\node_modules\react\cjs\react.development.js:2667:24)
    at act (C:\Users\Zhenechka\react-fundamentals-app\node_modules\react\cjs\react.development.js:2582:11)
    at C:\Users\Zhenechka\react-fundamentals-app\node_modules\@testing-library\react\dist\act-compat.js:46:25
    at renderRoot (C:\Users\Zhenechka\react-fundamentals-app\node_modules\@testing-library\react\dist\pure.js:161:26)
    at render (C:\Users\Zhenechka\react-fundamentals-app\node_modules\@testing-library\react\dist\pure.js:247:10)
    at Object.&lt;anonymous&gt; (C:\Users\Zhenechka\react-fundamentals-app\src\__tests__\module-1\CourseCard.test.js:38:11)
    at Promise.then.completed (C:\Users\Zhenechka\react-fundamentals-app\node_modules\jest-circus\build\utils.js:391:28)
    at new Promise (&lt;anonymous&gt;)
    at callAsyncCircusFn (C:\Users\Zhenechka\react-fundamentals-app\node_modules\jest-circus\build\utils.js:316:10)
    at _callCircusTest (C:\Users\Zhenechka\react-fundamentals-app\node_modules\jest-circus\build\run.js:218:40)
    at processTicksAndRejections (node:internal/process/task_queues:105:5)
    at _runTest (C:\Users\Zhenechka\react-fundamentals-app\node_modules\jest-circus\build\run.js:155:3)
    at _runTestsForDescribeBlock (C:\Users\Zhenechka\react-fundamentals-app\node_modules\jest-circus\build\run.js:66:9)
    at _runTestsForDescribeBlock (C:\Users\Zhenechka\react-fundamentals-app\node_modules\jest-circus\build\run.js:60:9)
    at run (C:\Users\Zhenechka\react-fundamentals-app\node_modules\jest-circus\build\run.js:25:3)
    at runAndTransformResultsToJestFormat (C:\Users\Zhenechka\react-fundamentals-app\node_modules\jest-circus\build\legacy-code-todo-rewrite\jestAdapterInit.js:170:21)
    at jestAdapter (C:\Users\Zhenechka\react-fundamentals-app\node_modules\jest-circus\build\legacy-code-todo-rewrite\jestAdapter.js:82:19)
    at runTestInternal (C:\Users\Zhenechka\react-fundamentals-app\node_modules\jest-runner\build\runTest.js:389:16)
    at runTest (C:\Users\Zhenechka\react-fundamentals-app\node_modules\jest-runner\build\runTest.js:475:34)
    at Object.worker (C:\Users\Zhenechka\react-fundamentals-app\node_modules\jest-runner\build\testWorker.js:133:12)</failure>
    </testcase>
    <testcase classname="CourseCard component-should render correct date (use formatCreationDate e.g. creationDate: 08/03/2021 =&gt; 08.03.2021)" name="CourseCard component-should render correct date (use formatCreationDate e.g. creationDate: 08/03/2021 =&gt; 08.03.2021)" time="0.007">
      <failure>TypeError: Cannot destructure property &apos;basename&apos; of &apos;React__namespace.useContext(...)&apos; as it is null.
    at LinkWithRef (C:\Users\Zhenechka\react-fundamentals-app\node_modules\react-router-dom\index.tsx:529:11)
    at renderWithHooks (C:\Users\Zhenechka\react-fundamentals-app\node_modules\react-dom\cjs\react-dom.development.js:16305:18)
    at updateForwardRef (C:\Users\Zhenechka\react-fundamentals-app\node_modules\react-dom\cjs\react-dom.development.js:19226:20)
    at beginWork (C:\Users\Zhenechka\react-fundamentals-app\node_modules\react-dom\cjs\react-dom.development.js:21636:16)
    at beginWork$1 (C:\Users\Zhenechka\react-fundamentals-app\node_modules\react-dom\cjs\react-dom.development.js:27426:14)
    at performUnitOfWork (C:\Users\Zhenechka\react-fundamentals-app\node_modules\react-dom\cjs\react-dom.development.js:26560:12)
    at workLoopSync (C:\Users\Zhenechka\react-fundamentals-app\node_modules\react-dom\cjs\react-dom.development.js:26466:5)
    at renderRootSync (C:\Users\Zhenechka\react-fundamentals-app\node_modules\react-dom\cjs\react-dom.development.js:26434:7)
    at recoverFromConcurrentError (C:\Users\Zhenechka\react-fundamentals-app\node_modules\react-dom\cjs\react-dom.development.js:25850:20)
    at performConcurrentWorkOnRoot (C:\Users\Zhenechka\react-fundamentals-app\node_modules\react-dom\cjs\react-dom.development.js:25750:22)
    at flushActQueue (C:\Users\Zhenechka\react-fundamentals-app\node_modules\react\cjs\react.development.js:2667:24)
    at act (C:\Users\Zhenechka\react-fundamentals-app\node_modules\react\cjs\react.development.js:2582:11)
    at C:\Users\Zhenechka\react-fundamentals-app\node_modules\@testing-library\react\dist\act-compat.js:46:25
    at renderRoot (C:\Users\Zhenechka\react-fundamentals-app\node_modules\@testing-library\react\dist\pure.js:161:26)
    at render (C:\Users\Zhenechka\react-fundamentals-app\node_modules\@testing-library\react\dist\pure.js:247:10)
    at Object.&lt;anonymous&gt; (C:\Users\Zhenechka\react-fundamentals-app\src\__tests__\module-1\CourseCard.test.js:46:11)
    at Promise.then.completed (C:\Users\Zhenechka\react-fundamentals-app\node_modules\jest-circus\build\utils.js:391:28)
    at new Promise (&lt;anonymous&gt;)
    at callAsyncCircusFn (C:\Users\Zhenechka\react-fundamentals-app\node_modules\jest-circus\build\utils.js:316:10)
    at _callCircusTest (C:\Users\Zhenechka\react-fundamentals-app\node_modules\jest-circus\build\run.js:218:40)
    at processTicksAndRejections (node:internal/process/task_queues:105:5)
    at _runTest (C:\Users\Zhenechka\react-fundamentals-app\node_modules\jest-circus\build\run.js:155:3)
    at _runTestsForDescribeBlock (C:\Users\Zhenechka\react-fundamentals-app\node_modules\jest-circus\build\run.js:66:9)
    at _runTestsForDescribeBlock (C:\Users\Zhenechka\react-fundamentals-app\node_modules\jest-circus\build\run.js:60:9)
    at run (C:\Users\Zhenechka\react-fundamentals-app\node_modules\jest-circus\build\run.js:25:3)
    at runAndTransformResultsToJestFormat (C:\Users\Zhenechka\react-fundamentals-app\node_modules\jest-circus\build\legacy-code-todo-rewrite\jestAdapterInit.js:170:21)
    at jestAdapter (C:\Users\Zhenechka\react-fundamentals-app\node_modules\jest-circus\build\legacy-code-todo-rewrite\jestAdapter.js:82:19)
    at runTestInternal (C:\Users\Zhenechka\react-fundamentals-app\node_modules\jest-runner\build\runTest.js:389:16)
    at runTest (C:\Users\Zhenechka\react-fundamentals-app\node_modules\jest-runner\build\runTest.js:475:34)
    at Object.worker (C:\Users\Zhenechka\react-fundamentals-app\node_modules\jest-runner\build\testWorker.js:133:12)</failure>
    </testcase>
    <testcase classname="CourseCard component-should render authors list (match data from props course.authors and authorsList)" name="CourseCard component-should render authors list (match data from props course.authors and authorsList)" time="0.006">
      <failure>TypeError: Cannot destructure property &apos;basename&apos; of &apos;React__namespace.useContext(...)&apos; as it is null.
    at LinkWithRef (C:\Users\Zhenechka\react-fundamentals-app\node_modules\react-router-dom\index.tsx:529:11)
    at renderWithHooks (C:\Users\Zhenechka\react-fundamentals-app\node_modules\react-dom\cjs\react-dom.development.js:16305:18)
    at updateForwardRef (C:\Users\Zhenechka\react-fundamentals-app\node_modules\react-dom\cjs\react-dom.development.js:19226:20)
    at beginWork (C:\Users\Zhenechka\react-fundamentals-app\node_modules\react-dom\cjs\react-dom.development.js:21636:16)
    at beginWork$1 (C:\Users\Zhenechka\react-fundamentals-app\node_modules\react-dom\cjs\react-dom.development.js:27426:14)
    at performUnitOfWork (C:\Users\Zhenechka\react-fundamentals-app\node_modules\react-dom\cjs\react-dom.development.js:26560:12)
    at workLoopSync (C:\Users\Zhenechka\react-fundamentals-app\node_modules\react-dom\cjs\react-dom.development.js:26466:5)
    at renderRootSync (C:\Users\Zhenechka\react-fundamentals-app\node_modules\react-dom\cjs\react-dom.development.js:26434:7)
    at recoverFromConcurrentError (C:\Users\Zhenechka\react-fundamentals-app\node_modules\react-dom\cjs\react-dom.development.js:25850:20)
    at performConcurrentWorkOnRoot (C:\Users\Zhenechka\react-fundamentals-app\node_modules\react-dom\cjs\react-dom.development.js:25750:22)
    at flushActQueue (C:\Users\Zhenechka\react-fundamentals-app\node_modules\react\cjs\react.development.js:2667:24)
    at act (C:\Users\Zhenechka\react-fundamentals-app\node_modules\react\cjs\react.development.js:2582:11)
    at C:\Users\Zhenechka\react-fundamentals-app\node_modules\@testing-library\react\dist\act-compat.js:46:25
    at renderRoot (C:\Users\Zhenechka\react-fundamentals-app\node_modules\@testing-library\react\dist\pure.js:161:26)
    at render (C:\Users\Zhenechka\react-fundamentals-app\node_modules\@testing-library\react\dist\pure.js:247:10)
    at Object.&lt;anonymous&gt; (C:\Users\Zhenechka\react-fundamentals-app\src\__tests__\module-1\CourseCard.test.js:54:11)
    at Promise.then.completed (C:\Users\Zhenechka\react-fundamentals-app\node_modules\jest-circus\build\utils.js:391:28)
    at new Promise (&lt;anonymous&gt;)
    at callAsyncCircusFn (C:\Users\Zhenechka\react-fundamentals-app\node_modules\jest-circus\build\utils.js:316:10)
    at _callCircusTest (C:\Users\Zhenechka\react-fundamentals-app\node_modules\jest-circus\build\run.js:218:40)
    at processTicksAndRejections (node:internal/process/task_queues:105:5)
    at _runTest (C:\Users\Zhenechka\react-fundamentals-app\node_modules\jest-circus\build\run.js:155:3)
    at _runTestsForDescribeBlock (C:\Users\Zhenechka\react-fundamentals-app\node_modules\jest-circus\build\run.js:66:9)
    at _runTestsForDescribeBlock (C:\Users\Zhenechka\react-fundamentals-app\node_modules\jest-circus\build\run.js:60:9)
    at run (C:\Users\Zhenechka\react-fundamentals-app\node_modules\jest-circus\build\run.js:25:3)
    at runAndTransformResultsToJestFormat (C:\Users\Zhenechka\react-fundamentals-app\node_modules\jest-circus\build\legacy-code-todo-rewrite\jestAdapterInit.js:170:21)
    at jestAdapter (C:\Users\Zhenechka\react-fundamentals-app\node_modules\jest-circus\build\legacy-code-todo-rewrite\jestAdapter.js:82:19)
    at runTestInternal (C:\Users\Zhenechka\react-fundamentals-app\node_modules\jest-runner\build\runTest.js:389:16)
    at runTest (C:\Users\Zhenechka\react-fundamentals-app\node_modules\jest-runner\build\runTest.js:475:34)
    at Object.worker (C:\Users\Zhenechka\react-fundamentals-app\node_modules\jest-runner\build\testWorker.js:133:12)</failure>
    </testcase>
    <testcase classname="CourseCard component-should render &apos;SHOW COURSE&apos; button" name="CourseCard component-should render &apos;SHOW COURSE&apos; button" time="0.01">
      <failure>TypeError: Cannot destructure property &apos;basename&apos; of &apos;React__namespace.useContext(...)&apos; as it is null.
    at LinkWithRef (C:\Users\Zhenechka\react-fundamentals-app\node_modules\react-router-dom\index.tsx:529:11)
    at renderWithHooks (C:\Users\Zhenechka\react-fundamentals-app\node_modules\react-dom\cjs\react-dom.development.js:16305:18)
    at updateForwardRef (C:\Users\Zhenechka\react-fundamentals-app\node_modules\react-dom\cjs\react-dom.development.js:19226:20)
    at beginWork (C:\Users\Zhenechka\react-fundamentals-app\node_modules\react-dom\cjs\react-dom.development.js:21636:16)
    at beginWork$1 (C:\Users\Zhenechka\react-fundamentals-app\node_modules\react-dom\cjs\react-dom.development.js:27426:14)
    at performUnitOfWork (C:\Users\Zhenechka\react-fundamentals-app\node_modules\react-dom\cjs\react-dom.development.js:26560:12)
    at workLoopSync (C:\Users\Zhenechka\react-fundamentals-app\node_modules\react-dom\cjs\react-dom.development.js:26466:5)
    at renderRootSync (C:\Users\Zhenechka\react-fundamentals-app\node_modules\react-dom\cjs\react-dom.development.js:26434:7)
    at recoverFromConcurrentError (C:\Users\Zhenechka\react-fundamentals-app\node_modules\react-dom\cjs\react-dom.development.js:25850:20)
    at performConcurrentWorkOnRoot (C:\Users\Zhenechka\react-fundamentals-app\node_modules\react-dom\cjs\react-dom.development.js:25750:22)
    at flushActQueue (C:\Users\Zhenechka\react-fundamentals-app\node_modules\react\cjs\react.development.js:2667:24)
    at act (C:\Users\Zhenechka\react-fundamentals-app\node_modules\react\cjs\react.development.js:2582:11)
    at C:\Users\Zhenechka\react-fundamentals-app\node_modules\@testing-library\react\dist\act-compat.js:46:25
    at renderRoot (C:\Users\Zhenechka\react-fundamentals-app\node_modules\@testing-library\react\dist\pure.js:161:26)
    at render (C:\Users\Zhenechka\react-fundamentals-app\node_modules\@testing-library\react\dist\pure.js:247:10)
    at Object.&lt;anonymous&gt; (C:\Users\Zhenechka\react-fundamentals-app\src\__tests__\module-1\CourseCard.test.js:62:11)
    at Promise.then.completed (C:\Users\Zhenechka\react-fundamentals-app\node_modules\jest-circus\build\utils.js:391:28)
    at new Promise (&lt;anonymous&gt;)
    at callAsyncCircusFn (C:\Users\Zhenechka\react-fundamentals-app\node_modules\jest-circus\build\utils.js:316:10)
    at _callCircusTest (C:\Users\Zhenechka\react-fundamentals-app\node_modules\jest-circus\build\run.js:218:40)
    at processTicksAndRejections (node:internal/process/task_queues:105:5)
    at _runTest (C:\Users\Zhenechka\react-fundamentals-app\node_modules\jest-circus\build\run.js:155:3)
    at _runTestsForDescribeBlock (C:\Users\Zhenechka\react-fundamentals-app\node_modules\jest-circus\build\run.js:66:9)
    at _runTestsForDescribeBlock (C:\Users\Zhenechka\react-fundamentals-app\node_modules\jest-circus\build\run.js:60:9)
    at run (C:\Users\Zhenechka\react-fundamentals-app\node_modules\jest-circus\build\run.js:25:3)
    at runAndTransformResultsToJestFormat (C:\Users\Zhenechka\react-fundamentals-app\node_modules\jest-circus\build\legacy-code-todo-rewrite\jestAdapterInit.js:170:21)
    at jestAdapter (C:\Users\Zhenechka\react-fundamentals-app\node_modules\jest-circus\build\legacy-code-todo-rewrite\jestAdapter.js:82:19)
    at runTestInternal (C:\Users\Zhenechka\react-fundamentals-app\node_modules\jest-runner\build\runTest.js:389:16)
    at runTest (C:\Users\Zhenechka\react-fundamentals-app\node_modules\jest-runner\build\runTest.js:475:34)
    at Object.worker (C:\Users\Zhenechka\react-fundamentals-app\node_modules\jest-runner\build\testWorker.js:133:12)</failure>
    </testcase>
  </testsuite>
  <testsuite name="src\__tests__\module-3\Header.test.js" errors="0" failures="2" skipped="0" timestamp="2025-05-21T23:21:59" time="0.423" tests="3">
    <testcase classname="Header-should display user name from store (use getUserNameSelector)" name="Header-should display user name from store (use getUserNameSelector)" time="0.007">
      <failure>TestingLibraryElementError: Unable to find an element with the text: User Name. This could be because the text is broken up by multiple elements. In this case, you can provide a function for your text matcher to make your matcher more flexible.

Ignored nodes: comments, script, style
&lt;body&gt;
  &lt;div&gt;
    &lt;div
      class=&quot;headerContainer&quot;
    &gt;
      &lt;img
        alt=&quot;logo&quot;
        class=&quot;logo&quot;
        src=&quot;logo.svg&quot;
      /&gt;
      &lt;div
        class=&quot;userContainer&quot;
      &gt;
        &lt;p
          class=&quot;userName&quot;
        &gt;
          Harry Potter
        &lt;/p&gt;
        &lt;button
          class=&quot;button&quot;
          type=&quot;button&quot;
        &gt;
          LOGOUT
        &lt;/button&gt;
      &lt;/div&gt;
    &lt;/div&gt;
  &lt;/div&gt;
&lt;/body&gt;
    at Object.getElementError (C:\Users\Zhenechka\react-fundamentals-app\node_modules\@testing-library\dom\dist\config.js:37:19)
    at C:\Users\Zhenechka\react-fundamentals-app\node_modules\@testing-library\dom\dist\query-helpers.js:76:38
    at C:\Users\Zhenechka\react-fundamentals-app\node_modules\@testing-library\dom\dist\query-helpers.js:52:17
    at getByText (C:\Users\Zhenechka\react-fundamentals-app\node_modules\@testing-library\dom\dist\query-helpers.js:95:19)
    at Object.&lt;anonymous&gt; (C:\Users\Zhenechka\react-fundamentals-app\src\__tests__\module-3\Header.test.js:36:18)
    at Promise.then.completed (C:\Users\Zhenechka\react-fundamentals-app\node_modules\jest-circus\build\utils.js:391:28)
    at new Promise (&lt;anonymous&gt;)
    at callAsyncCircusFn (C:\Users\Zhenechka\react-fundamentals-app\node_modules\jest-circus\build\utils.js:316:10)
    at _callCircusTest (C:\Users\Zhenechka\react-fundamentals-app\node_modules\jest-circus\build\run.js:218:40)
    at processTicksAndRejections (node:internal/process/task_queues:105:5)
    at _runTest (C:\Users\Zhenechka\react-fundamentals-app\node_modules\jest-circus\build\run.js:155:3)
    at _runTestsForDescribeBlock (C:\Users\Zhenechka\react-fundamentals-app\node_modules\jest-circus\build\run.js:66:9)
    at _runTestsForDescribeBlock (C:\Users\Zhenechka\react-fundamentals-app\node_modules\jest-circus\build\run.js:60:9)
    at run (C:\Users\Zhenechka\react-fundamentals-app\node_modules\jest-circus\build\run.js:25:3)
    at runAndTransformResultsToJestFormat (C:\Users\Zhenechka\react-fundamentals-app\node_modules\jest-circus\build\legacy-code-todo-rewrite\jestAdapterInit.js:170:21)
    at jestAdapter (C:\Users\Zhenechka\react-fundamentals-app\node_modules\jest-circus\build\legacy-code-todo-rewrite\jestAdapter.js:82:19)
    at runTestInternal (C:\Users\Zhenechka\react-fundamentals-app\node_modules\jest-runner\build\runTest.js:389:16)
    at runTest (C:\Users\Zhenechka\react-fundamentals-app\node_modules\jest-runner\build\runTest.js:475:34)
    at Object.worker (C:\Users\Zhenechka\react-fundamentals-app\node_modules\jest-runner\build\testWorker.js:133:12)</failure>
    </testcase>
    <testcase classname="Header-should remove user data from store on &quot;LOGOUT&quot; button click (removeUserData action from userSlice should be called)" name="Header-should remove user data from store on &quot;LOGOUT&quot; button click (removeUserData action from userSlice should be called)" time="0.03">
      <failure>TypeError: (0 , _userSlice.removeUserData) is not a function
    at Object.&lt;anonymous&gt; (C:\Users\Zhenechka\react-fundamentals-app\src\__tests__\module-3\Header.test.js:56:50)
    at Promise.then.completed (C:\Users\Zhenechka\react-fundamentals-app\node_modules\jest-circus\build\utils.js:391:28)
    at new Promise (&lt;anonymous&gt;)
    at callAsyncCircusFn (C:\Users\Zhenechka\react-fundamentals-app\node_modules\jest-circus\build\utils.js:316:10)
    at _callCircusTest (C:\Users\Zhenechka\react-fundamentals-app\node_modules\jest-circus\build\run.js:218:40)
    at processTicksAndRejections (node:internal/process/task_queues:105:5)
    at _runTest (C:\Users\Zhenechka\react-fundamentals-app\node_modules\jest-circus\build\run.js:155:3)
    at _runTestsForDescribeBlock (C:\Users\Zhenechka\react-fundamentals-app\node_modules\jest-circus\build\run.js:66:9)
    at _runTestsForDescribeBlock (C:\Users\Zhenechka\react-fundamentals-app\node_modules\jest-circus\build\run.js:60:9)
    at run (C:\Users\Zhenechka\react-fundamentals-app\node_modules\jest-circus\build\run.js:25:3)
    at runAndTransformResultsToJestFormat (C:\Users\Zhenechka\react-fundamentals-app\node_modules\jest-circus\build\legacy-code-todo-rewrite\jestAdapterInit.js:170:21)
    at jestAdapter (C:\Users\Zhenechka\react-fundamentals-app\node_modules\jest-circus\build\legacy-code-todo-rewrite\jestAdapter.js:82:19)
    at runTestInternal (C:\Users\Zhenechka\react-fundamentals-app\node_modules\jest-runner\build\runTest.js:389:16)
    at runTest (C:\Users\Zhenechka\react-fundamentals-app\node_modules\jest-runner\build\runTest.js:475:34)
    at Object.worker (C:\Users\Zhenechka\react-fundamentals-app\node_modules\jest-runner\build\testWorker.js:133:12)</failure>
    </testcase>
    <testcase classname="Header-should delete token from the localStorage on &quot;LOGOUT&quot; button click (immediately in logout button clickHandler)" name="Header-should delete token from the localStorage on &quot;LOGOUT&quot; button click (immediately in logout button clickHandler)" time="0.023">
    </testcase>
  </testsuite>
  <testsuite name="src\__tests__\module-3\Courses.test.js" errors="0" failures="2" skipped="0" timestamp="2025-05-21T23:21:59" time="0.422" tests="3">
    <testcase classname="Courses component-should render list of courses with data-testid=&quot;courseCard&quot; from store (use getCoursesSelector inside &lt;Courses /&gt;)" name="Courses component-should render list of courses with data-testid=&quot;courseCard&quot; from store (use getCoursesSelector inside &lt;Courses /&gt;)" time="0.068">
      <failure>TypeError: Cannot read properties of undefined (reading &apos;length&apos;)
    at Courses (C:\Users\Zhenechka\react-fundamentals-app\src\components\Courses\Courses.jsx:30:19)
    at renderWithHooks (C:\Users\Zhenechka\react-fundamentals-app\node_modules\react-dom\cjs\react-dom.development.js:16305:18)
    at mountIndeterminateComponent (C:\Users\Zhenechka\react-fundamentals-app\node_modules\react-dom\cjs\react-dom.development.js:20074:13)
    at beginWork (C:\Users\Zhenechka\react-fundamentals-app\node_modules\react-dom\cjs\react-dom.development.js:21587:16)
    at beginWork$1 (C:\Users\Zhenechka\react-fundamentals-app\node_modules\react-dom\cjs\react-dom.development.js:27426:14)
    at performUnitOfWork (C:\Users\Zhenechka\react-fundamentals-app\node_modules\react-dom\cjs\react-dom.development.js:26560:12)
    at workLoopSync (C:\Users\Zhenechka\react-fundamentals-app\node_modules\react-dom\cjs\react-dom.development.js:26466:5)
    at renderRootSync (C:\Users\Zhenechka\react-fundamentals-app\node_modules\react-dom\cjs\react-dom.development.js:26434:7)
    at recoverFromConcurrentError (C:\Users\Zhenechka\react-fundamentals-app\node_modules\react-dom\cjs\react-dom.development.js:25850:20)
    at performConcurrentWorkOnRoot (C:\Users\Zhenechka\react-fundamentals-app\node_modules\react-dom\cjs\react-dom.development.js:25750:22)
    at flushActQueue (C:\Users\Zhenechka\react-fundamentals-app\node_modules\react\cjs\react.development.js:2667:24)
    at act (C:\Users\Zhenechka\react-fundamentals-app\node_modules\react\cjs\react.development.js:2582:11)
    at C:\Users\Zhenechka\react-fundamentals-app\node_modules\@testing-library\react\dist\act-compat.js:46:25
    at renderRoot (C:\Users\Zhenechka\react-fundamentals-app\node_modules\@testing-library\react\dist\pure.js:161:26)
    at render (C:\Users\Zhenechka\react-fundamentals-app\node_modules\@testing-library\react\dist\pure.js:247:10)
    at Object.&lt;anonymous&gt; (C:\Users\Zhenechka\react-fundamentals-app\src\__tests__\module-3\Courses.test.js:56:11)
    at Promise.then.completed (C:\Users\Zhenechka\react-fundamentals-app\node_modules\jest-circus\build\utils.js:391:28)
    at new Promise (&lt;anonymous&gt;)
    at callAsyncCircusFn (C:\Users\Zhenechka\react-fundamentals-app\node_modules\jest-circus\build\utils.js:316:10)
    at _callCircusTest (C:\Users\Zhenechka\react-fundamentals-app\node_modules\jest-circus\build\run.js:218:40)
    at processTicksAndRejections (node:internal/process/task_queues:105:5)
    at _runTest (C:\Users\Zhenechka\react-fundamentals-app\node_modules\jest-circus\build\run.js:155:3)
    at _runTestsForDescribeBlock (C:\Users\Zhenechka\react-fundamentals-app\node_modules\jest-circus\build\run.js:66:9)
    at _runTestsForDescribeBlock (C:\Users\Zhenechka\react-fundamentals-app\node_modules\jest-circus\build\run.js:60:9)
    at run (C:\Users\Zhenechka\react-fundamentals-app\node_modules\jest-circus\build\run.js:25:3)
    at runAndTransformResultsToJestFormat (C:\Users\Zhenechka\react-fundamentals-app\node_modules\jest-circus\build\legacy-code-todo-rewrite\jestAdapterInit.js:170:21)
    at jestAdapter (C:\Users\Zhenechka\react-fundamentals-app\node_modules\jest-circus\build\legacy-code-todo-rewrite\jestAdapter.js:82:19)
    at runTestInternal (C:\Users\Zhenechka\react-fundamentals-app\node_modules\jest-runner\build\runTest.js:389:16)
    at runTest (C:\Users\Zhenechka\react-fundamentals-app\node_modules\jest-runner\build\runTest.js:475:34)
    at Object.worker (C:\Users\Zhenechka\react-fundamentals-app\node_modules\jest-runner\build\testWorker.js:133:12)</failure>
    </testcase>
    <testcase classname="Courses component-should render &quot;ADD NEW COURSE&quot; button as a &lt;Link /&gt; with to=&quot;/courses/add&quot;" name="Courses component-should render &quot;ADD NEW COURSE&quot; button as a &lt;Link /&gt; with to=&quot;/courses/add&quot;" time="0.012">
      <failure>TypeError: Cannot read properties of undefined (reading &apos;length&apos;)
    at Courses (C:\Users\Zhenechka\react-fundamentals-app\src\components\Courses\Courses.jsx:30:19)
    at renderWithHooks (C:\Users\Zhenechka\react-fundamentals-app\node_modules\react-dom\cjs\react-dom.development.js:16305:18)
    at mountIndeterminateComponent (C:\Users\Zhenechka\react-fundamentals-app\node_modules\react-dom\cjs\react-dom.development.js:20074:13)
    at beginWork (C:\Users\Zhenechka\react-fundamentals-app\node_modules\react-dom\cjs\react-dom.development.js:21587:16)
    at beginWork$1 (C:\Users\Zhenechka\react-fundamentals-app\node_modules\react-dom\cjs\react-dom.development.js:27426:14)
    at performUnitOfWork (C:\Users\Zhenechka\react-fundamentals-app\node_modules\react-dom\cjs\react-dom.development.js:26560:12)
    at workLoopSync (C:\Users\Zhenechka\react-fundamentals-app\node_modules\react-dom\cjs\react-dom.development.js:26466:5)
    at renderRootSync (C:\Users\Zhenechka\react-fundamentals-app\node_modules\react-dom\cjs\react-dom.development.js:26434:7)
    at recoverFromConcurrentError (C:\Users\Zhenechka\react-fundamentals-app\node_modules\react-dom\cjs\react-dom.development.js:25850:20)
    at performConcurrentWorkOnRoot (C:\Users\Zhenechka\react-fundamentals-app\node_modules\react-dom\cjs\react-dom.development.js:25750:22)
    at flushActQueue (C:\Users\Zhenechka\react-fundamentals-app\node_modules\react\cjs\react.development.js:2667:24)
    at act (C:\Users\Zhenechka\react-fundamentals-app\node_modules\react\cjs\react.development.js:2582:11)
    at C:\Users\Zhenechka\react-fundamentals-app\node_modules\@testing-library\react\dist\act-compat.js:46:25
    at renderRoot (C:\Users\Zhenechka\react-fundamentals-app\node_modules\@testing-library\react\dist\pure.js:161:26)
    at render (C:\Users\Zhenechka\react-fundamentals-app\node_modules\@testing-library\react\dist\pure.js:247:10)
    at Object.&lt;anonymous&gt; (C:\Users\Zhenechka\react-fundamentals-app\src\__tests__\module-3\Courses.test.js:71:11)
    at Promise.then.completed (C:\Users\Zhenechka\react-fundamentals-app\node_modules\jest-circus\build\utils.js:391:28)
    at new Promise (&lt;anonymous&gt;)
    at callAsyncCircusFn (C:\Users\Zhenechka\react-fundamentals-app\node_modules\jest-circus\build\utils.js:316:10)
    at _callCircusTest (C:\Users\Zhenechka\react-fundamentals-app\node_modules\jest-circus\build\run.js:218:40)
    at processTicksAndRejections (node:internal/process/task_queues:105:5)
    at _runTest (C:\Users\Zhenechka\react-fundamentals-app\node_modules\jest-circus\build\run.js:155:3)
    at _runTestsForDescribeBlock (C:\Users\Zhenechka\react-fundamentals-app\node_modules\jest-circus\build\run.js:66:9)
    at _runTestsForDescribeBlock (C:\Users\Zhenechka\react-fundamentals-app\node_modules\jest-circus\build\run.js:60:9)
    at run (C:\Users\Zhenechka\react-fundamentals-app\node_modules\jest-circus\build\run.js:25:3)
    at runAndTransformResultsToJestFormat (C:\Users\Zhenechka\react-fundamentals-app\node_modules\jest-circus\build\legacy-code-todo-rewrite\jestAdapterInit.js:170:21)
    at jestAdapter (C:\Users\Zhenechka\react-fundamentals-app\node_modules\jest-circus\build\legacy-code-todo-rewrite\jestAdapter.js:82:19)
    at runTestInternal (C:\Users\Zhenechka\react-fundamentals-app\node_modules\jest-runner\build\runTest.js:389:16)
    at runTest (C:\Users\Zhenechka\react-fundamentals-app\node_modules\jest-runner\build\runTest.js:475:34)
    at Object.worker (C:\Users\Zhenechka\react-fundamentals-app\node_modules\jest-runner\build\testWorker.js:133:12)</failure>
    </testcase>
    <testcase classname="Courses component-should render EmptyCoursesList component if no courses in the store (with &quot;Your List Is Empty&quot; text and button with data-testid=&quot;addCourse&quot;)" name="Courses component-should render EmptyCoursesList component if no courses in the store (with &quot;Your List Is Empty&quot; text and button with data-testid=&quot;addCourse&quot;)" time="0.009">
    </testcase>
  </testsuite>
  <testsuite name="src\__tests__\module-4\slices.test.js" errors="0" failures="7" skipped="0" timestamp="2025-05-21T23:21:59" time="0.241" tests="7">
    <testcase classname="slices › authorsSlice-should set authors with setAuthors action" name="slices › authorsSlice-should set authors with setAuthors action" time="0">
      <failure>TypeError: (0 , _authorsSlice.setAuthors) is not a function
    at Object.&lt;anonymous&gt; (C:\Users\Zhenechka\react-fundamentals-app\src\__tests__\module-4\slices.test.js:22:32)
    at Promise.then.completed (C:\Users\Zhenechka\react-fundamentals-app\node_modules\jest-circus\build\utils.js:391:28)
    at new Promise (&lt;anonymous&gt;)
    at callAsyncCircusFn (C:\Users\Zhenechka\react-fundamentals-app\node_modules\jest-circus\build\utils.js:316:10)
    at _callCircusTest (C:\Users\Zhenechka\react-fundamentals-app\node_modules\jest-circus\build\run.js:218:40)
    at processTicksAndRejections (node:internal/process/task_queues:105:5)
    at _runTest (C:\Users\Zhenechka\react-fundamentals-app\node_modules\jest-circus\build\run.js:155:3)
    at _runTestsForDescribeBlock (C:\Users\Zhenechka\react-fundamentals-app\node_modules\jest-circus\build\run.js:66:9)
    at _runTestsForDescribeBlock (C:\Users\Zhenechka\react-fundamentals-app\node_modules\jest-circus\build\run.js:60:9)
    at _runTestsForDescribeBlock (C:\Users\Zhenechka\react-fundamentals-app\node_modules\jest-circus\build\run.js:60:9)
    at run (C:\Users\Zhenechka\react-fundamentals-app\node_modules\jest-circus\build\run.js:25:3)
    at runAndTransformResultsToJestFormat (C:\Users\Zhenechka\react-fundamentals-app\node_modules\jest-circus\build\legacy-code-todo-rewrite\jestAdapterInit.js:170:21)
    at jestAdapter (C:\Users\Zhenechka\react-fundamentals-app\node_modules\jest-circus\build\legacy-code-todo-rewrite\jestAdapter.js:82:19)
    at runTestInternal (C:\Users\Zhenechka\react-fundamentals-app\node_modules\jest-runner\build\runTest.js:389:16)
    at runTest (C:\Users\Zhenechka\react-fundamentals-app\node_modules\jest-runner\build\runTest.js:475:34)
    at Object.worker (C:\Users\Zhenechka\react-fundamentals-app\node_modules\jest-runner\build\testWorker.js:133:12)</failure>
    </testcase>
    <testcase classname="slices › authorsSlice-should save a new author with saveAuthor action payload {}" name="slices › authorsSlice-should save a new author with saveAuthor action payload {}" time="0.001">
      <failure>TypeError: (0 , _authorsSlice.saveAuthor) is not a function
    at Object.&lt;anonymous&gt; (C:\Users\Zhenechka\react-fundamentals-app\src\__tests__\module-4\slices.test.js:37:32)
    at Promise.then.completed (C:\Users\Zhenechka\react-fundamentals-app\node_modules\jest-circus\build\utils.js:391:28)
    at new Promise (&lt;anonymous&gt;)
    at callAsyncCircusFn (C:\Users\Zhenechka\react-fundamentals-app\node_modules\jest-circus\build\utils.js:316:10)
    at _callCircusTest (C:\Users\Zhenechka\react-fundamentals-app\node_modules\jest-circus\build\run.js:218:40)
    at processTicksAndRejections (node:internal/process/task_queues:105:5)
    at _runTest (C:\Users\Zhenechka\react-fundamentals-app\node_modules\jest-circus\build\run.js:155:3)
    at _runTestsForDescribeBlock (C:\Users\Zhenechka\react-fundamentals-app\node_modules\jest-circus\build\run.js:66:9)
    at _runTestsForDescribeBlock (C:\Users\Zhenechka\react-fundamentals-app\node_modules\jest-circus\build\run.js:60:9)
    at _runTestsForDescribeBlock (C:\Users\Zhenechka\react-fundamentals-app\node_modules\jest-circus\build\run.js:60:9)
    at run (C:\Users\Zhenechka\react-fundamentals-app\node_modules\jest-circus\build\run.js:25:3)
    at runAndTransformResultsToJestFormat (C:\Users\Zhenechka\react-fundamentals-app\node_modules\jest-circus\build\legacy-code-todo-rewrite\jestAdapterInit.js:170:21)
    at jestAdapter (C:\Users\Zhenechka\react-fundamentals-app\node_modules\jest-circus\build\legacy-code-todo-rewrite\jestAdapter.js:82:19)
    at runTestInternal (C:\Users\Zhenechka\react-fundamentals-app\node_modules\jest-runner\build\runTest.js:389:16)
    at runTest (C:\Users\Zhenechka\react-fundamentals-app\node_modules\jest-runner\build\runTest.js:475:34)
    at Object.worker (C:\Users\Zhenechka\react-fundamentals-app\node_modules\jest-runner\build\testWorker.js:133:12)</failure>
    </testcase>
    <testcase classname="slices › coursesSlice-should set courses with setCourses action" name="slices › coursesSlice-should set courses with setCourses action" time="0">
      <failure>TypeError: (0 , _coursesSlice.setCourses) is not a function
    at Object.&lt;anonymous&gt; (C:\Users\Zhenechka\react-fundamentals-app\src\__tests__\module-4\slices.test.js:56:32)
    at Promise.then.completed (C:\Users\Zhenechka\react-fundamentals-app\node_modules\jest-circus\build\utils.js:391:28)
    at new Promise (&lt;anonymous&gt;)
    at callAsyncCircusFn (C:\Users\Zhenechka\react-fundamentals-app\node_modules\jest-circus\build\utils.js:316:10)
    at _callCircusTest (C:\Users\Zhenechka\react-fundamentals-app\node_modules\jest-circus\build\run.js:218:40)
    at processTicksAndRejections (node:internal/process/task_queues:105:5)
    at _runTest (C:\Users\Zhenechka\react-fundamentals-app\node_modules\jest-circus\build\run.js:155:3)
    at _runTestsForDescribeBlock (C:\Users\Zhenechka\react-fundamentals-app\node_modules\jest-circus\build\run.js:66:9)
    at _runTestsForDescribeBlock (C:\Users\Zhenechka\react-fundamentals-app\node_modules\jest-circus\build\run.js:60:9)
    at _runTestsForDescribeBlock (C:\Users\Zhenechka\react-fundamentals-app\node_modules\jest-circus\build\run.js:60:9)
    at run (C:\Users\Zhenechka\react-fundamentals-app\node_modules\jest-circus\build\run.js:25:3)
    at runAndTransformResultsToJestFormat (C:\Users\Zhenechka\react-fundamentals-app\node_modules\jest-circus\build\legacy-code-todo-rewrite\jestAdapterInit.js:170:21)
    at jestAdapter (C:\Users\Zhenechka\react-fundamentals-app\node_modules\jest-circus\build\legacy-code-todo-rewrite\jestAdapter.js:82:19)
    at runTestInternal (C:\Users\Zhenechka\react-fundamentals-app\node_modules\jest-runner\build\runTest.js:389:16)
    at runTest (C:\Users\Zhenechka\react-fundamentals-app\node_modules\jest-runner\build\runTest.js:475:34)
    at Object.worker (C:\Users\Zhenechka\react-fundamentals-app\node_modules\jest-runner\build\testWorker.js:133:12)</failure>
    </testcase>
    <testcase classname="slices › coursesSlice-should save a new course with saveCourse action" name="slices › coursesSlice-should save a new course with saveCourse action" time="0.001">
      <failure>TypeError: (0 , _coursesSlice.saveCourse) is not a function
    at Object.&lt;anonymous&gt; (C:\Users\Zhenechka\react-fundamentals-app\src\__tests__\module-4\slices.test.js:71:32)
    at Promise.then.completed (C:\Users\Zhenechka\react-fundamentals-app\node_modules\jest-circus\build\utils.js:391:28)
    at new Promise (&lt;anonymous&gt;)
    at callAsyncCircusFn (C:\Users\Zhenechka\react-fundamentals-app\node_modules\jest-circus\build\utils.js:316:10)
    at _callCircusTest (C:\Users\Zhenechka\react-fundamentals-app\node_modules\jest-circus\build\run.js:218:40)
    at processTicksAndRejections (node:internal/process/task_queues:105:5)
    at _runTest (C:\Users\Zhenechka\react-fundamentals-app\node_modules\jest-circus\build\run.js:155:3)
    at _runTestsForDescribeBlock (C:\Users\Zhenechka\react-fundamentals-app\node_modules\jest-circus\build\run.js:66:9)
    at _runTestsForDescribeBlock (C:\Users\Zhenechka\react-fundamentals-app\node_modules\jest-circus\build\run.js:60:9)
    at _runTestsForDescribeBlock (C:\Users\Zhenechka\react-fundamentals-app\node_modules\jest-circus\build\run.js:60:9)
    at run (C:\Users\Zhenechka\react-fundamentals-app\node_modules\jest-circus\build\run.js:25:3)
    at runAndTransformResultsToJestFormat (C:\Users\Zhenechka\react-fundamentals-app\node_modules\jest-circus\build\legacy-code-todo-rewrite\jestAdapterInit.js:170:21)
    at jestAdapter (C:\Users\Zhenechka\react-fundamentals-app\node_modules\jest-circus\build\legacy-code-todo-rewrite\jestAdapter.js:82:19)
    at runTestInternal (C:\Users\Zhenechka\react-fundamentals-app\node_modules\jest-runner\build\runTest.js:389:16)
    at runTest (C:\Users\Zhenechka\react-fundamentals-app\node_modules\jest-runner\build\runTest.js:475:34)
    at Object.worker (C:\Users\Zhenechka\react-fundamentals-app\node_modules\jest-runner\build\testWorker.js:133:12)</failure>
    </testcase>
    <testcase classname="slices › coursesSlice-should delete a course with deleteCourse action" name="slices › coursesSlice-should delete a course with deleteCourse action" time="0.001">
      <failure>TypeError: (0 , _coursesSlice.deleteCourse) is not a function
    at Object.&lt;anonymous&gt; (C:\Users\Zhenechka\react-fundamentals-app\src\__tests__\module-4\slices.test.js:89:34)
    at Promise.then.completed (C:\Users\Zhenechka\react-fundamentals-app\node_modules\jest-circus\build\utils.js:391:28)
    at new Promise (&lt;anonymous&gt;)
    at callAsyncCircusFn (C:\Users\Zhenechka\react-fundamentals-app\node_modules\jest-circus\build\utils.js:316:10)
    at _callCircusTest (C:\Users\Zhenechka\react-fundamentals-app\node_modules\jest-circus\build\run.js:218:40)
    at processTicksAndRejections (node:internal/process/task_queues:105:5)
    at _runTest (C:\Users\Zhenechka\react-fundamentals-app\node_modules\jest-circus\build\run.js:155:3)
    at _runTestsForDescribeBlock (C:\Users\Zhenechka\react-fundamentals-app\node_modules\jest-circus\build\run.js:66:9)
    at _runTestsForDescribeBlock (C:\Users\Zhenechka\react-fundamentals-app\node_modules\jest-circus\build\run.js:60:9)
    at _runTestsForDescribeBlock (C:\Users\Zhenechka\react-fundamentals-app\node_modules\jest-circus\build\run.js:60:9)
    at run (C:\Users\Zhenechka\react-fundamentals-app\node_modules\jest-circus\build\run.js:25:3)
    at runAndTransformResultsToJestFormat (C:\Users\Zhenechka\react-fundamentals-app\node_modules\jest-circus\build\legacy-code-todo-rewrite\jestAdapterInit.js:170:21)
    at jestAdapter (C:\Users\Zhenechka\react-fundamentals-app\node_modules\jest-circus\build\legacy-code-todo-rewrite\jestAdapter.js:82:19)
    at runTestInternal (C:\Users\Zhenechka\react-fundamentals-app\node_modules\jest-runner\build\runTest.js:389:16)
    at runTest (C:\Users\Zhenechka\react-fundamentals-app\node_modules\jest-runner\build\runTest.js:475:34)
    at Object.worker (C:\Users\Zhenechka\react-fundamentals-app\node_modules\jest-runner\build\testWorker.js:133:12)</failure>
    </testcase>
    <testcase classname="slices › userSlice-should set user data with setUserData action" name="slices › userSlice-should set user data with setUserData action" time="0.001">
      <failure>TypeError: (0 , _userSlice.setUserData) is not a function
    at Object.&lt;anonymous&gt; (C:\Users\Zhenechka\react-fundamentals-app\src\__tests__\module-4\slices.test.js:117:33)
    at Promise.then.completed (C:\Users\Zhenechka\react-fundamentals-app\node_modules\jest-circus\build\utils.js:391:28)
    at new Promise (&lt;anonymous&gt;)
    at callAsyncCircusFn (C:\Users\Zhenechka\react-fundamentals-app\node_modules\jest-circus\build\utils.js:316:10)
    at _callCircusTest (C:\Users\Zhenechka\react-fundamentals-app\node_modules\jest-circus\build\run.js:218:40)
    at processTicksAndRejections (node:internal/process/task_queues:105:5)
    at _runTest (C:\Users\Zhenechka\react-fundamentals-app\node_modules\jest-circus\build\run.js:155:3)
    at _runTestsForDescribeBlock (C:\Users\Zhenechka\react-fundamentals-app\node_modules\jest-circus\build\run.js:66:9)
    at _runTestsForDescribeBlock (C:\Users\Zhenechka\react-fundamentals-app\node_modules\jest-circus\build\run.js:60:9)
    at _runTestsForDescribeBlock (C:\Users\Zhenechka\react-fundamentals-app\node_modules\jest-circus\build\run.js:60:9)
    at run (C:\Users\Zhenechka\react-fundamentals-app\node_modules\jest-circus\build\run.js:25:3)
    at runAndTransformResultsToJestFormat (C:\Users\Zhenechka\react-fundamentals-app\node_modules\jest-circus\build\legacy-code-todo-rewrite\jestAdapterInit.js:170:21)
    at jestAdapter (C:\Users\Zhenechka\react-fundamentals-app\node_modules\jest-circus\build\legacy-code-todo-rewrite\jestAdapter.js:82:19)
    at runTestInternal (C:\Users\Zhenechka\react-fundamentals-app\node_modules\jest-runner\build\runTest.js:389:16)
    at runTest (C:\Users\Zhenechka\react-fundamentals-app\node_modules\jest-runner\build\runTest.js:475:34)
    at Object.worker (C:\Users\Zhenechka\react-fundamentals-app\node_modules\jest-runner\build\testWorker.js:133:12)</failure>
    </testcase>
    <testcase classname="slices › userSlice-should remove user data with removeUserData action" name="slices › userSlice-should remove user data with removeUserData action" time="0.001">
      <failure>TypeError: (0 , _userSlice.removeUserData) is not a function
    at Object.&lt;anonymous&gt; (C:\Users\Zhenechka\react-fundamentals-app\src\__tests__\module-4\slices.test.js:137:36)
    at Promise.then.completed (C:\Users\Zhenechka\react-fundamentals-app\node_modules\jest-circus\build\utils.js:391:28)
    at new Promise (&lt;anonymous&gt;)
    at callAsyncCircusFn (C:\Users\Zhenechka\react-fundamentals-app\node_modules\jest-circus\build\utils.js:316:10)
    at _callCircusTest (C:\Users\Zhenechka\react-fundamentals-app\node_modules\jest-circus\build\run.js:218:40)
    at processTicksAndRejections (node:internal/process/task_queues:105:5)
    at _runTest (C:\Users\Zhenechka\react-fundamentals-app\node_modules\jest-circus\build\run.js:155:3)
    at _runTestsForDescribeBlock (C:\Users\Zhenechka\react-fundamentals-app\node_modules\jest-circus\build\run.js:66:9)
    at _runTestsForDescribeBlock (C:\Users\Zhenechka\react-fundamentals-app\node_modules\jest-circus\build\run.js:60:9)
    at _runTestsForDescribeBlock (C:\Users\Zhenechka\react-fundamentals-app\node_modules\jest-circus\build\run.js:60:9)
    at run (C:\Users\Zhenechka\react-fundamentals-app\node_modules\jest-circus\build\run.js:25:3)
    at runAndTransformResultsToJestFormat (C:\Users\Zhenechka\react-fundamentals-app\node_modules\jest-circus\build\legacy-code-todo-rewrite\jestAdapterInit.js:170:21)
    at jestAdapter (C:\Users\Zhenechka\react-fundamentals-app\node_modules\jest-circus\build\legacy-code-todo-rewrite\jestAdapter.js:82:19)
    at runTestInternal (C:\Users\Zhenechka\react-fundamentals-app\node_modules\jest-runner\build\runTest.js:389:16)
    at runTest (C:\Users\Zhenechka\react-fundamentals-app\node_modules\jest-runner\build\runTest.js:475:34)
    at Object.worker (C:\Users\Zhenechka\react-fundamentals-app\node_modules\jest-runner\build\testWorker.js:133:12)</failure>
    </testcase>
  </testsuite>
  <testsuite name="src\__tests__\module-4\CreateAuthor.test.js" errors="0" failures="1" skipped="0" timestamp="2025-05-21T23:21:59" time="0.289" tests="1">
    <testcase classname="CreateAuthor component-should dispatch createAuthorThunk on &quot;CREATE AUTHOR&quot; button click" name="CreateAuthor component-should dispatch createAuthorThunk on &quot;CREATE AUTHOR&quot; button click" time="0.053">
      <failure>TypeError: onCreateAuthor is not a function
    at handleCreate (C:\Users\Zhenechka\react-fundamentals-app\src\components\CourseForm\components\CreateAuthor\CreateAuthor.jsx:26:5)
    at HTMLUnknownElement.callCallback (C:\Users\Zhenechka\react-fundamentals-app\node_modules\react-dom\cjs\react-dom.development.js:4164:14)
    at HTMLUnknownElement.callTheUserObjectsOperation (C:\Users\Zhenechka\react-fundamentals-app\node_modules\jsdom\lib\jsdom\living\generated\EventListener.js:26:30)
    at innerInvokeEventListeners (C:\Users\Zhenechka\react-fundamentals-app\node_modules\jsdom\lib\jsdom\living\events\EventTarget-impl.js:338:25)
    at invokeEventListeners (C:\Users\Zhenechka\react-fundamentals-app\node_modules\jsdom\lib\jsdom\living\events\EventTarget-impl.js:274:3)
    at HTMLUnknownElementImpl._dispatch (C:\Users\Zhenechka\react-fundamentals-app\node_modules\jsdom\lib\jsdom\living\events\EventTarget-impl.js:221:9)
    at HTMLUnknownElementImpl.dispatchEvent (C:\Users\Zhenechka\react-fundamentals-app\node_modules\jsdom\lib\jsdom\living\events\EventTarget-impl.js:94:17)
    at HTMLUnknownElement.dispatchEvent (C:\Users\Zhenechka\react-fundamentals-app\node_modules\jsdom\lib\jsdom\living\generated\EventTarget.js:231:34)
    at Object.invokeGuardedCallbackDev (C:\Users\Zhenechka\react-fundamentals-app\node_modules\react-dom\cjs\react-dom.development.js:4213:16)
    at invokeGuardedCallback (C:\Users\Zhenechka\react-fundamentals-app\node_modules\react-dom\cjs\react-dom.development.js:4277:31)
    at invokeGuardedCallbackAndCatchFirstError (C:\Users\Zhenechka\react-fundamentals-app\node_modules\react-dom\cjs\react-dom.development.js:4291:25)
    at executeDispatch (C:\Users\Zhenechka\react-fundamentals-app\node_modules\react-dom\cjs\react-dom.development.js:9041:3)
    at processDispatchQueueItemsInOrder (C:\Users\Zhenechka\react-fundamentals-app\node_modules\react-dom\cjs\react-dom.development.js:9073:7)
    at processDispatchQueue (C:\Users\Zhenechka\react-fundamentals-app\node_modules\react-dom\cjs\react-dom.development.js:9086:5)
    at dispatchEventsForPlugins (C:\Users\Zhenechka\react-fundamentals-app\node_modules\react-dom\cjs\react-dom.development.js:9097:3)
    at C:\Users\Zhenechka\react-fundamentals-app\node_modules\react-dom\cjs\react-dom.development.js:9288:12
    at batchedUpdates$1 (C:\Users\Zhenechka\react-fundamentals-app\node_modules\react-dom\cjs\react-dom.development.js:26140:12)
    at batchedUpdates (C:\Users\Zhenechka\react-fundamentals-app\node_modules\react-dom\cjs\react-dom.development.js:3991:12)
    at dispatchEventForPluginEventSystem (C:\Users\Zhenechka\react-fundamentals-app\node_modules\react-dom\cjs\react-dom.development.js:9287:3)
    at dispatchEventWithEnableCapturePhaseSelectiveHydrationWithoutDiscreteEventReplay (C:\Users\Zhenechka\react-fundamentals-app\node_modules\react-dom\cjs\react-dom.development.js:6465:5)
    at dispatchEvent (C:\Users\Zhenechka\react-fundamentals-app\node_modules\react-dom\cjs\react-dom.development.js:6457:5)
    at dispatchDiscreteEvent (C:\Users\Zhenechka\react-fundamentals-app\node_modules\react-dom\cjs\react-dom.development.js:6430:5)
    at HTMLDivElement.callTheUserObjectsOperation (C:\Users\Zhenechka\react-fundamentals-app\node_modules\jsdom\lib\jsdom\living\generated\EventListener.js:26:30)
    at innerInvokeEventListeners (C:\Users\Zhenechka\react-fundamentals-app\node_modules\jsdom\lib\jsdom\living\events\EventTarget-impl.js:338:25)
    at invokeEventListeners (C:\Users\Zhenechka\react-fundamentals-app\node_modules\jsdom\lib\jsdom\living\events\EventTarget-impl.js:274:3)
    at HTMLButtonElementImpl._dispatch (C:\Users\Zhenechka\react-fundamentals-app\node_modules\jsdom\lib\jsdom\living\events\EventTarget-impl.js:221:9)
    at HTMLButtonElementImpl.dispatchEvent (C:\Users\Zhenechka\react-fundamentals-app\node_modules\jsdom\lib\jsdom\living\events\EventTarget-impl.js:94:17)
    at HTMLButtonElement.dispatchEvent (C:\Users\Zhenechka\react-fundamentals-app\node_modules\jsdom\lib\jsdom\living\generated\EventTarget.js:231:34)
    at C:\Users\Zhenechka\react-fundamentals-app\node_modules\@testing-library\dom\dist\events.js:19:20
    at C:\Users\Zhenechka\react-fundamentals-app\node_modules\@testing-library\react\dist\pure.js:93:16
    at C:\Users\Zhenechka\react-fundamentals-app\node_modules\@testing-library\react\dist\act-compat.js:47:24
    at act (C:\Users\Zhenechka\react-fundamentals-app\node_modules\react\cjs\react.development.js:2512:16)
    at C:\Users\Zhenechka\react-fundamentals-app\node_modules\@testing-library\react\dist\act-compat.js:46:25
    at Object.eventWrapper (C:\Users\Zhenechka\react-fundamentals-app\node_modules\@testing-library\react\dist\pure.js:92:28)
    at fireEvent (C:\Users\Zhenechka\react-fundamentals-app\node_modules\@testing-library\dom\dist\events.js:12:35)
    at Function.fireEvent.&lt;computed&gt; [as click] (C:\Users\Zhenechka\react-fundamentals-app\node_modules\@testing-library\dom\dist\events.js:110:36)
    at Function.click (C:\Users\Zhenechka\react-fundamentals-app\node_modules\@testing-library\react\dist\fire-event.js:15:52)
    at Object.&lt;anonymous&gt; (C:\Users\Zhenechka\react-fundamentals-app\src\__tests__\module-4\CreateAuthor.test.js:33:15)
    at Promise.then.completed (C:\Users\Zhenechka\react-fundamentals-app\node_modules\jest-circus\build\utils.js:391:28)
    at new Promise (&lt;anonymous&gt;)
    at callAsyncCircusFn (C:\Users\Zhenechka\react-fundamentals-app\node_modules\jest-circus\build\utils.js:316:10)
    at _callCircusTest (C:\Users\Zhenechka\react-fundamentals-app\node_modules\jest-circus\build\run.js:218:40)
    at processTicksAndRejections (node:internal/process/task_queues:105:5)
    at _runTest (C:\Users\Zhenechka\react-fundamentals-app\node_modules\jest-circus\build\run.js:155:3)
    at _runTestsForDescribeBlock (C:\Users\Zhenechka\react-fundamentals-app\node_modules\jest-circus\build\run.js:66:9)
    at _runTestsForDescribeBlock (C:\Users\Zhenechka\react-fundamentals-app\node_modules\jest-circus\build\run.js:60:9)
    at run (C:\Users\Zhenechka\react-fundamentals-app\node_modules\jest-circus\build\run.js:25:3)
    at runAndTransformResultsToJestFormat (C:\Users\Zhenechka\react-fundamentals-app\node_modules\jest-circus\build\legacy-code-todo-rewrite\jestAdapterInit.js:170:21)
    at jestAdapter (C:\Users\Zhenechka\react-fundamentals-app\node_modules\jest-circus\build\legacy-code-todo-rewrite\jestAdapter.js:82:19)
    at runTestInternal (C:\Users\Zhenechka\react-fundamentals-app\node_modules\jest-runner\build\runTest.js:389:16)
    at runTest (C:\Users\Zhenechka\react-fundamentals-app\node_modules\jest-runner\build\runTest.js:475:34)
    at Object.worker (C:\Users\Zhenechka\react-fundamentals-app\node_modules\jest-runner\build\testWorker.js:133:12)</failure>
      <failure>Error: expect(jest.fn()).toHaveBeenCalled()

Expected number of calls: &gt;= 1
Received number of calls:    0
    at Object.&lt;anonymous&gt; (C:\Users\Zhenechka\react-fundamentals-app\src\__tests__\module-4\CreateAuthor.test.js:35:31)
    at Promise.then.completed (C:\Users\Zhenechka\react-fundamentals-app\node_modules\jest-circus\build\utils.js:391:28)
    at new Promise (&lt;anonymous&gt;)
    at callAsyncCircusFn (C:\Users\Zhenechka\react-fundamentals-app\node_modules\jest-circus\build\utils.js:316:10)
    at _callCircusTest (C:\Users\Zhenechka\react-fundamentals-app\node_modules\jest-circus\build\run.js:218:40)
    at processTicksAndRejections (node:internal/process/task_queues:105:5)
    at _runTest (C:\Users\Zhenechka\react-fundamentals-app\node_modules\jest-circus\build\run.js:155:3)
    at _runTestsForDescribeBlock (C:\Users\Zhenechka\react-fundamentals-app\node_modules\jest-circus\build\run.js:66:9)
    at _runTestsForDescribeBlock (C:\Users\Zhenechka\react-fundamentals-app\node_modules\jest-circus\build\run.js:60:9)
    at run (C:\Users\Zhenechka\react-fundamentals-app\node_modules\jest-circus\build\run.js:25:3)
    at runAndTransformResultsToJestFormat (C:\Users\Zhenechka\react-fundamentals-app\node_modules\jest-circus\build\legacy-code-todo-rewrite\jestAdapterInit.js:170:21)
    at jestAdapter (C:\Users\Zhenechka\react-fundamentals-app\node_modules\jest-circus\build\legacy-code-todo-rewrite\jestAdapter.js:82:19)
    at runTestInternal (C:\Users\Zhenechka\react-fundamentals-app\node_modules\jest-runner\build\runTest.js:389:16)
    at runTest (C:\Users\Zhenechka\react-fundamentals-app\node_modules\jest-runner\build\runTest.js:475:34)
    at Object.worker (C:\Users\Zhenechka\react-fundamentals-app\node_modules\jest-runner\build\testWorker.js:133:12)</failure>
    </testcase>
  </testsuite>
  <testsuite name="src\__tests__\module-4\PrivateRoute.test.js" errors="0" failures="2" skipped="0" timestamp="2025-05-21T23:21:59" time="0.278" tests="2">
    <testcase classname="PrivateRoute-should render children when the user has the admin role (use getUserRoleSelector inside PrivateRoute component)" name="PrivateRoute-should render children when the user has the admin role (use getUserRoleSelector inside PrivateRoute component)" time="0.03">
      <failure>Error: Element type is invalid: expected a string (for built-in components) or a class/function (for composite components) but got: undefined. You likely forgot to export your component from the file it&apos;s defined in, or you might have mixed up default and named imports.
    at createFiberFromTypeAndProps (C:\Users\Zhenechka\react-fundamentals-app\node_modules\react-dom\cjs\react-dom.development.js:28439:17)
    at createFiberFromElement (C:\Users\Zhenechka\react-fundamentals-app\node_modules\react-dom\cjs\react-dom.development.js:28465:15)
    at reconcileSingleElement (C:\Users\Zhenechka\react-fundamentals-app\node_modules\react-dom\cjs\react-dom.development.js:15750:23)
    at reconcileChildFibers (C:\Users\Zhenechka\react-fundamentals-app\node_modules\react-dom\cjs\react-dom.development.js:15808:35)
    at reconcileChildren (C:\Users\Zhenechka\react-fundamentals-app\node_modules\react-dom\cjs\react-dom.development.js:19167:28)
    at updateContextProvider (C:\Users\Zhenechka\react-fundamentals-app\node_modules\react-dom\cjs\react-dom.development.js:21154:3)
    at beginWork (C:\Users\Zhenechka\react-fundamentals-app\node_modules\react-dom\cjs\react-dom.development.js:21649:14)
    at beginWork$1 (C:\Users\Zhenechka\react-fundamentals-app\node_modules\react-dom\cjs\react-dom.development.js:27426:14)
    at performUnitOfWork (C:\Users\Zhenechka\react-fundamentals-app\node_modules\react-dom\cjs\react-dom.development.js:26560:12)
    at workLoopSync (C:\Users\Zhenechka\react-fundamentals-app\node_modules\react-dom\cjs\react-dom.development.js:26466:5)
    at renderRootSync (C:\Users\Zhenechka\react-fundamentals-app\node_modules\react-dom\cjs\react-dom.development.js:26434:7)
    at recoverFromConcurrentError (C:\Users\Zhenechka\react-fundamentals-app\node_modules\react-dom\cjs\react-dom.development.js:25850:20)
    at performConcurrentWorkOnRoot (C:\Users\Zhenechka\react-fundamentals-app\node_modules\react-dom\cjs\react-dom.development.js:25750:22)
    at flushActQueue (C:\Users\Zhenechka\react-fundamentals-app\node_modules\react\cjs\react.development.js:2667:24)
    at act (C:\Users\Zhenechka\react-fundamentals-app\node_modules\react\cjs\react.development.js:2582:11)
    at C:\Users\Zhenechka\react-fundamentals-app\node_modules\@testing-library\react\dist\act-compat.js:46:25
    at renderRoot (C:\Users\Zhenechka\react-fundamentals-app\node_modules\@testing-library\react\dist\pure.js:161:26)
    at render (C:\Users\Zhenechka\react-fundamentals-app\node_modules\@testing-library\react\dist\pure.js:247:10)
    at Object.&lt;anonymous&gt; (C:\Users\Zhenechka\react-fundamentals-app\src\__tests__\module-4\PrivateRoute.test.js:19:35)
    at Promise.then.completed (C:\Users\Zhenechka\react-fundamentals-app\node_modules\jest-circus\build\utils.js:391:28)
    at new Promise (&lt;anonymous&gt;)
    at callAsyncCircusFn (C:\Users\Zhenechka\react-fundamentals-app\node_modules\jest-circus\build\utils.js:316:10)
    at _callCircusTest (C:\Users\Zhenechka\react-fundamentals-app\node_modules\jest-circus\build\run.js:218:40)
    at processTicksAndRejections (node:internal/process/task_queues:105:5)
    at _runTest (C:\Users\Zhenechka\react-fundamentals-app\node_modules\jest-circus\build\run.js:155:3)
    at _runTestsForDescribeBlock (C:\Users\Zhenechka\react-fundamentals-app\node_modules\jest-circus\build\run.js:66:9)
    at _runTestsForDescribeBlock (C:\Users\Zhenechka\react-fundamentals-app\node_modules\jest-circus\build\run.js:60:9)
    at run (C:\Users\Zhenechka\react-fundamentals-app\node_modules\jest-circus\build\run.js:25:3)
    at runAndTransformResultsToJestFormat (C:\Users\Zhenechka\react-fundamentals-app\node_modules\jest-circus\build\legacy-code-todo-rewrite\jestAdapterInit.js:170:21)
    at jestAdapter (C:\Users\Zhenechka\react-fundamentals-app\node_modules\jest-circus\build\legacy-code-todo-rewrite\jestAdapter.js:82:19)
    at runTestInternal (C:\Users\Zhenechka\react-fundamentals-app\node_modules\jest-runner\build\runTest.js:389:16)
    at runTest (C:\Users\Zhenechka\react-fundamentals-app\node_modules\jest-runner\build\runTest.js:475:34)
    at Object.worker (C:\Users\Zhenechka\react-fundamentals-app\node_modules\jest-runner\build\testWorker.js:133:12)</failure>
    </testcase>
    <testcase classname="PrivateRoute-should NOT render children when the user role non-admin" name="PrivateRoute-should NOT render children when the user role non-admin" time="0.005">
      <failure>Error: Element type is invalid: expected a string (for built-in components) or a class/function (for composite components) but got: undefined. You likely forgot to export your component from the file it&apos;s defined in, or you might have mixed up default and named imports.
    at createFiberFromTypeAndProps (C:\Users\Zhenechka\react-fundamentals-app\node_modules\react-dom\cjs\react-dom.development.js:28439:17)
    at createFiberFromElement (C:\Users\Zhenechka\react-fundamentals-app\node_modules\react-dom\cjs\react-dom.development.js:28465:15)
    at reconcileSingleElement (C:\Users\Zhenechka\react-fundamentals-app\node_modules\react-dom\cjs\react-dom.development.js:15750:23)
    at reconcileChildFibers (C:\Users\Zhenechka\react-fundamentals-app\node_modules\react-dom\cjs\react-dom.development.js:15808:35)
    at reconcileChildren (C:\Users\Zhenechka\react-fundamentals-app\node_modules\react-dom\cjs\react-dom.development.js:19167:28)
    at updateContextProvider (C:\Users\Zhenechka\react-fundamentals-app\node_modules\react-dom\cjs\react-dom.development.js:21154:3)
    at beginWork (C:\Users\Zhenechka\react-fundamentals-app\node_modules\react-dom\cjs\react-dom.development.js:21649:14)
    at beginWork$1 (C:\Users\Zhenechka\react-fundamentals-app\node_modules\react-dom\cjs\react-dom.development.js:27426:14)
    at performUnitOfWork (C:\Users\Zhenechka\react-fundamentals-app\node_modules\react-dom\cjs\react-dom.development.js:26560:12)
    at workLoopSync (C:\Users\Zhenechka\react-fundamentals-app\node_modules\react-dom\cjs\react-dom.development.js:26466:5)
    at renderRootSync (C:\Users\Zhenechka\react-fundamentals-app\node_modules\react-dom\cjs\react-dom.development.js:26434:7)
    at recoverFromConcurrentError (C:\Users\Zhenechka\react-fundamentals-app\node_modules\react-dom\cjs\react-dom.development.js:25850:20)
    at performConcurrentWorkOnRoot (C:\Users\Zhenechka\react-fundamentals-app\node_modules\react-dom\cjs\react-dom.development.js:25750:22)
    at flushActQueue (C:\Users\Zhenechka\react-fundamentals-app\node_modules\react\cjs\react.development.js:2667:24)
    at act (C:\Users\Zhenechka\react-fundamentals-app\node_modules\react\cjs\react.development.js:2582:11)
    at C:\Users\Zhenechka\react-fundamentals-app\node_modules\@testing-library\react\dist\act-compat.js:46:25
    at renderRoot (C:\Users\Zhenechka\react-fundamentals-app\node_modules\@testing-library\react\dist\pure.js:161:26)
    at render (C:\Users\Zhenechka\react-fundamentals-app\node_modules\@testing-library\react\dist\pure.js:247:10)
    at Object.&lt;anonymous&gt; (C:\Users\Zhenechka\react-fundamentals-app\src\__tests__\module-4\PrivateRoute.test.js:34:37)
    at Promise.then.completed (C:\Users\Zhenechka\react-fundamentals-app\node_modules\jest-circus\build\utils.js:391:28)
    at new Promise (&lt;anonymous&gt;)
    at callAsyncCircusFn (C:\Users\Zhenechka\react-fundamentals-app\node_modules\jest-circus\build\utils.js:316:10)
    at _callCircusTest (C:\Users\Zhenechka\react-fundamentals-app\node_modules\jest-circus\build\run.js:218:40)
    at processTicksAndRejections (node:internal/process/task_queues:105:5)
    at _runTest (C:\Users\Zhenechka\react-fundamentals-app\node_modules\jest-circus\build\run.js:155:3)
    at _runTestsForDescribeBlock (C:\Users\Zhenechka\react-fundamentals-app\node_modules\jest-circus\build\run.js:66:9)
    at _runTestsForDescribeBlock (C:\Users\Zhenechka\react-fundamentals-app\node_modules\jest-circus\build\run.js:60:9)
    at run (C:\Users\Zhenechka\react-fundamentals-app\node_modules\jest-circus\build\run.js:25:3)
    at runAndTransformResultsToJestFormat (C:\Users\Zhenechka\react-fundamentals-app\node_modules\jest-circus\build\legacy-code-todo-rewrite\jestAdapterInit.js:170:21)
    at jestAdapter (C:\Users\Zhenechka\react-fundamentals-app\node_modules\jest-circus\build\legacy-code-todo-rewrite\jestAdapter.js:82:19)
    at runTestInternal (C:\Users\Zhenechka\react-fundamentals-app\node_modules\jest-runner\build\runTest.js:389:16)
    at runTest (C:\Users\Zhenechka\react-fundamentals-app\node_modules\jest-runner\build\runTest.js:475:34)
    at Object.worker (C:\Users\Zhenechka\react-fundamentals-app\node_modules\jest-runner\build\testWorker.js:133:12)</failure>
    </testcase>
  </testsuite>
  <testsuite name="src\__tests__\module-3\slices.test.js" errors="0" failures="7" skipped="0" timestamp="2025-05-21T23:21:59" time="0.218" tests="7">
    <testcase classname="slices › authorsSlice-should set authors with setAuthors action" name="slices › authorsSlice-should set authors with setAuthors action" time="0">
      <failure>TypeError: (0 , _authorsSlice.setAuthors) is not a function
    at Object.&lt;anonymous&gt; (C:\Users\Zhenechka\react-fundamentals-app\src\__tests__\module-3\slices.test.js:22:32)
    at Promise.then.completed (C:\Users\Zhenechka\react-fundamentals-app\node_modules\jest-circus\build\utils.js:391:28)
    at new Promise (&lt;anonymous&gt;)
    at callAsyncCircusFn (C:\Users\Zhenechka\react-fundamentals-app\node_modules\jest-circus\build\utils.js:316:10)
    at _callCircusTest (C:\Users\Zhenechka\react-fundamentals-app\node_modules\jest-circus\build\run.js:218:40)
    at processTicksAndRejections (node:internal/process/task_queues:105:5)
    at _runTest (C:\Users\Zhenechka\react-fundamentals-app\node_modules\jest-circus\build\run.js:155:3)
    at _runTestsForDescribeBlock (C:\Users\Zhenechka\react-fundamentals-app\node_modules\jest-circus\build\run.js:66:9)
    at _runTestsForDescribeBlock (C:\Users\Zhenechka\react-fundamentals-app\node_modules\jest-circus\build\run.js:60:9)
    at _runTestsForDescribeBlock (C:\Users\Zhenechka\react-fundamentals-app\node_modules\jest-circus\build\run.js:60:9)
    at run (C:\Users\Zhenechka\react-fundamentals-app\node_modules\jest-circus\build\run.js:25:3)
    at runAndTransformResultsToJestFormat (C:\Users\Zhenechka\react-fundamentals-app\node_modules\jest-circus\build\legacy-code-todo-rewrite\jestAdapterInit.js:170:21)
    at jestAdapter (C:\Users\Zhenechka\react-fundamentals-app\node_modules\jest-circus\build\legacy-code-todo-rewrite\jestAdapter.js:82:19)
    at runTestInternal (C:\Users\Zhenechka\react-fundamentals-app\node_modules\jest-runner\build\runTest.js:389:16)
    at runTest (C:\Users\Zhenechka\react-fundamentals-app\node_modules\jest-runner\build\runTest.js:475:34)
    at Object.worker (C:\Users\Zhenechka\react-fundamentals-app\node_modules\jest-runner\build\testWorker.js:133:12)</failure>
    </testcase>
    <testcase classname="slices › authorsSlice-should save a new author with saveAuthor action" name="slices › authorsSlice-should save a new author with saveAuthor action" time="0.001">
      <failure>TypeError: (0 , _authorsSlice.saveAuthor) is not a function
    at Object.&lt;anonymous&gt; (C:\Users\Zhenechka\react-fundamentals-app\src\__tests__\module-3\slices.test.js:37:32)
    at Promise.then.completed (C:\Users\Zhenechka\react-fundamentals-app\node_modules\jest-circus\build\utils.js:391:28)
    at new Promise (&lt;anonymous&gt;)
    at callAsyncCircusFn (C:\Users\Zhenechka\react-fundamentals-app\node_modules\jest-circus\build\utils.js:316:10)
    at _callCircusTest (C:\Users\Zhenechka\react-fundamentals-app\node_modules\jest-circus\build\run.js:218:40)
    at processTicksAndRejections (node:internal/process/task_queues:105:5)
    at _runTest (C:\Users\Zhenechka\react-fundamentals-app\node_modules\jest-circus\build\run.js:155:3)
    at _runTestsForDescribeBlock (C:\Users\Zhenechka\react-fundamentals-app\node_modules\jest-circus\build\run.js:66:9)
    at _runTestsForDescribeBlock (C:\Users\Zhenechka\react-fundamentals-app\node_modules\jest-circus\build\run.js:60:9)
    at _runTestsForDescribeBlock (C:\Users\Zhenechka\react-fundamentals-app\node_modules\jest-circus\build\run.js:60:9)
    at run (C:\Users\Zhenechka\react-fundamentals-app\node_modules\jest-circus\build\run.js:25:3)
    at runAndTransformResultsToJestFormat (C:\Users\Zhenechka\react-fundamentals-app\node_modules\jest-circus\build\legacy-code-todo-rewrite\jestAdapterInit.js:170:21)
    at jestAdapter (C:\Users\Zhenechka\react-fundamentals-app\node_modules\jest-circus\build\legacy-code-todo-rewrite\jestAdapter.js:82:19)
    at runTestInternal (C:\Users\Zhenechka\react-fundamentals-app\node_modules\jest-runner\build\runTest.js:389:16)
    at runTest (C:\Users\Zhenechka\react-fundamentals-app\node_modules\jest-runner\build\runTest.js:475:34)
    at Object.worker (C:\Users\Zhenechka\react-fundamentals-app\node_modules\jest-runner\build\testWorker.js:133:12)</failure>
    </testcase>
    <testcase classname="slices › coursesSlice-should set courses with setCourses action" name="slices › coursesSlice-should set courses with setCourses action" time="0">
      <failure>TypeError: (0 , _coursesSlice.setCourses) is not a function
    at Object.&lt;anonymous&gt; (C:\Users\Zhenechka\react-fundamentals-app\src\__tests__\module-3\slices.test.js:56:32)
    at Promise.then.completed (C:\Users\Zhenechka\react-fundamentals-app\node_modules\jest-circus\build\utils.js:391:28)
    at new Promise (&lt;anonymous&gt;)
    at callAsyncCircusFn (C:\Users\Zhenechka\react-fundamentals-app\node_modules\jest-circus\build\utils.js:316:10)
    at _callCircusTest (C:\Users\Zhenechka\react-fundamentals-app\node_modules\jest-circus\build\run.js:218:40)
    at processTicksAndRejections (node:internal/process/task_queues:105:5)
    at _runTest (C:\Users\Zhenechka\react-fundamentals-app\node_modules\jest-circus\build\run.js:155:3)
    at _runTestsForDescribeBlock (C:\Users\Zhenechka\react-fundamentals-app\node_modules\jest-circus\build\run.js:66:9)
    at _runTestsForDescribeBlock (C:\Users\Zhenechka\react-fundamentals-app\node_modules\jest-circus\build\run.js:60:9)
    at _runTestsForDescribeBlock (C:\Users\Zhenechka\react-fundamentals-app\node_modules\jest-circus\build\run.js:60:9)
    at run (C:\Users\Zhenechka\react-fundamentals-app\node_modules\jest-circus\build\run.js:25:3)
    at runAndTransformResultsToJestFormat (C:\Users\Zhenechka\react-fundamentals-app\node_modules\jest-circus\build\legacy-code-todo-rewrite\jestAdapterInit.js:170:21)
    at jestAdapter (C:\Users\Zhenechka\react-fundamentals-app\node_modules\jest-circus\build\legacy-code-todo-rewrite\jestAdapter.js:82:19)
    at runTestInternal (C:\Users\Zhenechka\react-fundamentals-app\node_modules\jest-runner\build\runTest.js:389:16)
    at runTest (C:\Users\Zhenechka\react-fundamentals-app\node_modules\jest-runner\build\runTest.js:475:34)
    at Object.worker (C:\Users\Zhenechka\react-fundamentals-app\node_modules\jest-runner\build\testWorker.js:133:12)</failure>
    </testcase>
    <testcase classname="slices › coursesSlice-should save a new course with saveCourse action" name="slices › coursesSlice-should save a new course with saveCourse action" time="0">
      <failure>TypeError: (0 , _coursesSlice.saveCourse) is not a function
    at Object.&lt;anonymous&gt; (C:\Users\Zhenechka\react-fundamentals-app\src\__tests__\module-3\slices.test.js:71:32)
    at Promise.then.completed (C:\Users\Zhenechka\react-fundamentals-app\node_modules\jest-circus\build\utils.js:391:28)
    at new Promise (&lt;anonymous&gt;)
    at callAsyncCircusFn (C:\Users\Zhenechka\react-fundamentals-app\node_modules\jest-circus\build\utils.js:316:10)
    at _callCircusTest (C:\Users\Zhenechka\react-fundamentals-app\node_modules\jest-circus\build\run.js:218:40)
    at processTicksAndRejections (node:internal/process/task_queues:105:5)
    at _runTest (C:\Users\Zhenechka\react-fundamentals-app\node_modules\jest-circus\build\run.js:155:3)
    at _runTestsForDescribeBlock (C:\Users\Zhenechka\react-fundamentals-app\node_modules\jest-circus\build\run.js:66:9)
    at _runTestsForDescribeBlock (C:\Users\Zhenechka\react-fundamentals-app\node_modules\jest-circus\build\run.js:60:9)
    at _runTestsForDescribeBlock (C:\Users\Zhenechka\react-fundamentals-app\node_modules\jest-circus\build\run.js:60:9)
    at run (C:\Users\Zhenechka\react-fundamentals-app\node_modules\jest-circus\build\run.js:25:3)
    at runAndTransformResultsToJestFormat (C:\Users\Zhenechka\react-fundamentals-app\node_modules\jest-circus\build\legacy-code-todo-rewrite\jestAdapterInit.js:170:21)
    at jestAdapter (C:\Users\Zhenechka\react-fundamentals-app\node_modules\jest-circus\build\legacy-code-todo-rewrite\jestAdapter.js:82:19)
    at runTestInternal (C:\Users\Zhenechka\react-fundamentals-app\node_modules\jest-runner\build\runTest.js:389:16)
    at runTest (C:\Users\Zhenechka\react-fundamentals-app\node_modules\jest-runner\build\runTest.js:475:34)
    at Object.worker (C:\Users\Zhenechka\react-fundamentals-app\node_modules\jest-runner\build\testWorker.js:133:12)</failure>
    </testcase>
    <testcase classname="slices › coursesSlice-should delete a course with deleteCourse action" name="slices › coursesSlice-should delete a course with deleteCourse action" time="0">
      <failure>TypeError: (0 , _coursesSlice.deleteCourse) is not a function
    at Object.&lt;anonymous&gt; (C:\Users\Zhenechka\react-fundamentals-app\src\__tests__\module-3\slices.test.js:89:34)
    at Promise.then.completed (C:\Users\Zhenechka\react-fundamentals-app\node_modules\jest-circus\build\utils.js:391:28)
    at new Promise (&lt;anonymous&gt;)
    at callAsyncCircusFn (C:\Users\Zhenechka\react-fundamentals-app\node_modules\jest-circus\build\utils.js:316:10)
    at _callCircusTest (C:\Users\Zhenechka\react-fundamentals-app\node_modules\jest-circus\build\run.js:218:40)
    at processTicksAndRejections (node:internal/process/task_queues:105:5)
    at _runTest (C:\Users\Zhenechka\react-fundamentals-app\node_modules\jest-circus\build\run.js:155:3)
    at _runTestsForDescribeBlock (C:\Users\Zhenechka\react-fundamentals-app\node_modules\jest-circus\build\run.js:66:9)
    at _runTestsForDescribeBlock (C:\Users\Zhenechka\react-fundamentals-app\node_modules\jest-circus\build\run.js:60:9)
    at _runTestsForDescribeBlock (C:\Users\Zhenechka\react-fundamentals-app\node_modules\jest-circus\build\run.js:60:9)
    at run (C:\Users\Zhenechka\react-fundamentals-app\node_modules\jest-circus\build\run.js:25:3)
    at runAndTransformResultsToJestFormat (C:\Users\Zhenechka\react-fundamentals-app\node_modules\jest-circus\build\legacy-code-todo-rewrite\jestAdapterInit.js:170:21)
    at jestAdapter (C:\Users\Zhenechka\react-fundamentals-app\node_modules\jest-circus\build\legacy-code-todo-rewrite\jestAdapter.js:82:19)
    at runTestInternal (C:\Users\Zhenechka\react-fundamentals-app\node_modules\jest-runner\build\runTest.js:389:16)
    at runTest (C:\Users\Zhenechka\react-fundamentals-app\node_modules\jest-runner\build\runTest.js:475:34)
    at Object.worker (C:\Users\Zhenechka\react-fundamentals-app\node_modules\jest-runner\build\testWorker.js:133:12)</failure>
    </testcase>
    <testcase classname="slices › userSlice-should set user data with setUserData action" name="slices › userSlice-should set user data with setUserData action" time="0">
      <failure>TypeError: (0 , _userSlice.setUserData) is not a function
    at Object.&lt;anonymous&gt; (C:\Users\Zhenechka\react-fundamentals-app\src\__tests__\module-3\slices.test.js:117:33)
    at Promise.then.completed (C:\Users\Zhenechka\react-fundamentals-app\node_modules\jest-circus\build\utils.js:391:28)
    at new Promise (&lt;anonymous&gt;)
    at callAsyncCircusFn (C:\Users\Zhenechka\react-fundamentals-app\node_modules\jest-circus\build\utils.js:316:10)
    at _callCircusTest (C:\Users\Zhenechka\react-fundamentals-app\node_modules\jest-circus\build\run.js:218:40)
    at processTicksAndRejections (node:internal/process/task_queues:105:5)
    at _runTest (C:\Users\Zhenechka\react-fundamentals-app\node_modules\jest-circus\build\run.js:155:3)
    at _runTestsForDescribeBlock (C:\Users\Zhenechka\react-fundamentals-app\node_modules\jest-circus\build\run.js:66:9)
    at _runTestsForDescribeBlock (C:\Users\Zhenechka\react-fundamentals-app\node_modules\jest-circus\build\run.js:60:9)
    at _runTestsForDescribeBlock (C:\Users\Zhenechka\react-fundamentals-app\node_modules\jest-circus\build\run.js:60:9)
    at run (C:\Users\Zhenechka\react-fundamentals-app\node_modules\jest-circus\build\run.js:25:3)
    at runAndTransformResultsToJestFormat (C:\Users\Zhenechka\react-fundamentals-app\node_modules\jest-circus\build\legacy-code-todo-rewrite\jestAdapterInit.js:170:21)
    at jestAdapter (C:\Users\Zhenechka\react-fundamentals-app\node_modules\jest-circus\build\legacy-code-todo-rewrite\jestAdapter.js:82:19)
    at runTestInternal (C:\Users\Zhenechka\react-fundamentals-app\node_modules\jest-runner\build\runTest.js:389:16)
    at runTest (C:\Users\Zhenechka\react-fundamentals-app\node_modules\jest-runner\build\runTest.js:475:34)
    at Object.worker (C:\Users\Zhenechka\react-fundamentals-app\node_modules\jest-runner\build\testWorker.js:133:12)</failure>
    </testcase>
    <testcase classname="slices › userSlice-should remove user data with removeUserData action" name="slices › userSlice-should remove user data with removeUserData action" time="0">
      <failure>TypeError: (0 , _userSlice.removeUserData) is not a function
    at Object.&lt;anonymous&gt; (C:\Users\Zhenechka\react-fundamentals-app\src\__tests__\module-3\slices.test.js:137:36)
    at Promise.then.completed (C:\Users\Zhenechka\react-fundamentals-app\node_modules\jest-circus\build\utils.js:391:28)
    at new Promise (&lt;anonymous&gt;)
    at callAsyncCircusFn (C:\Users\Zhenechka\react-fundamentals-app\node_modules\jest-circus\build\utils.js:316:10)
    at _callCircusTest (C:\Users\Zhenechka\react-fundamentals-app\node_modules\jest-circus\build\run.js:218:40)
    at processTicksAndRejections (node:internal/process/task_queues:105:5)
    at _runTest (C:\Users\Zhenechka\react-fundamentals-app\node_modules\jest-circus\build\run.js:155:3)
    at _runTestsForDescribeBlock (C:\Users\Zhenechka\react-fundamentals-app\node_modules\jest-circus\build\run.js:66:9)
    at _runTestsForDescribeBlock (C:\Users\Zhenechka\react-fundamentals-app\node_modules\jest-circus\build\run.js:60:9)
    at _runTestsForDescribeBlock (C:\Users\Zhenechka\react-fundamentals-app\node_modules\jest-circus\build\run.js:60:9)
    at run (C:\Users\Zhenechka\react-fundamentals-app\node_modules\jest-circus\build\run.js:25:3)
    at runAndTransformResultsToJestFormat (C:\Users\Zhenechka\react-fundamentals-app\node_modules\jest-circus\build\legacy-code-todo-rewrite\jestAdapterInit.js:170:21)
    at jestAdapter (C:\Users\Zhenechka\react-fundamentals-app\node_modules\jest-circus\build\legacy-code-todo-rewrite\jestAdapter.js:82:19)
    at runTestInternal (C:\Users\Zhenechka\react-fundamentals-app\node_modules\jest-runner\build\runTest.js:389:16)
    at runTest (C:\Users\Zhenechka\react-fundamentals-app\node_modules\jest-runner\build\runTest.js:475:34)
    at Object.worker (C:\Users\Zhenechka\react-fundamentals-app\node_modules\jest-runner\build\testWorker.js:133:12)</failure>
    </testcase>
  </testsuite>
  <testsuite name="src\__tests__\module-3\services.test.js" errors="0" failures="4" skipped="0" timestamp="2025-05-21T23:21:59" time="0.219" tests="4">
    <testcase classname="services › getCourses-should return the courses when the response is successful (call fetch with path - &quot;http://localhost:4000/courses/all&quot; method - &quot;GET&quot;, headers - &quot;Content-Type&quot;: &quot;application/json&quot;)" name="services › getCourses-should return the courses when the response is successful (call fetch with path - &quot;http://localhost:4000/courses/all&quot; method - &quot;GET&quot;, headers - &quot;Content-Type&quot;: &quot;application/json&quot;)" time="0.002">
      <failure>TypeError: (0 , _services.getCourses) is not a function
    at Object.&lt;anonymous&gt; (C:\Users\Zhenechka\react-fundamentals-app\src\__tests__\module-3\services.test.js:22:39)
    at Promise.then.completed (C:\Users\Zhenechka\react-fundamentals-app\node_modules\jest-circus\build\utils.js:391:28)
    at new Promise (&lt;anonymous&gt;)
    at callAsyncCircusFn (C:\Users\Zhenechka\react-fundamentals-app\node_modules\jest-circus\build\utils.js:316:10)
    at _callCircusTest (C:\Users\Zhenechka\react-fundamentals-app\node_modules\jest-circus\build\run.js:218:40)
    at processTicksAndRejections (node:internal/process/task_queues:105:5)
    at _runTest (C:\Users\Zhenechka\react-fundamentals-app\node_modules\jest-circus\build\run.js:155:3)
    at _runTestsForDescribeBlock (C:\Users\Zhenechka\react-fundamentals-app\node_modules\jest-circus\build\run.js:66:9)
    at _runTestsForDescribeBlock (C:\Users\Zhenechka\react-fundamentals-app\node_modules\jest-circus\build\run.js:60:9)
    at _runTestsForDescribeBlock (C:\Users\Zhenechka\react-fundamentals-app\node_modules\jest-circus\build\run.js:60:9)
    at run (C:\Users\Zhenechka\react-fundamentals-app\node_modules\jest-circus\build\run.js:25:3)
    at runAndTransformResultsToJestFormat (C:\Users\Zhenechka\react-fundamentals-app\node_modules\jest-circus\build\legacy-code-todo-rewrite\jestAdapterInit.js:170:21)
    at jestAdapter (C:\Users\Zhenechka\react-fundamentals-app\node_modules\jest-circus\build\legacy-code-todo-rewrite\jestAdapter.js:82:19)
    at runTestInternal (C:\Users\Zhenechka\react-fundamentals-app\node_modules\jest-runner\build\runTest.js:389:16)
    at runTest (C:\Users\Zhenechka\react-fundamentals-app\node_modules\jest-runner\build\runTest.js:475:34)
    at Object.worker (C:\Users\Zhenechka\react-fundamentals-app\node_modules\jest-runner\build\testWorker.js:133:12)</failure>
    </testcase>
    <testcase classname="services › getCourses-should throw an error when the response is not successful (response.ok = false)" name="services › getCourses-should throw an error when the response is not successful (response.ok = false)" time="0.001">
      <failure>TypeError: (0 , _services.getCourses) is not a function
    at Object.&lt;anonymous&gt; (C:\Users\Zhenechka\react-fundamentals-app\src\__tests__\module-3\services.test.js:40:30)
    at Promise.then.completed (C:\Users\Zhenechka\react-fundamentals-app\node_modules\jest-circus\build\utils.js:391:28)
    at new Promise (&lt;anonymous&gt;)
    at callAsyncCircusFn (C:\Users\Zhenechka\react-fundamentals-app\node_modules\jest-circus\build\utils.js:316:10)
    at _callCircusTest (C:\Users\Zhenechka\react-fundamentals-app\node_modules\jest-circus\build\run.js:218:40)
    at processTicksAndRejections (node:internal/process/task_queues:105:5)
    at _runTest (C:\Users\Zhenechka\react-fundamentals-app\node_modules\jest-circus\build\run.js:155:3)
    at _runTestsForDescribeBlock (C:\Users\Zhenechka\react-fundamentals-app\node_modules\jest-circus\build\run.js:66:9)
    at _runTestsForDescribeBlock (C:\Users\Zhenechka\react-fundamentals-app\node_modules\jest-circus\build\run.js:60:9)
    at _runTestsForDescribeBlock (C:\Users\Zhenechka\react-fundamentals-app\node_modules\jest-circus\build\run.js:60:9)
    at run (C:\Users\Zhenechka\react-fundamentals-app\node_modules\jest-circus\build\run.js:25:3)
    at runAndTransformResultsToJestFormat (C:\Users\Zhenechka\react-fundamentals-app\node_modules\jest-circus\build\legacy-code-todo-rewrite\jestAdapterInit.js:170:21)
    at jestAdapter (C:\Users\Zhenechka\react-fundamentals-app\node_modules\jest-circus\build\legacy-code-todo-rewrite\jestAdapter.js:82:19)
    at runTestInternal (C:\Users\Zhenechka\react-fundamentals-app\node_modules\jest-runner\build\runTest.js:389:16)
    at runTest (C:\Users\Zhenechka\react-fundamentals-app\node_modules\jest-runner\build\runTest.js:475:34)
    at Object.worker (C:\Users\Zhenechka\react-fundamentals-app\node_modules\jest-runner\build\testWorker.js:133:12)</failure>
    </testcase>
    <testcase classname="services › getAuthors-should return the authors when the response is successful (call fetch with path - &quot;http://localhost:4000/authors/all&quot; method - &quot;GET&quot;, headers - &quot;Content-Type&quot;: &quot;application/json&quot;)" name="services › getAuthors-should return the authors when the response is successful (call fetch with path - &quot;http://localhost:4000/authors/all&quot; method - &quot;GET&quot;, headers - &quot;Content-Type&quot;: &quot;application/json&quot;)" time="0.016">
      <failure>TypeError: (0 , _services.getAuthors) is not a function
    at Object.&lt;anonymous&gt; (C:\Users\Zhenechka\react-fundamentals-app\src\__tests__\module-3\services.test.js:62:39)
    at Promise.then.completed (C:\Users\Zhenechka\react-fundamentals-app\node_modules\jest-circus\build\utils.js:391:28)
    at new Promise (&lt;anonymous&gt;)
    at callAsyncCircusFn (C:\Users\Zhenechka\react-fundamentals-app\node_modules\jest-circus\build\utils.js:316:10)
    at _callCircusTest (C:\Users\Zhenechka\react-fundamentals-app\node_modules\jest-circus\build\run.js:218:40)
    at processTicksAndRejections (node:internal/process/task_queues:105:5)
    at _runTest (C:\Users\Zhenechka\react-fundamentals-app\node_modules\jest-circus\build\run.js:155:3)
    at _runTestsForDescribeBlock (C:\Users\Zhenechka\react-fundamentals-app\node_modules\jest-circus\build\run.js:66:9)
    at _runTestsForDescribeBlock (C:\Users\Zhenechka\react-fundamentals-app\node_modules\jest-circus\build\run.js:60:9)
    at _runTestsForDescribeBlock (C:\Users\Zhenechka\react-fundamentals-app\node_modules\jest-circus\build\run.js:60:9)
    at run (C:\Users\Zhenechka\react-fundamentals-app\node_modules\jest-circus\build\run.js:25:3)
    at runAndTransformResultsToJestFormat (C:\Users\Zhenechka\react-fundamentals-app\node_modules\jest-circus\build\legacy-code-todo-rewrite\jestAdapterInit.js:170:21)
    at jestAdapter (C:\Users\Zhenechka\react-fundamentals-app\node_modules\jest-circus\build\legacy-code-todo-rewrite\jestAdapter.js:82:19)
    at runTestInternal (C:\Users\Zhenechka\react-fundamentals-app\node_modules\jest-runner\build\runTest.js:389:16)
    at runTest (C:\Users\Zhenechka\react-fundamentals-app\node_modules\jest-runner\build\runTest.js:475:34)
    at Object.worker (C:\Users\Zhenechka\react-fundamentals-app\node_modules\jest-runner\build\testWorker.js:133:12)</failure>
    </testcase>
    <testcase classname="services › getAuthors-should throw an error when the response is not successful (response.ok = false)" name="services › getAuthors-should throw an error when the response is not successful (response.ok = false)" time="0.001">
      <failure>TypeError: (0 , _services.getAuthors) is not a function
    at Object.&lt;anonymous&gt; (C:\Users\Zhenechka\react-fundamentals-app\src\__tests__\module-3\services.test.js:80:30)
    at Promise.then.completed (C:\Users\Zhenechka\react-fundamentals-app\node_modules\jest-circus\build\utils.js:391:28)
    at new Promise (&lt;anonymous&gt;)
    at callAsyncCircusFn (C:\Users\Zhenechka\react-fundamentals-app\node_modules\jest-circus\build\utils.js:316:10)
    at _callCircusTest (C:\Users\Zhenechka\react-fundamentals-app\node_modules\jest-circus\build\run.js:218:40)
    at processTicksAndRejections (node:internal/process/task_queues:105:5)
    at _runTest (C:\Users\Zhenechka\react-fundamentals-app\node_modules\jest-circus\build\run.js:155:3)
    at _runTestsForDescribeBlock (C:\Users\Zhenechka\react-fundamentals-app\node_modules\jest-circus\build\run.js:66:9)
    at _runTestsForDescribeBlock (C:\Users\Zhenechka\react-fundamentals-app\node_modules\jest-circus\build\run.js:60:9)
    at _runTestsForDescribeBlock (C:\Users\Zhenechka\react-fundamentals-app\node_modules\jest-circus\build\run.js:60:9)
    at run (C:\Users\Zhenechka\react-fundamentals-app\node_modules\jest-circus\build\run.js:25:3)
    at runAndTransformResultsToJestFormat (C:\Users\Zhenechka\react-fundamentals-app\node_modules\jest-circus\build\legacy-code-todo-rewrite\jestAdapterInit.js:170:21)
    at jestAdapter (C:\Users\Zhenechka\react-fundamentals-app\node_modules\jest-circus\build\legacy-code-todo-rewrite\jestAdapter.js:82:19)
    at runTestInternal (C:\Users\Zhenechka\react-fundamentals-app\node_modules\jest-runner\build\runTest.js:389:16)
    at runTest (C:\Users\Zhenechka\react-fundamentals-app\node_modules\jest-runner\build\runTest.js:475:34)
    at Object.worker (C:\Users\Zhenechka\react-fundamentals-app\node_modules\jest-runner\build\testWorker.js:133:12)</failure>
    </testcase>
  </testsuite>
  <testsuite name="src\__tests__\module-1\Header.test.js" errors="0" failures="1" skipped="0" timestamp="2025-05-21T23:21:59" time="0.319" tests="2">
    <testcase classname="Header component-should render logo (&lt;img /&gt; tag)" name="Header component-should render logo (&lt;img /&gt; tag)" time="0.043">
    </testcase>
    <testcase classname="Header component-should render logout button" name="Header component-should render logout button" time="0.051">
      <failure>TestingLibraryElementError: Unable to find an accessible element with the role &quot;button&quot;

Here are the accessible roles:

  img:

  Name &quot;logo&quot;:
  &lt;img
    alt=&quot;logo&quot;
    class=&quot;logo&quot;
    src=&quot;logo.svg&quot;
  /&gt;

  --------------------------------------------------

Ignored nodes: comments, script, style
&lt;body&gt;
  &lt;div&gt;
    &lt;div
      class=&quot;headerContainer&quot;
    &gt;
      &lt;img
        alt=&quot;logo&quot;
        class=&quot;logo&quot;
        src=&quot;logo.svg&quot;
      /&gt;
    &lt;/div&gt;
  &lt;/div&gt;
&lt;/body&gt;
    at Object.getElementError (C:\Users\Zhenechka\react-fundamentals-app\node_modules\@testing-library\dom\dist\config.js:37:19)
    at C:\Users\Zhenechka\react-fundamentals-app\node_modules\@testing-library\dom\dist\query-helpers.js:76:38
    at C:\Users\Zhenechka\react-fundamentals-app\node_modules\@testing-library\dom\dist\query-helpers.js:52:17
    at getByRole (C:\Users\Zhenechka\react-fundamentals-app\node_modules\@testing-library\dom\dist\query-helpers.js:95:19)
    at Object.&lt;anonymous&gt; (C:\Users\Zhenechka\react-fundamentals-app\src\__tests__\module-1\Header.test.js:17:40)
    at Promise.then.completed (C:\Users\Zhenechka\react-fundamentals-app\node_modules\jest-circus\build\utils.js:391:28)
    at new Promise (&lt;anonymous&gt;)
    at callAsyncCircusFn (C:\Users\Zhenechka\react-fundamentals-app\node_modules\jest-circus\build\utils.js:316:10)
    at _callCircusTest (C:\Users\Zhenechka\react-fundamentals-app\node_modules\jest-circus\build\run.js:218:40)
    at processTicksAndRejections (node:internal/process/task_queues:105:5)
    at _runTest (C:\Users\Zhenechka\react-fundamentals-app\node_modules\jest-circus\build\run.js:155:3)
    at _runTestsForDescribeBlock (C:\Users\Zhenechka\react-fundamentals-app\node_modules\jest-circus\build\run.js:66:9)
    at _runTestsForDescribeBlock (C:\Users\Zhenechka\react-fundamentals-app\node_modules\jest-circus\build\run.js:60:9)
    at run (C:\Users\Zhenechka\react-fundamentals-app\node_modules\jest-circus\build\run.js:25:3)
    at runAndTransformResultsToJestFormat (C:\Users\Zhenechka\react-fundamentals-app\node_modules\jest-circus\build\legacy-code-todo-rewrite\jestAdapterInit.js:170:21)
    at jestAdapter (C:\Users\Zhenechka\react-fundamentals-app\node_modules\jest-circus\build\legacy-code-todo-rewrite\jestAdapter.js:82:19)
    at runTestInternal (C:\Users\Zhenechka\react-fundamentals-app\node_modules\jest-runner\build\runTest.js:389:16)
    at runTest (C:\Users\Zhenechka\react-fundamentals-app\node_modules\jest-runner\build\runTest.js:475:34)
    at Object.worker (C:\Users\Zhenechka\react-fundamentals-app\node_modules\jest-runner\build\testWorker.js:133:12)</failure>
    </testcase>
  </testsuite>
  <testsuite name="src\__tests__\module-2\CreateCourse.test.js" errors="0" failures="0" skipped="0" timestamp="2025-05-21T23:21:59" time="0.34" tests="5">
    <testcase classname="CourseForm-should create a new course with the entered data in all field`s (createCourse prop should be called on createCourseButton click)" name="CourseForm-should create a new course with the entered data in all field`s (createCourse prop should be called on createCourseButton click)" time="0.055">
    </testcase>
    <testcase classname="CourseForm-should not create a new course with the empty data (createCourse prop should NOT be called on createCourseButton click)" name="CourseForm-should not create a new course with the empty data (createCourse prop should NOT be called on createCourseButton click)" time="0.012">
    </testcase>
    <testcase classname="CourseForm-should add an author to the course when CreateAuthor component creates a new author (createAuthor prop should be called on createAuthorButton click)" name="CourseForm-should add an author to the course when CreateAuthor component creates a new author (createAuthor prop should be called on createAuthorButton click)" time="0.011">
    </testcase>
    <testcase classname="CourseForm-should render the course authors with data-testid=&quot;authorItem&quot; in the course authors list" name="CourseForm-should render the course authors with data-testid=&quot;authorItem&quot; in the course authors list" time="0.005">
    </testcase>
    <testcase classname="CourseForm-should display the &quot;Authors list is empty&quot; message when there are no authors is selected for the course" name="CourseForm-should display the &quot;Authors list is empty&quot; message when there are no authors is selected for the course" time="0.006">
    </testcase>
  </testsuite>
  <testsuite name="src\__tests__\module-2\CourseInfo.test.js" errors="0" failures="0" skipped="0" timestamp="2025-05-21T23:21:59" time="0.317" tests="7">
    <testcase classname="CourseInfo-should render correct title (find correct course from coursesList based on courseId param use useParams hook)" name="CourseInfo-should render correct title (find correct course from coursesList based on courseId param use useParams hook)" time="0.037">
    </testcase>
    <testcase classname="CourseInfo-should render correct description" name="CourseInfo-should render correct description" time="0.004">
    </testcase>
    <testcase classname="CourseInfo-should render correct course duration (use getCourseDuration)" name="CourseInfo-should render correct course duration (use getCourseDuration)" time="0.007">
    </testcase>
    <testcase classname="CourseInfo-should render correct course creation date (use formatCreationDate)" name="CourseInfo-should render correct course creation date (use formatCreationDate)" time="0.005">
    </testcase>
    <testcase classname="CourseInfo-should render correct course authors names (find a course in the coursesList and match data from course authors and authorsList prop)" name="CourseInfo-should render correct course authors names (find a course in the coursesList and match data from course authors and authorsList prop)" time="0.021">
    </testcase>
    <testcase classname="CourseInfo-should render &quot;BACK&quot; button as a Link provided by react-router-dom" name="CourseInfo-should render &quot;BACK&quot; button as a Link provided by react-router-dom" time="0.004">
    </testcase>
    <testcase classname="CourseInfo-should render &quot;BACK&quot; link to=&quot;/courses&quot;" name="CourseInfo-should render &quot;BACK&quot; link to=&quot;/courses&quot;" time="0.003">
    </testcase>
  </testsuite>
  <testsuite name="src\__tests__\module-2\Courses.test.js" errors="0" failures="0" skipped="0" timestamp="2025-05-21T23:21:59" time="0.307" tests="4">
    <testcase classname="Courses component-should render list of courses from coursesList prop with data-testid=&quot;courseCard&quot;" name="Courses component-should render list of courses from coursesList prop with data-testid=&quot;courseCard&quot;" time="0.031">
    </testcase>
    <testcase classname="Courses component-should render &apos;ADD NEW COURSE&apos; button" name="Courses component-should render &apos;ADD NEW COURSE&apos; button" time="0.008">
    </testcase>
    <testcase classname="Courses component-should render &apos;ADD NEW COURSE&apos; button as a Link with provided by react-router-dom to=&apos;/courses/add&apos;" name="Courses component-should render &apos;ADD NEW COURSE&apos; button as a Link with provided by react-router-dom to=&apos;/courses/add&apos;" time="0.01">
    </testcase>
    <testcase classname="Courses component-should render EmptyCourseList component if no courses (with &apos;Your List Is Empty&apos; text and button with data-testid=&apos;addCourse&apos;)" name="Courses component-should render EmptyCourseList component if no courses (with &apos;Your List Is Empty&apos; text and button with data-testid=&apos;addCourse&apos;)" time="0.006">
    </testcase>
  </testsuite>
  <testsuite name="src\__tests__\module-3\Registration.test.js" errors="0" failures="0" skipped="0" timestamp="2025-05-21T23:21:59" time="0.339" tests="2">
    <testcase classname="Registration-should render the registration form with 3 inputs, login info text and link" name="Registration-should render the registration form with 3 inputs, login info text and link" time="0.033">
    </testcase>
    <testcase classname="Registration-should submits registration form (calls createUser service with entered name, email and password)" name="Registration-should submits registration form (calls createUser service with entered name, email and password)" time="0.091">
    </testcase>
  </testsuite>
  <testsuite name="src\__tests__\module-4\Registration.test.js" errors="0" failures="0" skipped="0" timestamp="2025-05-21T23:21:59" time="0.362" tests="2">
    <testcase classname="Registration-should render the registration form with 3 inputs, login info text and link" name="Registration-should render the registration form with 3 inputs, login info text and link" time="0.058">
    </testcase>
    <testcase classname="Registration-should submit registration form (calls createUser service with entered name, email and password)" name="Registration-should submit registration form (calls createUser service with entered name, email and password)" time="0.074">
    </testcase>
  </testsuite>
  <testsuite name="src\__tests__\module-2\Button.test.js" errors="0" failures="0" skipped="0" timestamp="2025-05-21T23:22:00" time="0.226" tests="2">
    <testcase classname="Button component-should render button with provided buttonText prop value" name="Button component-should render button with provided buttonText prop value" time="0.005">
    </testcase>
    <testcase classname="Button component-should call provided handleClick callback prop" name="Button component-should call provided handleClick callback prop" time="0.004">
    </testcase>
  </testsuite>
  <testsuite name="src\__tests__\module-1\Input.test.js" errors="0" failures="0" skipped="0" timestamp="2025-05-21T23:22:00" time="0.251" tests="3">
    <testcase classname="Input component-should render input with provided labelText prop value" name="Input component-should render input with provided labelText prop value" time="0.01">
    </testcase>
    <testcase classname="Input component-should render input with provided placeholderText prop value" name="Input component-should render input with provided placeholderText prop value" time="0.003">
    </testcase>
    <testcase classname="Input component-should call provided callback for onChange event" name="Input component-should call provided callback for onChange event" time="0.004">
    </testcase>
  </testsuite>
  <testsuite name="src\__tests__\module-3\Button.test.js" errors="0" failures="0" skipped="0" timestamp="2025-05-21T23:22:00" time="0.229" tests="2">
    <testcase classname="Button component-should render with provided buttonText prop value" name="Button component-should render with provided buttonText prop value" time="0.004">
    </testcase>
    <testcase classname="Button component-should call provided handleClick callback prop" name="Button component-should call provided handleClick callback prop" time="0.009">
    </testcase>
  </testsuite>
  <testsuite name="src\__tests__\module-2\CourseCard.test.js" errors="0" failures="0" skipped="0" timestamp="2025-05-21T23:22:00" time="0.28" tests="6">
    <testcase classname="CourseCard component-should render correct title from course prop" name="CourseCard component-should render correct title from course prop" time="0.017">
    </testcase>
    <testcase classname="CourseCard component-should render correct description from course prop" name="CourseCard component-should render correct description from course prop" time="0.005">
    </testcase>
    <testcase classname="CourseCard component-should render correct duration (use getCourseDuration)" name="CourseCard component-should render correct duration (use getCourseDuration)" time="0.005">
    </testcase>
    <testcase classname="CourseCard component-should render correct date (use formatCreationDate)" name="CourseCard component-should render correct date (use formatCreationDate)" time="0.005">
    </testcase>
    <testcase classname="CourseCard component-should render authors list (match data from props course.authors and authorsList)" name="CourseCard component-should render authors list (match data from props course.authors and authorsList)" time="0.007">
    </testcase>
    <testcase classname="CourseCard component-should render &apos;SHOW COURSE&apos; button" name="CourseCard component-should render &apos;SHOW COURSE&apos; button" time="0.005">
    </testcase>
  </testsuite>
  <testsuite name="src\__tests__\module-4\Input.test.js" errors="0" failures="0" skipped="0" timestamp="2025-05-21T23:22:00" time="0.301" tests="3">
    <testcase classname="Input component-should render input with provided label text" name="Input component-should render input with provided label text" time="0.033">
    </testcase>
    <testcase classname="Input component-should render input with provided placeholder text" name="Input component-should render input with provided placeholder text" time="0.004">
    </testcase>
    <testcase classname="Input component-should call provided callback for onChange event" name="Input component-should call provided callback for onChange event" time="0.007">
    </testcase>
  </testsuite>
  <testsuite name="src\__tests__\module-2\Header.test.js" errors="0" failures="0" skipped="0" timestamp="2025-05-21T23:22:00" time="0.318" tests="3">
    <testcase classname="Header component-should render logo (&lt;img /&gt; tag)" name="Header component-should render logo (&lt;img /&gt; tag)" time="0.021">
    </testcase>
    <testcase classname="Header component-should not render logout button without &quot;token&quot; in localStorage" name="Header component-should not render logout button without &quot;token&quot; in localStorage" time="0.002">
    </testcase>
    <testcase classname="Header component-should immediately remove &quot;token&quot; from localStorage on &quot;LOGOUT&quot; button click" name="Header component-should immediately remove &quot;token&quot; from localStorage on &quot;LOGOUT&quot; button click" time="0.016">
    </testcase>
  </testsuite>
  <testsuite name="src\__tests__\module-4\Button.test.js" errors="0" failures="0" skipped="0" timestamp="2025-05-21T23:22:00" time="0.226" tests="2">
    <testcase classname="Button component-should render with provided &quot;buttonText&quot; prop value" name="Button component-should render with provided &quot;buttonText&quot; prop value" time="0.005">
    </testcase>
    <testcase classname="Button component-should call provided handleClick callback prop" name="Button component-should call provided handleClick callback prop" time="0.002">
    </testcase>
  </testsuite>
  <testsuite name="src\__tests__\module-2\Input.test.js" errors="0" failures="0" skipped="0" timestamp="2025-05-21T23:22:00" time="0.217" tests="3">
    <testcase classname="Input component-should render input with provided labelText prop value" name="Input component-should render input with provided labelText prop value" time="0.004">
    </testcase>
    <testcase classname="Input component-should render input with provided placeholderText prop value" name="Input component-should render input with provided placeholderText prop value" time="0.001">
    </testcase>
    <testcase classname="Input component-should call provided callback for onChange event" name="Input component-should call provided callback for onChange event" time="0.003">
    </testcase>
  </testsuite>
  <testsuite name="src\__tests__\module-3\Input.test.js" errors="0" failures="0" skipped="0" timestamp="2025-05-21T23:22:00" time="0.207" tests="3">
    <testcase classname="Input component-should render input with provided labelText prop value" name="Input component-should render input with provided labelText prop value" time="0.005">
    </testcase>
    <testcase classname="Input component-should render input with provided placeholderText prop value" name="Input component-should render input with provided placeholderText prop value" time="0.001">
    </testcase>
    <testcase classname="Input component-Should call provided callback for onChange event" name="Input component-Should call provided callback for onChange event" time="0.004">
    </testcase>
  </testsuite>
  <testsuite name="src\__tests__\module-2\services.test.js" errors="0" failures="0" skipped="0" timestamp="2025-05-21T23:22:00" time="0.175" tests="4">
    <testcase classname="services › createUser-should create new user on createUser (call fetch with path - &quot;http://localhost:4000/register&quot; method - &quot;POST&quot;, body - {name, password, email}, headers - &quot;Content-Type&quot;: &quot;application/json&quot;)" name="services › createUser-should create new user on createUser (call fetch with path - &quot;http://localhost:4000/register&quot; method - &quot;POST&quot;, body - {name, password, email}, headers - &quot;Content-Type&quot;: &quot;application/json&quot;)" time="0.001">
    </testcase>
    <testcase classname="services › createUser-should throw an error when the response is not successful (response.ok = false)" name="services › createUser-should throw an error when the response is not successful (response.ok = false)" time="0.004">
    </testcase>
    <testcase classname="services › login-should return user data on login (call fetch with path - &quot;http://localhost:4000/login&quot; method - &quot;POST&quot;, body - {name, password}, headers - &quot;Content-Type&quot;: &quot;application/json&quot;)" name="services › login-should return user data on login (call fetch with path - &quot;http://localhost:4000/login&quot; method - &quot;POST&quot;, body - {name, password}, headers - &quot;Content-Type&quot;: &quot;application/json&quot;)" time="0.001">
    </testcase>
    <testcase classname="services › login-should throw an error when the response is not successful (response.ok = false)" name="services › login-should throw an error when the response is not successful (response.ok = false)" time="0.001">
    </testcase>
  </testsuite>
  <testsuite name="src\__tests__\module-1\helpers.test.js" errors="0" failures="0" skipped="0" timestamp="2025-05-21T23:22:00" time="0.153" tests="2">
    <testcase classname="-formatCreationDate function returns formatted date" name="-formatCreationDate function returns formatted date" time="0.001">
    </testcase>
    <testcase classname="-getCourseDuration function returns formatted duration" name="-getCourseDuration function returns formatted duration" time="0.004">
    </testcase>
  </testsuite>
  <testsuite name="src\__tests__\module-3\helpers.test.js" errors="0" failures="0" skipped="0" timestamp="2025-05-21T23:22:00" time="0.142" tests="2">
    <testcase classname="-formatCreationDate function returns formatted date" name="-formatCreationDate function returns formatted date" time="0">
    </testcase>
    <testcase classname="-getCourseDuration function returns formatted duration" name="-getCourseDuration function returns formatted duration" time="0.001">
    </testcase>
  </testsuite>
  <testsuite name="src\__tests__\module-1\Button.test.js" errors="0" failures="0" skipped="0" timestamp="2025-05-21T23:22:00" time="0.206" tests="2">
    <testcase classname="Button component-should render with provided `buttonText` prop value" name="Button component-should render with provided `buttonText` prop value" time="0.004">
    </testcase>
    <testcase classname="Button component-should call provided handleClick callback prop" name="Button component-should call provided handleClick callback prop" time="0.002">
    </testcase>
  </testsuite>
  <testsuite name="src\__tests__\module-4\helpers.test.js" errors="0" failures="0" skipped="0" timestamp="2025-05-21T23:22:00" time="0.133" tests="2">
    <testcase classname="-formatCreationDate function returns formatted date" name="-formatCreationDate function returns formatted date" time="0.001">
    </testcase>
    <testcase classname="-getCourseDuration function returns formatted duration" name="-getCourseDuration function returns formatted duration" time="0">
    </testcase>
  </testsuite>
  <testsuite name="src\__tests__\module-2\helpers.test.js" errors="0" failures="0" skipped="0" timestamp="2025-05-21T23:22:00" time="0.137" tests="2">
    <testcase classname="-formatCreationDate function returns formatted date" name="-formatCreationDate function returns formatted date" time="0">
    </testcase>
    <testcase classname="-getCourseDuration function returns formatted duration" name="-getCourseDuration function returns formatted duration" time="0">
    </testcase>
  </testsuite>
</testsuites>